******************************************************************************
            TI ARM Clang Linker PC v4.0.4                      
******************************************************************************
>> Linked Fri May 29 22:23:07 2026

OUTPUT FILE NAME:   <05_MOTOR _backup2.out>
ENTRY POINT SYMBOL: "_c_int00_noargs"  address: 00005b69


MEMORY CONFIGURATION

         name            origin    length      used     unused   attr    fill
----------------------  --------  ---------  --------  --------  ----  --------
  FLASH                 00000000   00020000  00007770  00018890  R  X
  SRAM                  20200000   00008000  00000788  00007878  RW X
  BCR_CONFIG            41c00000   000000ff  00000000  000000ff  R   
  BSL_CONFIG            41c00100   00000080  00000000  00000080  R   


SEGMENT ALLOCATION MAP

run origin  load origin   length   init length attrs members
----------  ----------- ---------- ----------- ----- -------
00000000    00000000    00007770   00007770    r-x
  00000000    00000000    000000c0   000000c0    r-- .intvecs
  000000c0    000000c0    00005d00   00005d00    r-x .text
  00005dc0    00005dc0    00001970   00001970    r-- .rodata
  00007730    00007730    00000040   00000040    r-- .cinit
20200000    20200000    00000588   00000000    rw-
  20200000    20200000    0000053c   00000000    rw- .bss
  2020053c    2020053c    0000004c   00000000    rw- .data
20207e00    20207e00    00000200   00000000    rw-
  20207e00    20207e00    00000200   00000000    rw- .stack


SECTION ALLOCATION MAP

 output                                  attributes/
section   page    origin      length       input sections
--------  ----  ----------  ----------   ----------------
.intvecs   0    00000000    000000c0     
                  00000000    000000c0     startup_mspm0g350x_ticlang.o (.intvecs)

.text      0    000000c0    00005d00     
                  000000c0    000015f4     oled.o (.text.OLED_Init)
                  000016b4    00000a90     oled.o (.text.OLED_Clear)
                  00002144    000009d0     libc.a : _printfi.c.obj (.text:__TI_printfi)
                  00002b14    00000564     oled.o (.text.OLED_ShowStatusAndSpeeds)
                  00003078    000002a8     ti_msp_dl_config.o (.text.SYSCFG_DL_SYSCTL_SYSPLL_init)
                  00003320    00000260     oled.o (.text.OLED_ShowString)
                  00003580    00000250     oled.o (.text.OLED_Refresh)
                  000037d0    00000220     libc.a : _printfi.c.obj (.text._pconv_a)
                  000039f0    000001dc            : _printfi.c.obj (.text._pconv_g)
                  00003bcc    000001c4     oled.o (.text.OLED_DisplayTurn)
                  00003d90    000001b0     motor.o (.text.TIMA0_IRQHandler)
                  00003f40    00000192     libclang_rt.builtins.a : adddf3.S.obj (.text.adddf3_subdf3)
                  000040d2    00000002     startup_mspm0g350x_ticlang.o (.text.Default_Handler)
                  000040d4    0000013c     libc.a : _printfi.c.obj (.text.fcvt)
                  00004210    00000130     ti_msp_dl_config.o (.text.SYSCFG_DL_GPIO_init)
                  00004340    00000120     libc.a : _printfi.c.obj (.text._pconv_e)
                  00004460    00000114     main.o (.text.main)
                  00004574    0000010c     libclang_rt.builtins.a : divdf3.S.obj (.text.__divdf3)
                  00004680    00000104     driverlib.a : dl_timer.o (.text.DL_Timer_initFourCCPWMMode)
                  00004784    000000fc                 : dl_timer.o (.text.DL_Timer_initTimerMode)
                  00004880    000000fc     oled.o (.text.OLED_ColorTurn)
                  0000497c    000000e4     libclang_rt.builtins.a : muldf3.S.obj (.text.__muldf3)
                  00004a60    000000dc     driverlib.a : dl_sysctl_mspm0g1x0x_g3x0x.o (.text.DL_SYSCTL_configSYSPLL)
                  00004b3c    000000d8     libc.a : s_scalbn.c.obj (.text.scalbn)
                  00004c14    000000d8     libclang_rt.builtins.a : addsf3.S.obj (.text)
                  00004cec    000000b0     ti_msp_dl_config.o (.text.SYSCFG_DL_SYSCTL_init)
                  00004d9c    000000a2     libclang_rt.builtins.a : udivmoddi4.S.obj (.text)
                  00004e3e    0000009a     libc.a : memcpy16.S.obj (.text:memcpy)
                  00004ed8    0000008c     ti_msp_dl_config.o (.text.SYSCFG_DL_PWMAB_init)
                  00004f64    0000008c     libclang_rt.builtins.a : mulsf3.S.obj (.text.__mulsf3)
                  00004ff0    0000007c     motor.o (.text.motor_set_direction)
                  0000506c    0000007c     libc.a : copy_decompress_lzss.c.obj (.text:decompress:lzss)
                  000050e8    00000074     libclang_rt.builtins.a : comparedf2.c.obj (.text.__gedf2)
                  0000515c    00000004     libsysbm.a : hostexit.c.obj (.text.HOSTexit)
                  00005160    00000074     libclang_rt.builtins.a : truncdfsf2.S.obj (.text.__truncdfsf2)
                  000051d4    0000006c     tracker.o (.text.tracker_get_value)
                  00005240    00000068     libclang_rt.builtins.a : comparedf2.c.obj (.text.__ledf2)
                  000052a8    00000066     libc.a : _printfi.c.obj (.text._mcpy)
                  0000530e    00000002     libclang_rt.builtins.a : aeabi_div0.c.obj (.text.__aeabi_idiv0)
                  00005310    00000064     driverlib.a : dl_sysctl_mspm0g1x0x_g3x0x.o (.text.DL_SYSCTL_setHFCLKSourceHFXTParams)
                  00005374    00000064     key.o (.text.GROUP1_IRQHandler)
                  000053d8    00000062     libclang_rt.builtins.a : aeabi_dcmp.S.obj (.text.__aeabi_dcmp)
                  0000543a    00000062     libc.a : memset16.S.obj (.text:memset)
                  0000549c    00000060     ti_msp_dl_config.o (.text.SYSCFG_DL_OLED_init)
                  000054fc    00000060     motor.o (.text.motor_init)
                  0000555c    0000005e     driverlib.a : dl_i2c.o (.text.DL_I2C_fillControllerTXFIFO)
                  000055ba    00000002     libclang_rt.builtins.a : aeabi_div0.c.obj (.text.__aeabi_ldiv0)
                  000055bc    0000005c     libc.a : s_frexp.c.obj (.text.frexp)
                  00005618    00000058            : _ltoa.c.obj (.text.__TI_ltoa)
                  00005670    00000058            : _printfi.c.obj (.text._pconv_f)
                  000056c8    00000056     libclang_rt.builtins.a : aeabi_idivmod.S.obj (.text.__aeabi_idivmod)
                  0000571e    00000052     libc.a : _printfi.c.obj (.text._ecpy)
                  00005770    0000004c            : snprintf.c.obj (.text.snprintf)
                  000057bc    0000004a     libclang_rt.builtins.a : fixdfsi.S.obj (.text.__fixdfsi)
                  00005806    00000002     --HOLE-- [fill = 0]
                  00005808    00000048     ti_msp_dl_config.o (.text.SYSCFG_DL_initPower)
                  00005850    00000044     driverlib.a : dl_sysctl_mspm0g1x0x_g3x0x.o (.text.DL_SYSCTL_switchMCLKfromSYSOSCtoHSCLK)
                  00005894    00000040     libclang_rt.builtins.a : aeabi_uidivmod.S.obj (.text.__aeabi_uidivmod)
                  000058d4    00000040                            : extendsfdf2.S.obj (.text.__extendsfdf2)
                  00005914    00000040     libc.a : atoi.c.obj (.text.atoi)
                  00005954    0000003c     ti_msp_dl_config.o (.text.SYSCFG_DL_MOTOR_PID_init)
                  00005990    0000003c     libclang_rt.builtins.a : floatsisf.S.obj (.text.__floatsisf)
                  000059cc    0000003c     libc.a : autoinit.c.obj (.text:__TI_auto_init_nobinit_nopinit)
                  00005a08    0000003a     libclang_rt.builtins.a : muldsi3.S.obj (.text.__muldsi3)
                  00005a42    00000002     --HOLE-- [fill = 0]
                  00005a44    00000038                            : fixsfsi.S.obj (.text.__fixsfsi)
                  00005a7c    00000038     libc.a : sprintf.c.obj (.text.sprintf)
                  00005ab4    00000030            : _printfi.c.obj (.text._fcpy)
                  00005ae4    00000030            : snprintf.c.obj (.text._outs)
                  00005b14    0000002c     libclang_rt.builtins.a : floatsidf.S.obj (.text.__floatsidf)
                  00005b40    00000028     ti_msp_dl_config.o (.text.SYSCFG_DL_init)
                  00005b68    00000028     libc.a : boot_cortex_m.c.obj (.text:_c_int00_noargs)
                  00005b90    00000026     driverlib.a : dl_i2c.o (.text.DL_I2C_setClockConfig)
                  00005bb6    00000002     --HOLE-- [fill = 0]
                  00005bb8    00000024     libclang_rt.builtins.a : muldi3.S.obj (.text.__muldi3)
                  00005bdc    00000022     libc.a : memccpy.c.obj (.text.memccpy)
                  00005bfe    00000002     --HOLE-- [fill = 0]
                  00005c00    0000001e     libclang_rt.builtins.a : ashldi3.S.obj (.text.__ashldi3)
                  00005c1e    00000002     --HOLE-- [fill = 0]
                  00005c20    0000001c     driverlib.a : dl_sysctl_mspm0g1x0x_g3x0x.o (.text.DL_SYSCTL_configFCC)
                  00005c3c    0000001c                 : dl_timer.o (.text.DL_Timer_setCaptCompUpdateMethod)
                  00005c58    0000001c                 : dl_timer.o (.text.DL_Timer_setClockConfig)
                  00005c74    00000018                 : dl_timer.o (.text.DL_Timer_setCaptureCompareOutCtl)
                  00005c8c    00000018     libc.a : snprintf.c.obj (.text._outc)
                  00005ca4    00000018            : sprintf.c.obj (.text._outs)
                  00005cbc    00000014     libclang_rt.builtins.a : aeabi_uldivmod.S.obj (.text.__aeabi_uldivmod)
                  00005cd0    00000014     libc.a : _printfi.c.obj (.text.strchr)
                  00005ce4    00000012            : copy_decompress_none.c.obj (.text:decompress:none)
                  00005cf6    00000002     --HOLE-- [fill = 0]
                  00005cf8    00000010     driverlib.a : dl_timer.o (.text.DL_Timer_setCaptureCompareValue)
                  00005d08    00000010     delay.o (.text.delay_ms)
                  00005d18    00000010     libc.a : wcslen.c.obj (.text.wcslen)
                  00005d28    00000010            : copy_zero_init.c.obj (.text:decompress:ZI)
                  00005d38    0000000e     libclang_rt.builtins.a : aeabi_memset.S.obj (.text.__aeabi_memset)
                  00005d46    0000000e     libc.a : _printfi.c.obj (.text.strlen)
                  00005d54    0000000c     libclang_rt.builtins.a : aeabi_memset.S.obj (.text.__aeabi_memclr)
                  00005d60    0000000a     driverlib.a : dl_common.o (.text.DL_Common_delayCycles)
                  00005d6a    0000000a     libc.a : _printfi.c.obj (.text.OUTLINED_FUNCTION_0)
                  00005d74    00000010     libclang_rt.builtins.a : adddf3.S.obj (.tramp.__aeabi_dsub.1)
                  00005d84    0000000a     libc.a : _printfi.c.obj (.text.OUTLINED_FUNCTION_1)
                  00005d8e    0000000a            : sprintf.c.obj (.text._outc)
                  00005d98    00000008            : aeabi_portable.c.obj (.text.__aeabi_errno_addr)
                  00005da0    00000008     libclang_rt.builtins.a : aeabi_memcpy.S.obj (.text.__aeabi_memcpy)
                  00005da8    00000006     libc.a : exit.c.obj (.text:abort)
                  00005dae    00000004     startup_mspm0g350x_ticlang.o (.text.Reset_Handler)
                  00005db2    00000004     libc.a : pre_init.c.obj (.text._system_pre_init)
                  00005db6    0000000a     --HOLE-- [fill = 0]

.cinit     0    00007730    00000040     
                  00007730    00000016     (.cinit..data.load) [load image, compression = lzss]
                  00007746    00000002     --HOLE-- [fill = 0]
                  00007748    0000000c     (__TI_handler_table)
                  00007754    00000008     (.cinit..bss.load) [load image, compression = zero_init]
                  0000775c    00000010     (__TI_cinit_table)
                  0000776c    00000004     --HOLE-- [fill = 0]

.rodata    0    00005dc0    00001970     
                  00005dc0    00000d5c     oled.o (.rodata.asc2_2412)
                  00006b1c    000005f0     oled.o (.rodata.asc2_1608)
                  0000710c    00000474     oled.o (.rodata.asc2_1206)
                  00007580    00000101     libc.a : aeabi_ctype.S.obj (.rodata:__aeabi_ctype_table_)
                  00007681    00000003     ti_msp_dl_config.o (.rodata.gMOTOR_PIDClockConfig)
                  00007684    00000028     ti_msp_dl_config.o (.rodata.gSYSPLLConfig)
                  000076ac    00000014     ti_msp_dl_config.o (.rodata.gMOTOR_PIDTimerConfig)
                  000076c0    00000011     libc.a : _printfi.c.obj (.rodata.str1.10348868589481759720.1)
                  000076d1    00000011            : _printfi.c.obj (.rodata.str1.15363888844622738466.1)
                  000076e2    00000010     main.o (.rodata.str1.15159059442110792349.1)
                  000076f2    0000000e     oled.o (.rodata.str1.11378841450994995266.1)
                  00007700    0000000e     oled.o (.rodata.str1.525651829783989558.1)
                  0000770e    0000000b     oled.o (.rodata.str1.10612175213412870912.1)
                  00007719    00000003     ti_msp_dl_config.o (.rodata.gPWMABClockConfig)
                  0000771c    00000008     ti_msp_dl_config.o (.rodata.gPWMABConfig)
                  00007724    00000002     ti_msp_dl_config.o (.rodata.gOLEDClockConfig)
                  00007726    0000000a     --HOLE-- [fill = 0]

.init_array 
*          0    00000000    00000000     UNINITIALIZED

.binit     0    00000000    00000000     

.bss       0    20200000    0000053c     UNINITIALIZED
                  20200000    00000480     (.common:OLED_GRAM)
                  20200480    000000bc     (.common:gMOTOR_PIDBackup)

.data      0    2020053c    0000004c     UNINITIALIZED
                  2020053c    00000007     tracker.o (.data.tracker_value)
                  20200543    00000001     --HOLE--
                  20200544    00000004     motor.o (.data.Ki1)
                  20200548    00000004     motor.o (.data.Ki2)
                  2020054c    00000004     motor.o (.data.Kp1)
                  20200550    00000004     motor.o (.data.Kp2)
                  20200554    00000004     libc.a : aeabi_portable.c.obj (.data.__aeabi_errno)
                  20200558    00000004     motor.o (.data.current_error_1)
                  2020055c    00000004     motor.o (.data.current_error_2)
                  20200560    00000004     main.o (.data.encoder_motor1)
                  20200564    00000004     main.o (.data.encoder_motor2)
                  20200568    00000004     motor.o (.data.last_error_1)
                  2020056c    00000004     motor.o (.data.last_error_2)
                  20200570    00000004     motor.o (.data.speed_1)
                  20200574    00000004     motor.o (.data.speed_2)
                  20200578    00000004     main.o (.data.status)
                  2020057c    00000004     main.o (.data.target_speed_1)
                  20200580    00000004     main.o (.data.target_speed_2)
                  20200584    00000002     motor.o (.data.PWM_1_duty)
                  20200586    00000002     motor.o (.data.PWM_2_duty)

.stack     0    20207e00    00000200     UNINITIALIZED
                  20207e00    00000004     libc.a : boot_cortex_m.c.obj (.stack)
                  20207e04    000001fc     --HOLE--

__llvm_prf_cnts 
*          0    20200000    00000000     UNINITIALIZED

__llvm_prf_bits 
*          0    20200000    00000000     UNINITIALIZED

MODULE SUMMARY

       Module                         code    ro data   rw data
       ------                         ----    -------   -------
    .\
       ti_msp_dl_config.o             1568    76        188    
       main.o                         276     16        20     
       startup_mspm0g350x_ticlang.o   6       192       0      
    +--+------------------------------+-------+---------+---------+
       Total:                         1850    284       208    
                                                               
    .\user_driver\
       oled.o                         11608   6119      1152   
       motor.o                        652     0         44     
       tracker.o                      108     0         7      
       key.o                          100     0         0      
       delay.o                        16      0         0      
    +--+------------------------------+-------+---------+---------+
       Total:                         12484   6119      1203   
                                                               
    C:/TI/mspm0_sdk_2_10_00_04/source/ti/driverlib/lib/ticlang/m0p/mspm0g1x0x_g3x0x/driverlib.a
       dl_timer.o                     608     0         0      
       dl_sysctl_mspm0g1x0x_g3x0x.o   416     0         0      
       dl_i2c.o                       132     0         0      
       dl_common.o                    10      0         0      
    +--+------------------------------+-------+---------+---------+
       Total:                         1166    0         0      
                                                               
    D:\ti\ccs2050\ccs\tools\compiler\ti-cgt-armllvm_4.0.4.LTS\lib\armv6m-ti-none-eabi/c/libc.a
       _printfi.c.obj                 4510    34        0      
       aeabi_ctype.S.obj              0       257       0      
       s_scalbn.c.obj                 216     0         0      
       memcpy16.S.obj                 154     0         0      
       snprintf.c.obj                 148     0         0      
       copy_decompress_lzss.c.obj     124     0         0      
       memset16.S.obj                 98      0         0      
       s_frexp.c.obj                  92      0         0      
       sprintf.c.obj                  90      0         0      
       _ltoa.c.obj                    88      0         0      
       atoi.c.obj                     64      0         0      
       autoinit.c.obj                 60      0         0      
       boot_cortex_m.c.obj            40      0         0      
       memccpy.c.obj                  34      0         0      
       copy_decompress_none.c.obj     18      0         0      
       copy_zero_init.c.obj           16      0         0      
       wcslen.c.obj                   16      0         0      
       aeabi_portable.c.obj           8       0         4      
       exit.c.obj                     6       0         0      
       pre_init.c.obj                 4       0         0      
    +--+------------------------------+-------+---------+---------+
       Total:                         5786    291       4      
                                                               
    D:\ti\ccs2050\ccs\tools\compiler\ti-cgt-armllvm_4.0.4.LTS\lib\armv6m-ti-none-eabi/c/libsysbm.a
       hostexit.c.obj                 4       0         0      
    +--+------------------------------+-------+---------+---------+
       Total:                         4       0         0      
                                                               
    D:\ti\ccs2050\ccs\tools\compiler\ti-cgt-armllvm_4.0.4.LTS\lib\armv6m-ti-none-eabi/libclang_rt.builtins.a
       adddf3.S.obj                   418     0         0      
       divdf3.S.obj                   268     0         0      
       muldf3.S.obj                   228     0         0      
       comparedf2.c.obj               220     0         0      
       addsf3.S.obj                   216     0         0      
       udivmoddi4.S.obj               162     0         0      
       mulsf3.S.obj                   140     0         0      
       truncdfsf2.S.obj               116     0         0      
       aeabi_dcmp.S.obj               98      0         0      
       aeabi_idivmod.S.obj            86      0         0      
       fixdfsi.S.obj                  74      0         0      
       aeabi_uidivmod.S.obj           64      0         0      
       extendsfdf2.S.obj              64      0         0      
       floatsisf.S.obj                60      0         0      
       muldsi3.S.obj                  58      0         0      
       fixsfsi.S.obj                  56      0         0      
       floatsidf.S.obj                44      0         0      
       muldi3.S.obj                   36      0         0      
       ashldi3.S.obj                  30      0         0      
       aeabi_memset.S.obj             26      0         0      
       aeabi_uldivmod.S.obj           20      0         0      
       aeabi_memcpy.S.obj             8       0         0      
       aeabi_div0.c.obj               4       0         0      
    +--+------------------------------+-------+---------+---------+
       Total:                         2496    0         0      
                                                               
       Stack:                         0       0         512    
       Linker Generated:              0       58        0      
    +--+------------------------------+-------+---------+---------+
       Grand Total:                   23786   6752      1927   


LINKER GENERATED COPY TABLES

__TI_cinit_table @ 0000775c records: 2, size/record: 8, table size: 16
	.data: load addr=00007730, load size=00000016 bytes, run addr=2020053c, run size=0000004c bytes, compression=lzss
	.bss: load addr=00007754, load size=00000008 bytes, run addr=20200000, run size=0000053c bytes, compression=zero_init


LINKER GENERATED HANDLER TABLE

__TI_handler_table @ 00007748 records: 3, size/record: 4, table size: 12
	index: 0, handler: __TI_decompress_lzss
	index: 1, handler: __TI_decompress_none
	index: 2, handler: __TI_zero_init


FAR CALL TRAMPOLINES

callee name               trampoline name
   callee addr  tramp addr   call addr  call info
--------------  -----------  ---------  ----------------
__aeabi_dsub              $Tramp$TT$L$PI$$__aeabi_dsub
   00003f41     00005d74     00005d72   libc.a : _printfi.c.obj (.text.OUTLINED_FUNCTION_0)

[1 trampolines]
[1 trampoline calls]


GLOBAL SYMBOLS: SORTED ALPHABETICALLY BY Name 

address   name                                 
-------   ----                                 
000040d3  ADC0_IRQHandler                      
000040d3  ADC1_IRQHandler                      
000040d3  AES_IRQHandler                       
0000515c  C$$EXIT                              
000040d3  CANFD0_IRQHandler                    
000040d3  DAC0_IRQHandler                      
00005d61  DL_Common_delayCycles                
0000555d  DL_I2C_fillControllerTXFIFO          
00005b91  DL_I2C_setClockConfig                
00005c21  DL_SYSCTL_configFCC                  
00004a61  DL_SYSCTL_configSYSPLL               
00005311  DL_SYSCTL_setHFCLKSourceHFXTParams   
00005851  DL_SYSCTL_switchMCLKfromSYSOSCtoHSCLK
00004681  DL_Timer_initFourCCPWMMode           
00004785  DL_Timer_initTimerMode               
00005c3d  DL_Timer_setCaptCompUpdateMethod     
00005c75  DL_Timer_setCaptureCompareOutCtl     
00005cf9  DL_Timer_setCaptureCompareValue      
00005c59  DL_Timer_setClockConfig              
000040d3  DMA_IRQHandler                       
000040d3  Default_Handler                      
000040d3  GROUP0_IRQHandler                    
00005375  GROUP1_IRQHandler                    
0000515d  HOSTexit                             
000040d3  HardFault_Handler                    
000040d3  I2C0_IRQHandler                      
000040d3  I2C1_IRQHandler                      
20200544  Ki1                                  
20200548  Ki2                                  
2020054c  Kp1                                  
20200550  Kp2                                  
000040d3  NMI_Handler                          
000016b5  OLED_Clear                           
00004881  OLED_ColorTurn                       
00003bcd  OLED_DisplayTurn                     
20200000  OLED_GRAM                            
000000c1  OLED_Init                            
00003581  OLED_Refresh                         
00002b15  OLED_ShowStatusAndSpeeds             
00003321  OLED_ShowString                      
20200584  PWM_1_duty                           
20200586  PWM_2_duty                           
000040d3  PendSV_Handler                       
000040d3  RTC_IRQHandler                       
00005daf  Reset_Handler                        
000040d3  SPI0_IRQHandler                      
000040d3  SPI1_IRQHandler                      
000040d3  SVC_Handler                          
00004211  SYSCFG_DL_GPIO_init                  
00005955  SYSCFG_DL_MOTOR_PID_init             
0000549d  SYSCFG_DL_OLED_init                  
00004ed9  SYSCFG_DL_PWMAB_init                 
00003079  SYSCFG_DL_SYSCTL_SYSPLL_init         
00004ced  SYSCFG_DL_SYSCTL_init                
00005b41  SYSCFG_DL_init                       
00005809  SYSCFG_DL_initPower                  
000040d3  SysTick_Handler                      
00003d91  TIMA0_IRQHandler                     
000040d3  TIMA1_IRQHandler                     
000040d3  TIMG0_IRQHandler                     
000040d3  TIMG12_IRQHandler                    
000040d3  TIMG6_IRQHandler                     
000040d3  TIMG7_IRQHandler                     
000040d3  TIMG8_IRQHandler                     
000040d3  UART0_IRQHandler                     
000040d3  UART1_IRQHandler                     
000040d3  UART2_IRQHandler                     
000040d3  UART3_IRQHandler                     
20208000  __STACK_END                          
00000200  __STACK_SIZE                         
00000000  __TI_ATRegion0_region_sz             
00000000  __TI_ATRegion0_src_addr              
00000000  __TI_ATRegion0_trg_addr              
00000000  __TI_ATRegion1_region_sz             
00000000  __TI_ATRegion1_src_addr              
00000000  __TI_ATRegion1_trg_addr              
00000000  __TI_ATRegion2_region_sz             
00000000  __TI_ATRegion2_src_addr              
00000000  __TI_ATRegion2_trg_addr              
0000775c  __TI_CINIT_Base                      
0000776c  __TI_CINIT_Limit                     
0000776c  __TI_CINIT_Warm                      
00007748  __TI_Handler_Table_Base              
00007754  __TI_Handler_Table_Limit             
000059cd  __TI_auto_init_nobinit_nopinit       
0000506d  __TI_decompress_lzss                 
00005ce5  __TI_decompress_none                 
00005619  __TI_ltoa                            
ffffffff  __TI_pprof_out_hndl                  
00002145  __TI_printfi                         
ffffffff  __TI_prof_data_size                  
ffffffff  __TI_prof_data_start                 
00000000  __TI_static_base__                   
00005d29  __TI_zero_init                       
00003f4b  __adddf3                             
00004c1f  __addsf3                             
00007580  __aeabi_ctype_table_                 
00007580  __aeabi_ctype_table_C                
00005161  __aeabi_d2f                          
000057bd  __aeabi_d2iz                         
00003f4b  __aeabi_dadd                         
000053d9  __aeabi_dcmpeq                       
00005415  __aeabi_dcmpge                       
00005429  __aeabi_dcmpgt                       
00005401  __aeabi_dcmple                       
000053ed  __aeabi_dcmplt                       
00004575  __aeabi_ddiv                         
0000497d  __aeabi_dmul                         
00003f41  __aeabi_dsub                         
20200554  __aeabi_errno                        
00005d99  __aeabi_errno_addr                   
000058d5  __aeabi_f2d                          
00005a45  __aeabi_f2iz                         
00004c1f  __aeabi_fadd                         
00004f65  __aeabi_fmul                         
00004c15  __aeabi_fsub                         
00005b15  __aeabi_i2d                          
00005991  __aeabi_i2f                          
000056c9  __aeabi_idiv                         
0000530f  __aeabi_idiv0                        
000056c9  __aeabi_idivmod                      
000055bb  __aeabi_ldiv0                        
00005c01  __aeabi_llsl                         
00005bb9  __aeabi_lmul                         
00005d55  __aeabi_memclr                       
00005d55  __aeabi_memclr4                      
00005d55  __aeabi_memclr8                      
00005da1  __aeabi_memcpy                       
00005da1  __aeabi_memcpy4                      
00005da1  __aeabi_memcpy8                      
00005d39  __aeabi_memset                       
00005d39  __aeabi_memset4                      
00005d39  __aeabi_memset8                      
00005895  __aeabi_uidiv                        
00005895  __aeabi_uidivmod                     
00005cbd  __aeabi_uldivmod                     
00005c01  __ashldi3                            
ffffffff  __binit__                            
00005241  __cmpdf2                             
00004575  __divdf3                             
00005241  __eqdf2                              
000058d5  __extendsfdf2                        
000057bd  __fixdfsi                            
00005a45  __fixsfsi                            
00005b15  __floatsidf                          
00005991  __floatsisf                          
000050e9  __gedf2                              
000050e9  __gtdf2                              
00005241  __ledf2                              
00005241  __ltdf2                              
UNDEFED   __mpu_init                           
0000497d  __muldf3                             
00005bb9  __muldi3                             
00005a09  __muldsi3                            
00004f65  __mulsf3                             
00005241  __nedf2                              
20207e00  __stack                              
20200000  __start___llvm_prf_bits              
20200000  __start___llvm_prf_cnts              
20200000  __stop___llvm_prf_bits               
20200000  __stop___llvm_prf_cnts               
00003f41  __subdf3                             
00004c15  __subsf3                             
00005161  __truncdfsf2                         
00004d9d  __udivmoddi4                         
00005b69  _c_int00_noargs                      
UNDEFED   _system_post_cinit                   
00005db3  _system_pre_init                     
00005da9  abort                                
0000710c  asc2_1206                            
00006b1c  asc2_1608                            
00005dc0  asc2_2412                            
00005915  atoi                                 
ffffffff  binit                                
20200558  current_error_1                      
2020055c  current_error_2                      
00005d09  delay_ms                             
20200560  encoder_motor1                       
20200564  encoder_motor2                       
000055bd  frexp                                
000055bd  frexpl                               
20200480  gMOTOR_PIDBackup                     
00000000  interruptVectors                     
20200568  last_error_1                         
2020056c  last_error_2                         
00004b3d  ldexp                                
00004b3d  ldexpl                               
00004461  main                                 
00005bdd  memccpy                              
00004e3f  memcpy                               
0000543b  memset                               
000054fd  motor_init                           
00004ff1  motor_set_direction                  
00004b3d  scalbn                               
00004b3d  scalbnl                              
00005771  snprintf                             
20200570  speed_1                              
20200574  speed_2                              
00005a7d  sprintf                              
20200578  status                               
2020057c  target_speed_1                       
20200580  target_speed_2                       
000051d5  tracker_get_value                    
2020053c  tracker_value                        
00005d19  wcslen                               


GLOBAL SYMBOLS: SORTED BY Symbol Address 

address   name                                 
-------   ----                                 
00000000  __TI_ATRegion0_region_sz             
00000000  __TI_ATRegion0_src_addr              
00000000  __TI_ATRegion0_trg_addr              
00000000  __TI_ATRegion1_region_sz             
00000000  __TI_ATRegion1_src_addr              
00000000  __TI_ATRegion1_trg_addr              
00000000  __TI_ATRegion2_region_sz             
00000000  __TI_ATRegion2_src_addr              
00000000  __TI_ATRegion2_trg_addr              
00000000  __TI_static_base__                   
00000000  interruptVectors                     
000000c1  OLED_Init                            
00000200  __STACK_SIZE                         
000016b5  OLED_Clear                           
00002145  __TI_printfi                         
00002b15  OLED_ShowStatusAndSpeeds             
00003079  SYSCFG_DL_SYSCTL_SYSPLL_init         
00003321  OLED_ShowString                      
00003581  OLED_Refresh                         
00003bcd  OLED_DisplayTurn                     
00003d91  TIMA0_IRQHandler                     
00003f41  __aeabi_dsub                         
00003f41  __subdf3                             
00003f4b  __adddf3                             
00003f4b  __aeabi_dadd                         
000040d3  ADC0_IRQHandler                      
000040d3  ADC1_IRQHandler                      
000040d3  AES_IRQHandler                       
000040d3  CANFD0_IRQHandler                    
000040d3  DAC0_IRQHandler                      
000040d3  DMA_IRQHandler                       
000040d3  Default_Handler                      
000040d3  GROUP0_IRQHandler                    
000040d3  HardFault_Handler                    
000040d3  I2C0_IRQHandler                      
000040d3  I2C1_IRQHandler                      
000040d3  NMI_Handler                          
000040d3  PendSV_Handler                       
000040d3  RTC_IRQHandler                       
000040d3  SPI0_IRQHandler                      
000040d3  SPI1_IRQHandler                      
000040d3  SVC_Handler                          
000040d3  SysTick_Handler                      
000040d3  TIMA1_IRQHandler                     
000040d3  TIMG0_IRQHandler                     
000040d3  TIMG12_IRQHandler                    
000040d3  TIMG6_IRQHandler                     
000040d3  TIMG7_IRQHandler                     
000040d3  TIMG8_IRQHandler                     
000040d3  UART0_IRQHandler                     
000040d3  UART1_IRQHandler                     
000040d3  UART2_IRQHandler                     
000040d3  UART3_IRQHandler                     
00004211  SYSCFG_DL_GPIO_init                  
00004461  main                                 
00004575  __aeabi_ddiv                         
00004575  __divdf3                             
00004681  DL_Timer_initFourCCPWMMode           
00004785  DL_Timer_initTimerMode               
00004881  OLED_ColorTurn                       
0000497d  __aeabi_dmul                         
0000497d  __muldf3                             
00004a61  DL_SYSCTL_configSYSPLL               
00004b3d  ldexp                                
00004b3d  ldexpl                               
00004b3d  scalbn                               
00004b3d  scalbnl                              
00004c15  __aeabi_fsub                         
00004c15  __subsf3                             
00004c1f  __addsf3                             
00004c1f  __aeabi_fadd                         
00004ced  SYSCFG_DL_SYSCTL_init                
00004d9d  __udivmoddi4                         
00004e3f  memcpy                               
00004ed9  SYSCFG_DL_PWMAB_init                 
00004f65  __aeabi_fmul                         
00004f65  __mulsf3                             
00004ff1  motor_set_direction                  
0000506d  __TI_decompress_lzss                 
000050e9  __gedf2                              
000050e9  __gtdf2                              
0000515c  C$$EXIT                              
0000515d  HOSTexit                             
00005161  __aeabi_d2f                          
00005161  __truncdfsf2                         
000051d5  tracker_get_value                    
00005241  __cmpdf2                             
00005241  __eqdf2                              
00005241  __ledf2                              
00005241  __ltdf2                              
00005241  __nedf2                              
0000530f  __aeabi_idiv0                        
00005311  DL_SYSCTL_setHFCLKSourceHFXTParams   
00005375  GROUP1_IRQHandler                    
000053d9  __aeabi_dcmpeq                       
000053ed  __aeabi_dcmplt                       
00005401  __aeabi_dcmple                       
00005415  __aeabi_dcmpge                       
00005429  __aeabi_dcmpgt                       
0000543b  memset                               
0000549d  SYSCFG_DL_OLED_init                  
000054fd  motor_init                           
0000555d  DL_I2C_fillControllerTXFIFO          
000055bb  __aeabi_ldiv0                        
000055bd  frexp                                
000055bd  frexpl                               
00005619  __TI_ltoa                            
000056c9  __aeabi_idiv                         
000056c9  __aeabi_idivmod                      
00005771  snprintf                             
000057bd  __aeabi_d2iz                         
000057bd  __fixdfsi                            
00005809  SYSCFG_DL_initPower                  
00005851  DL_SYSCTL_switchMCLKfromSYSOSCtoHSCLK
00005895  __aeabi_uidiv                        
00005895  __aeabi_uidivmod                     
000058d5  __aeabi_f2d                          
000058d5  __extendsfdf2                        
00005915  atoi                                 
00005955  SYSCFG_DL_MOTOR_PID_init             
00005991  __aeabi_i2f                          
00005991  __floatsisf                          
000059cd  __TI_auto_init_nobinit_nopinit       
00005a09  __muldsi3                            
00005a45  __aeabi_f2iz                         
00005a45  __fixsfsi                            
00005a7d  sprintf                              
00005b15  __aeabi_i2d                          
00005b15  __floatsidf                          
00005b41  SYSCFG_DL_init                       
00005b69  _c_int00_noargs                      
00005b91  DL_I2C_setClockConfig                
00005bb9  __aeabi_lmul                         
00005bb9  __muldi3                             
00005bdd  memccpy                              
00005c01  __aeabi_llsl                         
00005c01  __ashldi3                            
00005c21  DL_SYSCTL_configFCC                  
00005c3d  DL_Timer_setCaptCompUpdateMethod     
00005c59  DL_Timer_setClockConfig              
00005c75  DL_Timer_setCaptureCompareOutCtl     
00005cbd  __aeabi_uldivmod                     
00005ce5  __TI_decompress_none                 
00005cf9  DL_Timer_setCaptureCompareValue      
00005d09  delay_ms                             
00005d19  wcslen                               
00005d29  __TI_zero_init                       
00005d39  __aeabi_memset                       
00005d39  __aeabi_memset4                      
00005d39  __aeabi_memset8                      
00005d55  __aeabi_memclr                       
00005d55  __aeabi_memclr4                      
00005d55  __aeabi_memclr8                      
00005d61  DL_Common_delayCycles                
00005d99  __aeabi_errno_addr                   
00005da1  __aeabi_memcpy                       
00005da1  __aeabi_memcpy4                      
00005da1  __aeabi_memcpy8                      
00005da9  abort                                
00005daf  Reset_Handler                        
00005db3  _system_pre_init                     
00005dc0  asc2_2412                            
00006b1c  asc2_1608                            
0000710c  asc2_1206                            
00007580  __aeabi_ctype_table_                 
00007580  __aeabi_ctype_table_C                
00007748  __TI_Handler_Table_Base              
00007754  __TI_Handler_Table_Limit             
0000775c  __TI_CINIT_Base                      
0000776c  __TI_CINIT_Limit                     
0000776c  __TI_CINIT_Warm                      
20200000  OLED_GRAM                            
20200000  __start___llvm_prf_bits              
20200000  __start___llvm_prf_cnts              
20200000  __stop___llvm_prf_bits               
20200000  __stop___llvm_prf_cnts               
20200480  gMOTOR_PIDBackup                     
2020053c  tracker_value                        
20200544  Ki1                                  
20200548  Ki2                                  
2020054c  Kp1                                  
20200550  Kp2                                  
20200554  __aeabi_errno                        
20200558  current_error_1                      
2020055c  current_error_2                      
20200560  encoder_motor1                       
20200564  encoder_motor2                       
20200568  last_error_1                         
2020056c  last_error_2                         
20200570  speed_1                              
20200574  speed_2                              
20200578  status                               
2020057c  target_speed_1                       
20200580  target_speed_2                       
20200584  PWM_1_duty                           
20200586  PWM_2_duty                           
20207e00  __stack                              
20208000  __STACK_END                          
ffffffff  __TI_pprof_out_hndl                  
ffffffff  __TI_prof_data_size                  
ffffffff  __TI_prof_data_start                 
ffffffff  __binit__                            
ffffffff  binit                                
UNDEFED   __mpu_init                           
UNDEFED   _system_post_cinit                   

[205 symbols]
