<?xml version="1.0" encoding="ISO-8859-1" ?>
<link_info>
   <banner>TI ARM Clang Linker PC v4.0.4.LTS</banner>
   <copyright>Copyright (c) 1996-2018 Texas Instruments Incorporated</copyright>
   <command_line>D:\ti\ccs2050\ccs\tools\compiler\ti-cgt-armllvm_4.0.4.LTS\bin\tiarmlnk -ID:\ti\ccs2050\ccs\tools\compiler\ti-cgt-armllvm_4.0.4.LTS\lib -o 05_MOTOR.out -m05_MOTOR.map -iC:/TI/mspm0_sdk_2_10_00_04/source -iC:/Users/Aupassen/workspace_ccstheia/05_MOTOR -iC:/Users/Aupassen/workspace_ccstheia/05_MOTOR/Debug/syscfg -iD:/ti/ccs2050/ccs/tools/compiler/ti-cgt-armllvm_4.0.4.LTS/lib --diag_wrap=off --display_error_number --warn_sections --xml_link_info=05_MOTOR_linkInfo.xml --rom_model ./ti_msp_dl_config.o ./startup_mspm0g350x_ticlang.o ./main.o ./user_driver/delay.o ./user_driver/idle.o ./user_driver/inv_mpu.o ./user_driver/inv_mpu_dmp_motion_driver.o ./user_driver/key.o ./user_driver/motor.o ./user_driver/mpu_nav.o ./user_driver/mpu_port.o ./user_driver/oled.o ./user_driver/status.o ./user_driver/straight.o ./user_driver/tracker.o ./user_driver/uart.o -l./device_linker.cmd -ldevice.cmd.genlibs -llibc.a --start-group -llibc++.a -llibc++abi.a -llibc.a -llibsys.a -llibsysbm.a -llibclang_rt.builtins.a -llibclang_rt.profile.a --end-group --cg_opt_level=2</command_line>
   <link_time>0x6a1e53f2</link_time>
   <link_errors>0x0</link_errors>
   <output_file>C:\Users\Aupassen\workspace_ccstheia\05_MOTOR\Debug\05_MOTOR.out</output_file>
   <entry_point>
      <name>_c_int00_noargs</name>
      <address>0x9349</address>
   </entry_point>
   <input_file_list>
      <input_file id="fl-1">
         <path>C:\Users\Aupassen\workspace_ccstheia\05_MOTOR\Debug\.\</path>
         <kind>object</kind>
         <file>ti_msp_dl_config.o</file>
         <name>ti_msp_dl_config.o</name>
      </input_file>
      <input_file id="fl-2">
         <path>C:\Users\Aupassen\workspace_ccstheia\05_MOTOR\Debug\.\</path>
         <kind>object</kind>
         <file>startup_mspm0g350x_ticlang.o</file>
         <name>startup_mspm0g350x_ticlang.o</name>
      </input_file>
      <input_file id="fl-3">
         <path>C:\Users\Aupassen\workspace_ccstheia\05_MOTOR\Debug\.\</path>
         <kind>object</kind>
         <file>main.o</file>
         <name>main.o</name>
      </input_file>
      <input_file id="fl-4">
         <path>C:\Users\Aupassen\workspace_ccstheia\05_MOTOR\Debug\.\user_driver\</path>
         <kind>object</kind>
         <file>delay.o</file>
         <name>delay.o</name>
      </input_file>
      <input_file id="fl-5">
         <path>C:\Users\Aupassen\workspace_ccstheia\05_MOTOR\Debug\.\user_driver\</path>
         <kind>object</kind>
         <file>idle.o</file>
         <name>idle.o</name>
      </input_file>
      <input_file id="fl-6">
         <path>C:\Users\Aupassen\workspace_ccstheia\05_MOTOR\Debug\.\user_driver\</path>
         <kind>object</kind>
         <file>inv_mpu.o</file>
         <name>inv_mpu.o</name>
      </input_file>
      <input_file id="fl-7">
         <path>C:\Users\Aupassen\workspace_ccstheia\05_MOTOR\Debug\.\user_driver\</path>
         <kind>object</kind>
         <file>inv_mpu_dmp_motion_driver.o</file>
         <name>inv_mpu_dmp_motion_driver.o</name>
      </input_file>
      <input_file id="fl-8">
         <path>C:\Users\Aupassen\workspace_ccstheia\05_MOTOR\Debug\.\user_driver\</path>
         <kind>object</kind>
         <file>key.o</file>
         <name>key.o</name>
      </input_file>
      <input_file id="fl-9">
         <path>C:\Users\Aupassen\workspace_ccstheia\05_MOTOR\Debug\.\user_driver\</path>
         <kind>object</kind>
         <file>motor.o</file>
         <name>motor.o</name>
      </input_file>
      <input_file id="fl-a">
         <path>C:\Users\Aupassen\workspace_ccstheia\05_MOTOR\Debug\.\user_driver\</path>
         <kind>object</kind>
         <file>mpu_nav.o</file>
         <name>mpu_nav.o</name>
      </input_file>
      <input_file id="fl-b">
         <path>C:\Users\Aupassen\workspace_ccstheia\05_MOTOR\Debug\.\user_driver\</path>
         <kind>object</kind>
         <file>mpu_port.o</file>
         <name>mpu_port.o</name>
      </input_file>
      <input_file id="fl-c">
         <path>C:\Users\Aupassen\workspace_ccstheia\05_MOTOR\Debug\.\user_driver\</path>
         <kind>object</kind>
         <file>oled.o</file>
         <name>oled.o</name>
      </input_file>
      <input_file id="fl-d">
         <path>C:\Users\Aupassen\workspace_ccstheia\05_MOTOR\Debug\.\user_driver\</path>
         <kind>object</kind>
         <file>status.o</file>
         <name>status.o</name>
      </input_file>
      <input_file id="fl-e">
         <path>C:\Users\Aupassen\workspace_ccstheia\05_MOTOR\Debug\.\user_driver\</path>
         <kind>object</kind>
         <file>straight.o</file>
         <name>straight.o</name>
      </input_file>
      <input_file id="fl-f">
         <path>C:\Users\Aupassen\workspace_ccstheia\05_MOTOR\Debug\.\user_driver\</path>
         <kind>object</kind>
         <file>tracker.o</file>
         <name>tracker.o</name>
      </input_file>
      <input_file id="fl-10">
         <path>C:\Users\Aupassen\workspace_ccstheia\05_MOTOR\Debug\.\user_driver\</path>
         <kind>object</kind>
         <file>uart.o</file>
         <name>uart.o</name>
      </input_file>
      <input_file id="fl-1d">
         <path>C:\Users\Aupassen\workspace_ccstheia\05_MOTOR\Debug\</path>
         <kind>object</kind>
         <file>&lt;internal&gt;</file>
         <name>&lt;internal&gt;</name>
      </input_file>
      <input_file id="fl-1e">
         <path>C:\TI\mspm0_sdk_2_10_00_04\source\ti\driverlib\lib\ticlang\m0p\mspm0g1x0x_g3x0x\</path>
         <kind>archive</kind>
         <file>driverlib.a</file>
         <name>dl_common.o</name>
      </input_file>
      <input_file id="fl-1f">
         <path>C:\TI\mspm0_sdk_2_10_00_04\source\ti\driverlib\lib\ticlang\m0p\mspm0g1x0x_g3x0x\</path>
         <kind>archive</kind>
         <file>driverlib.a</file>
         <name>dl_i2c.o</name>
      </input_file>
      <input_file id="fl-20">
         <path>C:\TI\mspm0_sdk_2_10_00_04\source\ti\driverlib\lib\ticlang\m0p\mspm0g1x0x_g3x0x\</path>
         <kind>archive</kind>
         <file>driverlib.a</file>
         <name>dl_timer.o</name>
      </input_file>
      <input_file id="fl-21">
         <path>C:\TI\mspm0_sdk_2_10_00_04\source\ti\driverlib\lib\ticlang\m0p\mspm0g1x0x_g3x0x\</path>
         <kind>archive</kind>
         <file>driverlib.a</file>
         <name>dl_uart.o</name>
      </input_file>
      <input_file id="fl-22">
         <path>C:\TI\mspm0_sdk_2_10_00_04\source\ti\driverlib\lib\ticlang\m0p\mspm0g1x0x_g3x0x\</path>
         <kind>archive</kind>
         <file>driverlib.a</file>
         <name>dl_sysctl_mspm0g1x0x_g3x0x.o</name>
      </input_file>
      <input_file id="fl-39">
         <path>D:\ti\ccs2050\ccs\tools\compiler\ti-cgt-armllvm_4.0.4.LTS\lib\armv6m-ti-none-eabi\c\</path>
         <kind>archive</kind>
         <file>libc.a</file>
         <name>e_asin.c.obj</name>
      </input_file>
      <input_file id="fl-3a">
         <path>D:\ti\ccs2050\ccs\tools\compiler\ti-cgt-armllvm_4.0.4.LTS\lib\armv6m-ti-none-eabi\c\</path>
         <kind>archive</kind>
         <file>libc.a</file>
         <name>e_atan2.c.obj</name>
      </input_file>
      <input_file id="fl-3b">
         <path>D:\ti\ccs2050\ccs\tools\compiler\ti-cgt-armllvm_4.0.4.LTS\lib\armv6m-ti-none-eabi\c\</path>
         <kind>archive</kind>
         <file>libc.a</file>
         <name>e_sqrt.c.obj</name>
      </input_file>
      <input_file id="fl-3c">
         <path>D:\ti\ccs2050\ccs\tools\compiler\ti-cgt-armllvm_4.0.4.LTS\lib\armv6m-ti-none-eabi\c\</path>
         <kind>archive</kind>
         <file>libc.a</file>
         <name>s_atan.c.obj</name>
      </input_file>
      <input_file id="fl-3d">
         <path>D:\ti\ccs2050\ccs\tools\compiler\ti-cgt-armllvm_4.0.4.LTS\lib\armv6m-ti-none-eabi\c\</path>
         <kind>archive</kind>
         <file>libc.a</file>
         <name>printf.c.obj</name>
      </input_file>
      <input_file id="fl-3e">
         <path>D:\ti\ccs2050\ccs\tools\compiler\ti-cgt-armllvm_4.0.4.LTS\lib\armv6m-ti-none-eabi\c\</path>
         <kind>archive</kind>
         <file>libc.a</file>
         <name>_printfi.c.obj</name>
      </input_file>
      <input_file id="fl-3f">
         <path>D:\ti\ccs2050\ccs\tools\compiler\ti-cgt-armllvm_4.0.4.LTS\lib\armv6m-ti-none-eabi\c\</path>
         <kind>archive</kind>
         <file>libc.a</file>
         <name>snprintf.c.obj</name>
      </input_file>
      <input_file id="fl-40">
         <path>D:\ti\ccs2050\ccs\tools\compiler\ti-cgt-armllvm_4.0.4.LTS\lib\armv6m-ti-none-eabi\c\</path>
         <kind>archive</kind>
         <file>libc.a</file>
         <name>fputc.c.obj</name>
      </input_file>
      <input_file id="fl-41">
         <path>D:\ti\ccs2050\ccs\tools\compiler\ti-cgt-armllvm_4.0.4.LTS\lib\armv6m-ti-none-eabi\c\</path>
         <kind>archive</kind>
         <file>libc.a</file>
         <name>fputs.c.obj</name>
      </input_file>
      <input_file id="fl-42">
         <path>D:\ti\ccs2050\ccs\tools\compiler\ti-cgt-armllvm_4.0.4.LTS\lib\armv6m-ti-none-eabi\c\</path>
         <kind>archive</kind>
         <file>libc.a</file>
         <name>_io_perm.c.obj</name>
      </input_file>
      <input_file id="fl-43">
         <path>D:\ti\ccs2050\ccs\tools\compiler\ti-cgt-armllvm_4.0.4.LTS\lib\armv6m-ti-none-eabi\c\</path>
         <kind>archive</kind>
         <file>libc.a</file>
         <name>setvbuf.c.obj</name>
      </input_file>
      <input_file id="fl-44">
         <path>D:\ti\ccs2050\ccs\tools\compiler\ti-cgt-armllvm_4.0.4.LTS\lib\armv6m-ti-none-eabi\c\</path>
         <kind>archive</kind>
         <file>libc.a</file>
         <name>aeabi_portable.c.obj</name>
      </input_file>
      <input_file id="fl-45">
         <path>D:\ti\ccs2050\ccs\tools\compiler\ti-cgt-armllvm_4.0.4.LTS\lib\armv6m-ti-none-eabi\c\</path>
         <kind>archive</kind>
         <file>libc.a</file>
         <name>exit.c.obj</name>
      </input_file>
      <input_file id="fl-46">
         <path>D:\ti\ccs2050\ccs\tools\compiler\ti-cgt-armllvm_4.0.4.LTS\lib\armv6m-ti-none-eabi\c\</path>
         <kind>archive</kind>
         <file>libc.a</file>
         <name>_lock.c.obj</name>
      </input_file>
      <input_file id="fl-47">
         <path>D:\ti\ccs2050\ccs\tools\compiler\ti-cgt-armllvm_4.0.4.LTS\lib\armv6m-ti-none-eabi\c\</path>
         <kind>archive</kind>
         <file>libc.a</file>
         <name>_ltoa.c.obj</name>
      </input_file>
      <input_file id="fl-48">
         <path>D:\ti\ccs2050\ccs\tools\compiler\ti-cgt-armllvm_4.0.4.LTS\lib\armv6m-ti-none-eabi\c\</path>
         <kind>archive</kind>
         <file>libc.a</file>
         <name>assert.c.obj</name>
      </input_file>
      <input_file id="fl-49">
         <path>D:\ti\ccs2050\ccs\tools\compiler\ti-cgt-armllvm_4.0.4.LTS\lib\armv6m-ti-none-eabi\c\</path>
         <kind>archive</kind>
         <file>libc.a</file>
         <name>atoi.c.obj</name>
      </input_file>
      <input_file id="fl-4a">
         <path>D:\ti\ccs2050\ccs\tools\compiler\ti-cgt-armllvm_4.0.4.LTS\lib\armv6m-ti-none-eabi\c\</path>
         <kind>archive</kind>
         <file>libc.a</file>
         <name>defs.c.obj</name>
      </input_file>
      <input_file id="fl-4b">
         <path>D:\ti\ccs2050\ccs\tools\compiler\ti-cgt-armllvm_4.0.4.LTS\lib\armv6m-ti-none-eabi\c\</path>
         <kind>archive</kind>
         <file>libc.a</file>
         <name>memccpy.c.obj</name>
      </input_file>
      <input_file id="fl-4c">
         <path>D:\ti\ccs2050\ccs\tools\compiler\ti-cgt-armllvm_4.0.4.LTS\lib\armv6m-ti-none-eabi\c\</path>
         <kind>archive</kind>
         <file>libc.a</file>
         <name>memory.c.obj</name>
      </input_file>
      <input_file id="fl-4d">
         <path>D:\ti\ccs2050\ccs\tools\compiler\ti-cgt-armllvm_4.0.4.LTS\lib\armv6m-ti-none-eabi\c\</path>
         <kind>archive</kind>
         <file>libc.a</file>
         <name>boot_cortex_m.c.obj</name>
      </input_file>
      <input_file id="fl-4e">
         <path>D:\ti\ccs2050\ccs\tools\compiler\ti-cgt-armllvm_4.0.4.LTS\lib\armv6m-ti-none-eabi\c\</path>
         <kind>archive</kind>
         <file>libc.a</file>
         <name>mathacl_init.c.obj</name>
      </input_file>
      <input_file id="fl-4f">
         <path>D:\ti\ccs2050\ccs\tools\compiler\ti-cgt-armllvm_4.0.4.LTS\lib\armv6m-ti-none-eabi\c\</path>
         <kind>archive</kind>
         <file>libc.a</file>
         <name>autoinit.c.obj</name>
      </input_file>
      <input_file id="fl-50">
         <path>D:\ti\ccs2050\ccs\tools\compiler\ti-cgt-armllvm_4.0.4.LTS\lib\armv6m-ti-none-eabi\c\</path>
         <kind>archive</kind>
         <file>libc.a</file>
         <name>pre_init.c.obj</name>
      </input_file>
      <input_file id="fl-51">
         <path>D:\ti\ccs2050\ccs\tools\compiler\ti-cgt-armllvm_4.0.4.LTS\lib\armv6m-ti-none-eabi\c\</path>
         <kind>archive</kind>
         <file>libc.a</file>
         <name>cpy_tbl.c.obj</name>
      </input_file>
      <input_file id="fl-52">
         <path>D:\ti\ccs2050\ccs\tools\compiler\ti-cgt-armllvm_4.0.4.LTS\lib\armv6m-ti-none-eabi\c\</path>
         <kind>archive</kind>
         <file>libc.a</file>
         <name>copy_zero_init.c.obj</name>
      </input_file>
      <input_file id="fl-53">
         <path>D:\ti\ccs2050\ccs\tools\compiler\ti-cgt-armllvm_4.0.4.LTS\lib\armv6m-ti-none-eabi\c\</path>
         <kind>archive</kind>
         <file>libc.a</file>
         <name>copy_decompress_none.c.obj</name>
      </input_file>
      <input_file id="fl-54">
         <path>D:\ti\ccs2050\ccs\tools\compiler\ti-cgt-armllvm_4.0.4.LTS\lib\armv6m-ti-none-eabi\c\</path>
         <kind>archive</kind>
         <file>libc.a</file>
         <name>copy_decompress_lzss.c.obj</name>
      </input_file>
      <input_file id="fl-55">
         <path>D:\ti\ccs2050\ccs\tools\compiler\ti-cgt-armllvm_4.0.4.LTS\lib\armv6m-ti-none-eabi\c\</path>
         <kind>archive</kind>
         <file>libc.a</file>
         <name>s_frexp.c.obj</name>
      </input_file>
      <input_file id="fl-56">
         <path>D:\ti\ccs2050\ccs\tools\compiler\ti-cgt-armllvm_4.0.4.LTS\lib\armv6m-ti-none-eabi\c\</path>
         <kind>archive</kind>
         <file>libc.a</file>
         <name>s_scalbn.c.obj</name>
      </input_file>
      <input_file id="fl-57">
         <path>D:\ti\ccs2050\ccs\tools\compiler\ti-cgt-armllvm_4.0.4.LTS\lib\armv6m-ti-none-eabi\c\</path>
         <kind>archive</kind>
         <file>libc.a</file>
         <name>wcslen.c.obj</name>
      </input_file>
      <input_file id="fl-58">
         <path>D:\ti\ccs2050\ccs\tools\compiler\ti-cgt-armllvm_4.0.4.LTS\lib\armv6m-ti-none-eabi\c\</path>
         <kind>archive</kind>
         <file>libc.a</file>
         <name>sprintf.c.obj</name>
      </input_file>
      <input_file id="fl-59">
         <path>D:\ti\ccs2050\ccs\tools\compiler\ti-cgt-armllvm_4.0.4.LTS\lib\armv6m-ti-none-eabi\c\</path>
         <kind>archive</kind>
         <file>libc.a</file>
         <name>fflush.c.obj</name>
      </input_file>
      <input_file id="fl-5a">
         <path>D:\ti\ccs2050\ccs\tools\compiler\ti-cgt-armllvm_4.0.4.LTS\lib\armv6m-ti-none-eabi\c\</path>
         <kind>archive</kind>
         <file>libc.a</file>
         <name>fopen.c.obj</name>
      </input_file>
      <input_file id="fl-5b">
         <path>D:\ti\ccs2050\ccs\tools\compiler\ti-cgt-armllvm_4.0.4.LTS\lib\armv6m-ti-none-eabi\c\</path>
         <kind>archive</kind>
         <file>libc.a</file>
         <name>fseek.c.obj</name>
      </input_file>
      <input_file id="fl-5c">
         <path>D:\ti\ccs2050\ccs\tools\compiler\ti-cgt-armllvm_4.0.4.LTS\lib\armv6m-ti-none-eabi\c\</path>
         <kind>archive</kind>
         <file>libc.a</file>
         <name>aeabi_ctype.S.obj</name>
      </input_file>
      <input_file id="fl-5d">
         <path>D:\ti\ccs2050\ccs\tools\compiler\ti-cgt-armllvm_4.0.4.LTS\lib\armv6m-ti-none-eabi\c\</path>
         <kind>archive</kind>
         <file>libc.a</file>
         <name>args_main.c.obj</name>
      </input_file>
      <input_file id="fl-5e">
         <path>D:\ti\ccs2050\ccs\tools\compiler\ti-cgt-armllvm_4.0.4.LTS\lib\armv6m-ti-none-eabi\c\</path>
         <kind>archive</kind>
         <file>libc.a</file>
         <name>fclose.c.obj</name>
      </input_file>
      <input_file id="fl-fe">
         <path>D:\ti\ccs2050\ccs\tools\compiler\ti-cgt-armllvm_4.0.4.LTS\lib\armv6m-ti-none-eabi\c\</path>
         <kind>archive</kind>
         <file>libsysbm.a</file>
         <name>hostexit.c.obj</name>
      </input_file>
      <input_file id="fl-ff">
         <path>D:\ti\ccs2050\ccs\tools\compiler\ti-cgt-armllvm_4.0.4.LTS\lib\armv6m-ti-none-eabi\c\</path>
         <kind>archive</kind>
         <file>libsysbm.a</file>
         <name>write.c.obj</name>
      </input_file>
      <input_file id="fl-100">
         <path>D:\ti\ccs2050\ccs\tools\compiler\ti-cgt-armllvm_4.0.4.LTS\lib\armv6m-ti-none-eabi\c\</path>
         <kind>archive</kind>
         <file>libsysbm.a</file>
         <name>host_device.c.obj</name>
      </input_file>
      <input_file id="fl-101">
         <path>D:\ti\ccs2050\ccs\tools\compiler\ti-cgt-armllvm_4.0.4.LTS\lib\armv6m-ti-none-eabi\c\</path>
         <kind>archive</kind>
         <file>libsysbm.a</file>
         <name>remove.c.obj</name>
      </input_file>
      <input_file id="fl-102">
         <path>D:\ti\ccs2050\ccs\tools\compiler\ti-cgt-armllvm_4.0.4.LTS\lib\armv6m-ti-none-eabi\c\</path>
         <kind>archive</kind>
         <file>libsysbm.a</file>
         <name>open.c.obj</name>
      </input_file>
      <input_file id="fl-103">
         <path>D:\ti\ccs2050\ccs\tools\compiler\ti-cgt-armllvm_4.0.4.LTS\lib\armv6m-ti-none-eabi\c\</path>
         <kind>archive</kind>
         <file>libsysbm.a</file>
         <name>lseek.c.obj</name>
      </input_file>
      <input_file id="fl-104">
         <path>D:\ti\ccs2050\ccs\tools\compiler\ti-cgt-armllvm_4.0.4.LTS\lib\armv6m-ti-none-eabi\c\</path>
         <kind>archive</kind>
         <file>libsysbm.a</file>
         <name>close.c.obj</name>
      </input_file>
      <input_file id="fl-105">
         <path>D:\ti\ccs2050\ccs\tools\compiler\ti-cgt-armllvm_4.0.4.LTS\lib\armv6m-ti-none-eabi\c\</path>
         <kind>archive</kind>
         <file>libsysbm.a</file>
         <name>unlink.c.obj</name>
      </input_file>
      <input_file id="fl-106">
         <path>D:\ti\ccs2050\ccs\tools\compiler\ti-cgt-armllvm_4.0.4.LTS\lib\armv6m-ti-none-eabi\c\</path>
         <kind>archive</kind>
         <file>libsysbm.a</file>
         <name>hostclose.c.obj</name>
      </input_file>
      <input_file id="fl-107">
         <path>D:\ti\ccs2050\ccs\tools\compiler\ti-cgt-armllvm_4.0.4.LTS\lib\armv6m-ti-none-eabi\c\</path>
         <kind>archive</kind>
         <file>libsysbm.a</file>
         <name>hostlseek.c.obj</name>
      </input_file>
      <input_file id="fl-108">
         <path>D:\ti\ccs2050\ccs\tools\compiler\ti-cgt-armllvm_4.0.4.LTS\lib\armv6m-ti-none-eabi\c\</path>
         <kind>archive</kind>
         <file>libsysbm.a</file>
         <name>hostopen.c.obj</name>
      </input_file>
      <input_file id="fl-109">
         <path>D:\ti\ccs2050\ccs\tools\compiler\ti-cgt-armllvm_4.0.4.LTS\lib\armv6m-ti-none-eabi\c\</path>
         <kind>archive</kind>
         <file>libsysbm.a</file>
         <name>hostread.c.obj</name>
      </input_file>
      <input_file id="fl-10a">
         <path>D:\ti\ccs2050\ccs\tools\compiler\ti-cgt-armllvm_4.0.4.LTS\lib\armv6m-ti-none-eabi\c\</path>
         <kind>archive</kind>
         <file>libsysbm.a</file>
         <name>hostrename.c.obj</name>
      </input_file>
      <input_file id="fl-10b">
         <path>D:\ti\ccs2050\ccs\tools\compiler\ti-cgt-armllvm_4.0.4.LTS\lib\armv6m-ti-none-eabi\c\</path>
         <kind>archive</kind>
         <file>libsysbm.a</file>
         <name>hostunlink.c.obj</name>
      </input_file>
      <input_file id="fl-10c">
         <path>D:\ti\ccs2050\ccs\tools\compiler\ti-cgt-armllvm_4.0.4.LTS\lib\armv6m-ti-none-eabi\c\</path>
         <kind>archive</kind>
         <file>libsysbm.a</file>
         <name>hostwrite.c.obj</name>
      </input_file>
      <input_file id="fl-10d">
         <path>D:\ti\ccs2050\ccs\tools\compiler\ti-cgt-armllvm_4.0.4.LTS\lib\armv6m-ti-none-eabi\c\</path>
         <kind>archive</kind>
         <file>libsysbm.a</file>
         <name>trgmsg.c.obj</name>
      </input_file>
      <input_file id="fl-10e">
         <path>D:\ti\ccs2050\ccs\tools\compiler\ti-cgt-armllvm_4.0.4.LTS\lib\armv6m-ti-none-eabi\</path>
         <kind>archive</kind>
         <file>libclang_rt.builtins.a</file>
         <name>addsf3.S.obj</name>
      </input_file>
      <input_file id="fl-10f">
         <path>D:\ti\ccs2050\ccs\tools\compiler\ti-cgt-armllvm_4.0.4.LTS\lib\armv6m-ti-none-eabi\</path>
         <kind>archive</kind>
         <file>libclang_rt.builtins.a</file>
         <name>adddf3.S.obj</name>
      </input_file>
      <input_file id="fl-110">
         <path>D:\ti\ccs2050\ccs\tools\compiler\ti-cgt-armllvm_4.0.4.LTS\lib\armv6m-ti-none-eabi\</path>
         <kind>archive</kind>
         <file>libclang_rt.builtins.a</file>
         <name>muldf3.S.obj</name>
      </input_file>
      <input_file id="fl-111">
         <path>D:\ti\ccs2050\ccs\tools\compiler\ti-cgt-armllvm_4.0.4.LTS\lib\armv6m-ti-none-eabi\</path>
         <kind>archive</kind>
         <file>libclang_rt.builtins.a</file>
         <name>muldsi3.S.obj</name>
      </input_file>
      <input_file id="fl-112">
         <path>D:\ti\ccs2050\ccs\tools\compiler\ti-cgt-armllvm_4.0.4.LTS\lib\armv6m-ti-none-eabi\</path>
         <kind>archive</kind>
         <file>libclang_rt.builtins.a</file>
         <name>mulsf3.S.obj</name>
      </input_file>
      <input_file id="fl-113">
         <path>D:\ti\ccs2050\ccs\tools\compiler\ti-cgt-armllvm_4.0.4.LTS\lib\armv6m-ti-none-eabi\</path>
         <kind>archive</kind>
         <file>libclang_rt.builtins.a</file>
         <name>divsf3.S.obj</name>
      </input_file>
      <input_file id="fl-114">
         <path>D:\ti\ccs2050\ccs\tools\compiler\ti-cgt-armllvm_4.0.4.LTS\lib\armv6m-ti-none-eabi\</path>
         <kind>archive</kind>
         <file>libclang_rt.builtins.a</file>
         <name>divdf3.S.obj</name>
      </input_file>
      <input_file id="fl-115">
         <path>D:\ti\ccs2050\ccs\tools\compiler\ti-cgt-armllvm_4.0.4.LTS\lib\armv6m-ti-none-eabi\</path>
         <kind>archive</kind>
         <file>libclang_rt.builtins.a</file>
         <name>extendsfdf2.S.obj</name>
      </input_file>
      <input_file id="fl-116">
         <path>D:\ti\ccs2050\ccs\tools\compiler\ti-cgt-armllvm_4.0.4.LTS\lib\armv6m-ti-none-eabi\</path>
         <kind>archive</kind>
         <file>libclang_rt.builtins.a</file>
         <name>fixdfsi.S.obj</name>
      </input_file>
      <input_file id="fl-117">
         <path>D:\ti\ccs2050\ccs\tools\compiler\ti-cgt-armllvm_4.0.4.LTS\lib\armv6m-ti-none-eabi\</path>
         <kind>archive</kind>
         <file>libclang_rt.builtins.a</file>
         <name>fixsfsi.S.obj</name>
      </input_file>
      <input_file id="fl-118">
         <path>D:\ti\ccs2050\ccs\tools\compiler\ti-cgt-armllvm_4.0.4.LTS\lib\armv6m-ti-none-eabi\</path>
         <kind>archive</kind>
         <file>libclang_rt.builtins.a</file>
         <name>floatsidf.S.obj</name>
      </input_file>
      <input_file id="fl-119">
         <path>D:\ti\ccs2050\ccs\tools\compiler\ti-cgt-armllvm_4.0.4.LTS\lib\armv6m-ti-none-eabi\</path>
         <kind>archive</kind>
         <file>libclang_rt.builtins.a</file>
         <name>floatsisf.S.obj</name>
      </input_file>
      <input_file id="fl-11a">
         <path>D:\ti\ccs2050\ccs\tools\compiler\ti-cgt-armllvm_4.0.4.LTS\lib\armv6m-ti-none-eabi\</path>
         <kind>archive</kind>
         <file>libclang_rt.builtins.a</file>
         <name>floatunsisf.S.obj</name>
      </input_file>
      <input_file id="fl-11b">
         <path>D:\ti\ccs2050\ccs\tools\compiler\ti-cgt-armllvm_4.0.4.LTS\lib\armv6m-ti-none-eabi\</path>
         <kind>archive</kind>
         <file>libclang_rt.builtins.a</file>
         <name>muldi3.S.obj</name>
      </input_file>
      <input_file id="fl-11c">
         <path>D:\ti\ccs2050\ccs\tools\compiler\ti-cgt-armllvm_4.0.4.LTS\lib\armv6m-ti-none-eabi\</path>
         <kind>archive</kind>
         <file>libclang_rt.builtins.a</file>
         <name>truncdfsf2.S.obj</name>
      </input_file>
      <input_file id="fl-11d">
         <path>D:\ti\ccs2050\ccs\tools\compiler\ti-cgt-armllvm_4.0.4.LTS\lib\armv6m-ti-none-eabi\</path>
         <kind>archive</kind>
         <file>libclang_rt.builtins.a</file>
         <name>aeabi_dcmp.S.obj</name>
      </input_file>
      <input_file id="fl-11e">
         <path>D:\ti\ccs2050\ccs\tools\compiler\ti-cgt-armllvm_4.0.4.LTS\lib\armv6m-ti-none-eabi\</path>
         <kind>archive</kind>
         <file>libclang_rt.builtins.a</file>
         <name>aeabi_fcmp.S.obj</name>
      </input_file>
      <input_file id="fl-11f">
         <path>D:\ti\ccs2050\ccs\tools\compiler\ti-cgt-armllvm_4.0.4.LTS\lib\armv6m-ti-none-eabi\</path>
         <kind>archive</kind>
         <file>libclang_rt.builtins.a</file>
         <name>aeabi_idivmod.S.obj</name>
      </input_file>
      <input_file id="fl-120">
         <path>D:\ti\ccs2050\ccs\tools\compiler\ti-cgt-armllvm_4.0.4.LTS\lib\armv6m-ti-none-eabi\</path>
         <kind>archive</kind>
         <file>libclang_rt.builtins.a</file>
         <name>aeabi_ldivmod.S.obj</name>
      </input_file>
      <input_file id="fl-121">
         <path>D:\ti\ccs2050\ccs\tools\compiler\ti-cgt-armllvm_4.0.4.LTS\lib\armv6m-ti-none-eabi\</path>
         <kind>archive</kind>
         <file>libclang_rt.builtins.a</file>
         <name>aeabi_memcpy.S.obj</name>
      </input_file>
      <input_file id="fl-122">
         <path>D:\ti\ccs2050\ccs\tools\compiler\ti-cgt-armllvm_4.0.4.LTS\lib\armv6m-ti-none-eabi\</path>
         <kind>archive</kind>
         <file>libclang_rt.builtins.a</file>
         <name>aeabi_memset.S.obj</name>
      </input_file>
      <input_file id="fl-123">
         <path>D:\ti\ccs2050\ccs\tools\compiler\ti-cgt-armllvm_4.0.4.LTS\lib\armv6m-ti-none-eabi\</path>
         <kind>archive</kind>
         <file>libclang_rt.builtins.a</file>
         <name>aeabi_uidivmod.S.obj</name>
      </input_file>
      <input_file id="fl-124">
         <path>D:\ti\ccs2050\ccs\tools\compiler\ti-cgt-armllvm_4.0.4.LTS\lib\armv6m-ti-none-eabi\</path>
         <kind>archive</kind>
         <file>libclang_rt.builtins.a</file>
         <name>aeabi_uldivmod.S.obj</name>
      </input_file>
      <input_file id="fl-125">
         <path>D:\ti\ccs2050\ccs\tools\compiler\ti-cgt-armllvm_4.0.4.LTS\lib\armv6m-ti-none-eabi\</path>
         <kind>archive</kind>
         <file>libclang_rt.builtins.a</file>
         <name>comparesf2.S.obj</name>
      </input_file>
      <input_file id="fl-126">
         <path>D:\ti\ccs2050\ccs\tools\compiler\ti-cgt-armllvm_4.0.4.LTS\lib\armv6m-ti-none-eabi\</path>
         <kind>archive</kind>
         <file>libclang_rt.builtins.a</file>
         <name>udivmoddi4.S.obj</name>
      </input_file>
      <input_file id="fl-127">
         <path>D:\ti\ccs2050\ccs\tools\compiler\ti-cgt-armllvm_4.0.4.LTS\lib\armv6m-ti-none-eabi\</path>
         <kind>archive</kind>
         <file>libclang_rt.builtins.a</file>
         <name>ashldi3.S.obj</name>
      </input_file>
      <input_file id="fl-128">
         <path>D:\ti\ccs2050\ccs\tools\compiler\ti-cgt-armllvm_4.0.4.LTS\lib\armv6m-ti-none-eabi\</path>
         <kind>archive</kind>
         <file>libclang_rt.builtins.a</file>
         <name>comparedf2.c.obj</name>
      </input_file>
      <input_file id="fl-129">
         <path>D:\ti\ccs2050\ccs\tools\compiler\ti-cgt-armllvm_4.0.4.LTS\lib\armv6m-ti-none-eabi\</path>
         <kind>archive</kind>
         <file>libclang_rt.builtins.a</file>
         <name>divmoddi4.c.obj</name>
      </input_file>
      <input_file id="fl-12a">
         <path>D:\ti\ccs2050\ccs\tools\compiler\ti-cgt-armllvm_4.0.4.LTS\lib\armv6m-ti-none-eabi\</path>
         <kind>archive</kind>
         <file>libclang_rt.builtins.a</file>
         <name>aeabi_div0.c.obj</name>
      </input_file>
      <input_file id="fl-12b">
         <path>D:\ti\ccs2050\ccs\tools\compiler\ti-cgt-armllvm_4.0.4.LTS\lib\armv6m-ti-none-eabi\c\</path>
         <kind>archive</kind>
         <file>libc.a</file>
         <name>getdevice.c.obj</name>
      </input_file>
      <input_file id="fl-12c">
         <path>D:\ti\ccs2050\ccs\tools\compiler\ti-cgt-armllvm_4.0.4.LTS\lib\armv6m-ti-none-eabi\c\</path>
         <kind>archive</kind>
         <file>libc.a</file>
         <name>memcpy16.S.obj</name>
      </input_file>
      <input_file id="fl-12d">
         <path>D:\ti\ccs2050\ccs\tools\compiler\ti-cgt-armllvm_4.0.4.LTS\lib\armv6m-ti-none-eabi\c\</path>
         <kind>archive</kind>
         <file>libc.a</file>
         <name>memset16.S.obj</name>
      </input_file>
      <input_file id="fl-12e">
         <path>D:\ti\ccs2050\ccs\tools\compiler\ti-cgt-armllvm_4.0.4.LTS\lib\armv6m-ti-none-eabi\c\</path>
         <kind>archive</kind>
         <file>libc.a</file>
         <name>strcmp-armv6m.S.obj</name>
      </input_file>
   </input_file_list>
   <object_component_list>
      <object_component id="oc-18">
         <name>.intvecs</name>
         <load_address>0x0</load_address>
         <readonly>true</readonly>
         <run_address>0x0</run_address>
         <size>0xc0</size>
         <alignment>0x4</alignment>
         <input_file_ref idref="fl-2"/>
      </object_component>
      <object_component id="oc-11c">
         <name>.text.OLED_Init</name>
         <load_address>0xc0</load_address>
         <readonly>true</readonly>
         <executable>true</executable>
         <run_address>0xc0</run_address>
         <size>0x15f4</size>
         <alignment>0x4</alignment>
         <input_file_ref idref="fl-c"/>
      </object_component>
      <object_component id="oc-124">
         <name>.text.OLED_Clear</name>
         <load_address>0x16b4</load_address>
         <readonly>true</readonly>
         <executable>true</executable>
         <run_address>0x16b4</run_address>
         <size>0xa90</size>
         <alignment>0x4</alignment>
         <input_file_ref idref="fl-c"/>
      </object_component>
      <object_component id="oc-237">
         <name>.text:__TI_printfi</name>
         <load_address>0x2144</load_address>
         <readonly>true</readonly>
         <executable>true</executable>
         <run_address>0x2144</run_address>
         <size>0x9d0</size>
         <alignment>0x4</alignment>
         <input_file_ref idref="fl-3e"/>
      </object_component>
      <object_component id="oc-238">
         <name>.text.OLED_ShowStatusAndSpeeds</name>
         <load_address>0x2b14</load_address>
         <readonly>true</readonly>
         <executable>true</executable>
         <run_address>0x2b14</run_address>
         <size>0x564</size>
         <alignment>0x4</alignment>
         <input_file_ref idref="fl-c"/>
      </object_component>
      <object_component id="oc-190">
         <name>.text.asin</name>
         <load_address>0x3078</load_address>
         <readonly>true</readonly>
         <executable>true</executable>
         <run_address>0x3078</run_address>
         <size>0x364</size>
         <alignment>0x4</alignment>
         <input_file_ref idref="fl-39"/>
      </object_component>
      <object_component id="oc-226">
         <name>.text.atan</name>
         <load_address>0x33dc</load_address>
         <readonly>true</readonly>
         <executable>true</executable>
         <run_address>0x33dc</run_address>
         <size>0x2f8</size>
         <alignment>0x4</alignment>
         <input_file_ref idref="fl-3c"/>
      </object_component>
      <object_component id="oc-3e">
         <name>.text.TIMA0_IRQHandler</name>
         <load_address>0x36d4</load_address>
         <readonly>true</readonly>
         <executable>true</executable>
         <run_address>0x36d4</run_address>
         <size>0x2b4</size>
         <alignment>0x4</alignment>
         <input_file_ref idref="fl-9"/>
      </object_component>
      <object_component id="oc-18c">
         <name>.text.dmp_enable_feature</name>
         <load_address>0x3988</load_address>
         <readonly>true</readonly>
         <executable>true</executable>
         <run_address>0x3988</run_address>
         <size>0x2b0</size>
         <alignment>0x4</alignment>
         <input_file_ref idref="fl-7"/>
      </object_component>
      <object_component id="oc-1c4">
         <name>.text.SYSCFG_DL_SYSCTL_SYSPLL_init</name>
         <load_address>0x3c38</load_address>
         <readonly>true</readonly>
         <executable>true</executable>
         <run_address>0x3c38</run_address>
         <size>0x2a8</size>
         <alignment>0x4</alignment>
         <input_file_ref idref="fl-1"/>
      </object_component>
      <object_component id="oc-131">
         <name>.text.OLED_ShowString</name>
         <load_address>0x3ee0</load_address>
         <readonly>true</readonly>
         <executable>true</executable>
         <run_address>0x3ee0</run_address>
         <size>0x260</size>
         <alignment>0x4</alignment>
         <input_file_ref idref="fl-c"/>
      </object_component>
      <object_component id="oc-179">
         <name>.text.OLED_Refresh</name>
         <load_address>0x4140</load_address>
         <readonly>true</readonly>
         <executable>true</executable>
         <run_address>0x4140</run_address>
         <size>0x250</size>
         <alignment>0x4</alignment>
         <input_file_ref idref="fl-c"/>
      </object_component>
      <object_component id="oc-293">
         <name>.text._pconv_a</name>
         <load_address>0x4390</load_address>
         <readonly>true</readonly>
         <executable>true</executable>
         <run_address>0x4390</run_address>
         <size>0x220</size>
         <alignment>0x4</alignment>
         <input_file_ref idref="fl-3e"/>
      </object_component>
      <object_component id="oc-1f9">
         <name>.text.mpu_lp_accel_mode</name>
         <load_address>0x45b0</load_address>
         <readonly>true</readonly>
         <executable>true</executable>
         <run_address>0x45b0</run_address>
         <size>0x1e8</size>
         <alignment>0x4</alignment>
         <input_file_ref idref="fl-6"/>
      </object_component>
      <object_component id="oc-294">
         <name>.text._pconv_g</name>
         <load_address>0x4798</load_address>
         <readonly>true</readonly>
         <executable>true</executable>
         <run_address>0x4798</run_address>
         <size>0x1dc</size>
         <alignment>0x4</alignment>
         <input_file_ref idref="fl-3e"/>
      </object_component>
      <object_component id="oc-129">
         <name>.text.DMP_Read_Data</name>
         <load_address>0x4974</load_address>
         <readonly>true</readonly>
         <executable>true</executable>
         <run_address>0x4974</run_address>
         <size>0x1c4</size>
         <alignment>0x4</alignment>
         <input_file_ref idref="fl-b"/>
      </object_component>
      <object_component id="oc-123">
         <name>.text.OLED_DisplayTurn</name>
         <load_address>0x4b38</load_address>
         <readonly>true</readonly>
         <executable>true</executable>
         <run_address>0x4b38</run_address>
         <size>0x1c4</size>
         <alignment>0x4</alignment>
         <input_file_ref idref="fl-c"/>
      </object_component>
      <object_component id="oc-132">
         <name>.text.status_run</name>
         <load_address>0x4cfc</load_address>
         <readonly>true</readonly>
         <executable>true</executable>
         <run_address>0x4cfc</run_address>
         <size>0x1c0</size>
         <alignment>0x4</alignment>
         <input_file_ref idref="fl-d"/>
      </object_component>
      <object_component id="oc-1e2">
         <name>.text.MPU_Read_Len</name>
         <load_address>0x4ebc</load_address>
         <readonly>true</readonly>
         <executable>true</executable>
         <run_address>0x4ebc</run_address>
         <size>0x1ac</size>
         <alignment>0x4</alignment>
         <input_file_ref idref="fl-b"/>
      </object_component>
      <object_component id="oc-18f">
         <name>.text.dmp_read_fifo</name>
         <load_address>0x5068</load_address>
         <readonly>true</readonly>
         <executable>true</executable>
         <run_address>0x5068</run_address>
         <size>0x1a8</size>
         <alignment>0x4</alignment>
         <input_file_ref idref="fl-7"/>
      </object_component>
      <object_component id="oc-213">
         <name>.text.adddf3_subdf3</name>
         <load_address>0x5210</load_address>
         <readonly>true</readonly>
         <executable>true</executable>
         <run_address>0x5210</run_address>
         <size>0x192</size>
         <alignment>0x4</alignment>
         <input_file_ref idref="fl-10f"/>
      </object_component>
      <object_component id="oc-33">
         <name>.text.Default_Handler</name>
         <load_address>0x53a2</load_address>
         <readonly>true</readonly>
         <executable>true</executable>
         <run_address>0x53a2</run_address>
         <size>0x2</size>
         <alignment>0x2</alignment>
         <input_file_ref idref="fl-2"/>
      </object_component>
      <object_component id="oc-196">
         <name>.text.atan2</name>
         <load_address>0x53a4</load_address>
         <readonly>true</readonly>
         <executable>true</executable>
         <run_address>0x53a4</run_address>
         <size>0x188</size>
         <alignment>0x4</alignment>
         <input_file_ref idref="fl-3a"/>
      </object_component>
      <object_component id="oc-9f">
         <name>.text.straight_run</name>
         <load_address>0x552c</load_address>
         <readonly>true</readonly>
         <executable>true</executable>
         <run_address>0x552c</run_address>
         <size>0x188</size>
         <alignment>0x4</alignment>
         <input_file_ref idref="fl-e"/>
      </object_component>
      <object_component id="oc-21d">
         <name>.text.sqrt</name>
         <load_address>0x56b4</load_address>
         <readonly>true</readonly>
         <executable>true</executable>
         <run_address>0x56b4</run_address>
         <size>0x170</size>
         <alignment>0x4</alignment>
         <input_file_ref idref="fl-3b"/>
      </object_component>
      <object_component id="oc-17c">
         <name>.text.mpu_init</name>
         <load_address>0x5824</load_address>
         <readonly>true</readonly>
         <executable>true</executable>
         <run_address>0x5824</run_address>
         <size>0x158</size>
         <alignment>0x4</alignment>
         <input_file_ref idref="fl-6"/>
      </object_component>
      <object_component id="oc-15f">
         <name>.text.SYSCFG_DL_GPIO_init</name>
         <load_address>0x597c</load_address>
         <readonly>true</readonly>
         <executable>true</executable>
         <run_address>0x597c</run_address>
         <size>0x150</size>
         <alignment>0x4</alignment>
         <input_file_ref idref="fl-1"/>
      </object_component>
      <object_component id="oc-1f8">
         <name>.text.mpu_reset_fifo</name>
         <load_address>0x5acc</load_address>
         <readonly>true</readonly>
         <executable>true</executable>
         <run_address>0x5acc</run_address>
         <size>0x150</size>
         <alignment>0x4</alignment>
         <input_file_ref idref="fl-6"/>
      </object_component>
      <object_component id="oc-1fe">
         <name>.text.mpu_load_firmware</name>
         <load_address>0x5c1c</load_address>
         <readonly>true</readonly>
         <executable>true</executable>
         <run_address>0x5c1c</run_address>
         <size>0x148</size>
         <alignment>0x4</alignment>
         <input_file_ref idref="fl-6"/>
      </object_component>
      <object_component id="oc-2e2">
         <name>.text.fcvt</name>
         <load_address>0x5d64</load_address>
         <readonly>true</readonly>
         <executable>true</executable>
         <run_address>0x5d64</run_address>
         <size>0x13c</size>
         <alignment>0x4</alignment>
         <input_file_ref idref="fl-3e"/>
      </object_component>
      <object_component id="oc-206">
         <name>.text.dmp_set_tap_thresh</name>
         <load_address>0x5ea0</load_address>
         <readonly>true</readonly>
         <executable>true</executable>
         <run_address>0x5ea0</run_address>
         <size>0x134</size>
         <alignment>0x4</alignment>
         <input_file_ref idref="fl-7"/>
      </object_component>
      <object_component id="oc-1e1">
         <name>.text.MPU_Write_Len</name>
         <load_address>0x5fd4</load_address>
         <readonly>true</readonly>
         <executable>true</executable>
         <run_address>0x5fd4</run_address>
         <size>0x130</size>
         <alignment>0x4</alignment>
         <input_file_ref idref="fl-b"/>
      </object_component>
      <object_component id="oc-296">
         <name>.text._pconv_e</name>
         <load_address>0x6104</load_address>
         <readonly>true</readonly>
         <executable>true</executable>
         <run_address>0x6104</run_address>
         <size>0x120</size>
         <alignment>0x4</alignment>
         <input_file_ref idref="fl-3e"/>
      </object_component>
      <object_component id="oc-331">
         <name>.text.aligned_alloc</name>
         <load_address>0x6224</load_address>
         <readonly>true</readonly>
         <executable>true</executable>
         <run_address>0x6224</run_address>
         <size>0x114</size>
         <alignment>0x4</alignment>
         <input_file_ref idref="fl-4c"/>
      </object_component>
      <object_component id="oc-83">
         <name>.text.__divdf3</name>
         <load_address>0x6338</load_address>
         <readonly>true</readonly>
         <executable>true</executable>
         <run_address>0x6338</run_address>
         <size>0x10c</size>
         <alignment>0x4</alignment>
         <input_file_ref idref="fl-114"/>
      </object_component>
      <object_component id="oc-1c8">
         <name>.text.DL_Timer_initFourCCPWMMode</name>
         <load_address>0x6444</load_address>
         <readonly>true</readonly>
         <executable>true</executable>
         <run_address>0x6444</run_address>
         <size>0x104</size>
         <alignment>0x4</alignment>
         <input_file_ref idref="fl-20"/>
      </object_component>
      <object_component id="oc-12a">
         <name>.text.mpu_apply_calib</name>
         <load_address>0x6548</load_address>
         <readonly>true</readonly>
         <executable>true</executable>
         <run_address>0x6548</run_address>
         <size>0x100</size>
         <alignment>0x4</alignment>
         <input_file_ref idref="fl-a"/>
      </object_component>
      <object_component id="oc-f9">
         <name>.text.tracker_pid</name>
         <load_address>0x6648</load_address>
         <readonly>true</readonly>
         <executable>true</executable>
         <run_address>0x6648</run_address>
         <size>0x100</size>
         <alignment>0x4</alignment>
         <input_file_ref idref="fl-f"/>
      </object_component>
      <object_component id="oc-1cd">
         <name>.text.DL_Timer_initTimerMode</name>
         <load_address>0x6748</load_address>
         <readonly>true</readonly>
         <executable>true</executable>
         <run_address>0x6748</run_address>
         <size>0xfc</size>
         <alignment>0x4</alignment>
         <input_file_ref idref="fl-20"/>
      </object_component>
      <object_component id="oc-122">
         <name>.text.OLED_ColorTurn</name>
         <load_address>0x6844</load_address>
         <readonly>true</readonly>
         <executable>true</executable>
         <run_address>0x6844</run_address>
         <size>0xfc</size>
         <alignment>0x4</alignment>
         <input_file_ref idref="fl-c"/>
      </object_component>
      <object_component id="oc-24b">
         <name>.text.fputs</name>
         <load_address>0x6940</load_address>
         <readonly>true</readonly>
         <executable>true</executable>
         <run_address>0x6940</run_address>
         <size>0xf8</size>
         <alignment>0x4</alignment>
         <input_file_ref idref="fl-41"/>
      </object_component>
      <object_component id="oc-1e5">
         <name>.text.mpu_set_bypass</name>
         <load_address>0x6a38</load_address>
         <readonly>true</readonly>
         <executable>true</executable>
         <run_address>0x6a38</run_address>
         <size>0xf8</size>
         <alignment>0x4</alignment>
         <input_file_ref idref="fl-6"/>
      </object_component>
      <object_component id="oc-18a">
         <name>.text.dmp_set_orientation</name>
         <load_address>0x6b30</load_address>
         <readonly>true</readonly>
         <executable>true</executable>
         <run_address>0x6b30</run_address>
         <size>0xec</size>
         <alignment>0x4</alignment>
         <input_file_ref idref="fl-7"/>
      </object_component>
      <object_component id="oc-311">
         <name>.text.free</name>
         <load_address>0x6c1c</load_address>
         <readonly>true</readonly>
         <executable>true</executable>
         <run_address>0x6c1c</run_address>
         <size>0xe8</size>
         <alignment>0x4</alignment>
         <input_file_ref idref="fl-4c"/>
      </object_component>
      <object_component id="oc-7f">
         <name>.text.__muldf3</name>
         <load_address>0x6d04</load_address>
         <readonly>true</readonly>
         <executable>true</executable>
         <run_address>0x6d04</run_address>
         <size>0xe4</size>
         <alignment>0x4</alignment>
         <input_file_ref idref="fl-110"/>
      </object_component>
      <object_component id="oc-184">
         <name>.text.mpu_set_sample_rate</name>
         <load_address>0x6de8</load_address>
         <readonly>true</readonly>
         <executable>true</executable>
         <run_address>0x6de8</run_address>
         <size>0xe4</size>
         <alignment>0x4</alignment>
         <input_file_ref idref="fl-6"/>
      </object_component>
      <object_component id="oc-2ea">
         <name>.text.setvbuf</name>
         <load_address>0x6ecc</load_address>
         <readonly>true</readonly>
         <executable>true</executable>
         <run_address>0x6ecc</run_address>
         <size>0xe0</size>
         <alignment>0x4</alignment>
         <input_file_ref idref="fl-43"/>
      </object_component>
      <object_component id="oc-1be">
         <name>.text.DL_SYSCTL_configSYSPLL</name>
         <load_address>0x6fac</load_address>
         <readonly>true</readonly>
         <executable>true</executable>
         <run_address>0x6fac</run_address>
         <size>0xdc</size>
         <alignment>0x4</alignment>
         <input_file_ref idref="fl-22"/>
      </object_component>
      <object_component id="oc-182">
         <name>.text.mpu_set_sensors</name>
         <load_address>0x7088</load_address>
         <readonly>true</readonly>
         <executable>true</executable>
         <run_address>0x7088</run_address>
         <size>0xdc</size>
         <alignment>0x4</alignment>
         <input_file_ref idref="fl-6"/>
      </object_component>
      <object_component id="oc-2cd">
         <name>.text.scalbn</name>
         <load_address>0x7164</load_address>
         <readonly>true</readonly>
         <executable>true</executable>
         <run_address>0x7164</run_address>
         <size>0xd8</size>
         <alignment>0x4</alignment>
         <input_file_ref idref="fl-56"/>
      </object_component>
      <object_component id="oc-8f">
         <name>.text</name>
         <load_address>0x723c</load_address>
         <readonly>true</readonly>
         <executable>true</executable>
         <run_address>0x723c</run_address>
         <size>0xd8</size>
         <alignment>0x4</alignment>
         <input_file_ref idref="fl-10e"/>
      </object_component>
      <object_component id="oc-18e">
         <name>.text.mpu_set_dmp_state</name>
         <load_address>0x7314</load_address>
         <readonly>true</readonly>
         <executable>true</executable>
         <run_address>0x7314</run_address>
         <size>0xd0</size>
         <alignment>0x4</alignment>
         <input_file_ref idref="fl-6"/>
      </object_component>
      <object_component id="oc-cf">
         <name>.text.main</name>
         <load_address>0x73e4</load_address>
         <readonly>true</readonly>
         <executable>true</executable>
         <run_address>0x73e4</run_address>
         <size>0xcc</size>
         <alignment>0x4</alignment>
         <input_file_ref idref="fl-3"/>
      </object_component>
      <object_component id="oc-152">
         <name>.text.compute_error</name>
         <load_address>0x74b0</load_address>
         <readonly>true</readonly>
         <executable>true</executable>
         <run_address>0x74b0</run_address>
         <size>0xbc</size>
         <alignment>0x4</alignment>
         <input_file_ref idref="fl-f"/>
      </object_component>
      <object_component id="oc-183">
         <name>.text.mpu_configure_fifo</name>
         <load_address>0x756c</load_address>
         <readonly>true</readonly>
         <executable>true</executable>
         <run_address>0x756c</run_address>
         <size>0xac</size>
         <alignment>0x4</alignment>
         <input_file_ref idref="fl-6"/>
      </object_component>
      <object_component id="oc-160">
         <name>.text.SYSCFG_DL_SYSCTL_init</name>
         <load_address>0x7618</load_address>
         <readonly>true</readonly>
         <executable>true</executable>
         <run_address>0x7618</run_address>
         <size>0xa8</size>
         <alignment>0x4</alignment>
         <input_file_ref idref="fl-1"/>
      </object_component>
      <object_component id="oc-20a">
         <name>.text.mpu_read_fifo_stream</name>
         <load_address>0x76c0</load_address>
         <readonly>true</readonly>
         <executable>true</executable>
         <run_address>0x76c0</run_address>
         <size>0xa4</size>
         <alignment>0x4</alignment>
         <input_file_ref idref="fl-6"/>
      </object_component>
      <object_component id="oc-2c4">
         <name>.text</name>
         <load_address>0x7764</load_address>
         <readonly>true</readonly>
         <executable>true</executable>
         <run_address>0x7764</run_address>
         <size>0xa2</size>
         <alignment>0x4</alignment>
         <input_file_ref idref="fl-126"/>
      </object_component>
      <object_component id="oc-258">
         <name>.text.__aeabi_idiv0</name>
         <load_address>0x7806</load_address>
         <readonly>true</readonly>
         <executable>true</executable>
         <run_address>0x7806</run_address>
         <size>0x2</size>
         <alignment>0x2</alignment>
         <input_file_ref idref="fl-12a"/>
      </object_component>
      <object_component id="oc-2ad">
         <name>.text.fputc</name>
         <load_address>0x7808</load_address>
         <readonly>true</readonly>
         <executable>true</executable>
         <run_address>0x7808</run_address>
         <size>0x9c</size>
         <alignment>0x4</alignment>
         <input_file_ref idref="fl-40"/>
      </object_component>
      <object_component id="oc-10e">
         <name>.text:memcpy</name>
         <load_address>0x78a4</load_address>
         <readonly>true</readonly>
         <executable>true</executable>
         <run_address>0x78a4</run_address>
         <size>0x9a</size>
         <alignment>0x1</alignment>
         <input_file_ref idref="fl-12c"/>
      </object_component>
      <object_component id="oc-2f9">
         <name>.text.__aeabi_ldiv0</name>
         <load_address>0x793e</load_address>
         <readonly>true</readonly>
         <executable>true</executable>
         <run_address>0x793e</run_address>
         <size>0x2</size>
         <alignment>0x2</alignment>
         <input_file_ref idref="fl-12a"/>
      </object_component>
      <object_component id="oc-162">
         <name>.text.SYSCFG_DL_PWMAB_init</name>
         <load_address>0x7940</load_address>
         <readonly>true</readonly>
         <executable>true</executable>
         <run_address>0x7940</run_address>
         <size>0x8c</size>
         <alignment>0x4</alignment>
         <input_file_ref idref="fl-1"/>
      </object_component>
      <object_component id="oc-8b">
         <name>.text.__mulsf3</name>
         <load_address>0x79cc</load_address>
         <readonly>true</readonly>
         <executable>true</executable>
         <run_address>0x79cc</run_address>
         <size>0x8c</size>
         <alignment>0x4</alignment>
         <input_file_ref idref="fl-112"/>
      </object_component>
      <object_component id="oc-39">
         <name>.text.GROUP1_IRQHandler</name>
         <load_address>0x7a58</load_address>
         <readonly>true</readonly>
         <executable>true</executable>
         <run_address>0x7a58</run_address>
         <size>0x88</size>
         <alignment>0x4</alignment>
         <input_file_ref idref="fl-8"/>
      </object_component>
      <object_component id="oc-1e3">
         <name>.text.mpu_set_accel_fsr</name>
         <load_address>0x7ae0</load_address>
         <readonly>true</readonly>
         <executable>true</executable>
         <run_address>0x7ae0</run_address>
         <size>0x88</size>
         <alignment>0x4</alignment>
         <input_file_ref idref="fl-6"/>
      </object_component>
      <object_component id="oc-20e">
         <name>.text.__aeabi_errno_addr</name>
         <load_address>0x7b68</load_address>
         <readonly>true</readonly>
         <executable>true</executable>
         <run_address>0x7b68</run_address>
         <size>0x8</size>
         <alignment>0x4</alignment>
         <input_file_ref idref="fl-44"/>
      </object_component>
      <object_component id="oc-3a1">
         <name>.text:strcmp</name>
         <load_address>0x7b70</load_address>
         <readonly>true</readonly>
         <executable>true</executable>
         <run_address>0x7b70</run_address>
         <size>0x88</size>
         <alignment>0x10</alignment>
         <input_file_ref idref="fl-12e"/>
      </object_component>
      <object_component id="oc-19a">
         <name>.text.__divsf3</name>
         <load_address>0x7bf8</load_address>
         <readonly>true</readonly>
         <executable>true</executable>
         <run_address>0x7bf8</run_address>
         <size>0x82</size>
         <alignment>0x4</alignment>
         <input_file_ref idref="fl-113"/>
      </object_component>
      <object_component id="oc-23d">
         <name>.text._nop</name>
         <load_address>0x7c7a</load_address>
         <readonly>true</readonly>
         <executable>true</executable>
         <run_address>0x7c7a</run_address>
         <size>0x2</size>
         <alignment>0x2</alignment>
         <input_file_ref idref="fl-46"/>
      </object_component>
      <object_component id="oc-332">
         <name>.text.__TI_closefile</name>
         <load_address>0x7c7c</load_address>
         <readonly>true</readonly>
         <executable>true</executable>
         <run_address>0x7c7c</run_address>
         <size>0x7c</size>
         <alignment>0x4</alignment>
         <input_file_ref idref="fl-5e"/>
      </object_component>
      <object_component id="oc-128">
         <name>.text.motor_set_direction</name>
         <load_address>0x7cf8</load_address>
         <readonly>true</readonly>
         <executable>true</executable>
         <run_address>0x7cf8</run_address>
         <size>0x7c</size>
         <alignment>0x4</alignment>
         <input_file_ref idref="fl-9"/>
      </object_component>
      <object_component id="oc-1c">
         <name>.text:decompress:lzss</name>
         <load_address>0x7d74</load_address>
         <readonly>true</readonly>
         <executable>true</executable>
         <run_address>0x7d74</run_address>
         <size>0x7c</size>
         <alignment>0x4</alignment>
         <input_file_ref idref="fl-54"/>
      </object_component>
      <object_component id="oc-26e">
         <name>.text.__gedf2</name>
         <load_address>0x7df0</load_address>
         <readonly>true</readonly>
         <executable>true</executable>
         <run_address>0x7df0</run_address>
         <size>0x74</size>
         <alignment>0x4</alignment>
         <input_file_ref idref="fl-128"/>
      </object_component>
      <object_component id="oc-c6">
         <name>.text.__aeabi_memclr</name>
         <load_address>0x7e64</load_address>
         <readonly>true</readonly>
         <executable>true</executable>
         <run_address>0x7e64</run_address>
         <size>0xc</size>
         <alignment>0x4</alignment>
         <input_file_ref idref="fl-122"/>
      </object_component>
      <object_component id="oc-87">
         <name>.text.__truncdfsf2</name>
         <load_address>0x7e70</load_address>
         <readonly>true</readonly>
         <executable>true</executable>
         <run_address>0x7e70</run_address>
         <size>0x74</size>
         <alignment>0x10</alignment>
         <input_file_ref idref="fl-11c"/>
      </object_component>
      <object_component id="oc-1e4">
         <name>.text.mpu_set_lpf</name>
         <load_address>0x7ee4</load_address>
         <readonly>true</readonly>
         <executable>true</executable>
         <run_address>0x7ee4</run_address>
         <size>0x74</size>
         <alignment>0x4</alignment>
         <input_file_ref idref="fl-6"/>
      </object_component>
      <object_component id="oc-34b">
         <name>.text.HOSTlseek</name>
         <load_address>0x7f58</load_address>
         <readonly>true</readonly>
         <executable>true</executable>
         <run_address>0x7f58</run_address>
         <size>0x6c</size>
         <alignment>0x4</alignment>
         <input_file_ref idref="fl-107"/>
      </object_component>
      <object_component id="oc-353">
         <name>.text.HOSTrename</name>
         <load_address>0x7fc4</load_address>
         <readonly>true</readonly>
         <executable>true</executable>
         <run_address>0x7fc4</run_address>
         <size>0x6c</size>
         <alignment>0x4</alignment>
         <input_file_ref idref="fl-10a"/>
      </object_component>
      <object_component id="oc-30e">
         <name>.text.fseeko</name>
         <load_address>0x8030</load_address>
         <readonly>true</readonly>
         <executable>true</executable>
         <run_address>0x8030</run_address>
         <size>0x6c</size>
         <alignment>0x4</alignment>
         <input_file_ref idref="fl-5b"/>
      </object_component>
      <object_component id="oc-395">
         <name>.text.getdevice</name>
         <load_address>0x809c</load_address>
         <readonly>true</readonly>
         <executable>true</executable>
         <run_address>0x809c</run_address>
         <size>0x6c</size>
         <alignment>0x4</alignment>
         <input_file_ref idref="fl-12b"/>
      </object_component>
      <object_component id="oc-202">
         <name>.text.mpu_write_mem</name>
         <load_address>0x8108</load_address>
         <readonly>true</readonly>
         <executable>true</executable>
         <run_address>0x8108</run_address>
         <size>0x6c</size>
         <alignment>0x4</alignment>
         <input_file_ref idref="fl-6"/>
      </object_component>
      <object_component id="oc-1a8">
         <name>.text.stay_idle</name>
         <load_address>0x8174</load_address>
         <readonly>true</readonly>
         <executable>true</executable>
         <run_address>0x8174</run_address>
         <size>0x6c</size>
         <alignment>0x4</alignment>
         <input_file_ref idref="fl-5"/>
      </object_component>
      <object_component id="oc-93">
         <name>.text.tracker_get_value</name>
         <load_address>0x81e0</load_address>
         <readonly>true</readonly>
         <executable>true</executable>
         <run_address>0x81e0</run_address>
         <size>0x6c</size>
         <alignment>0x4</alignment>
         <input_file_ref idref="fl-f"/>
      </object_component>
      <object_component id="oc-126">
         <name>.text.DMP_Init</name>
         <load_address>0x824c</load_address>
         <readonly>true</readonly>
         <executable>true</executable>
         <run_address>0x824c</run_address>
         <size>0x68</size>
         <alignment>0x4</alignment>
         <input_file_ref idref="fl-b"/>
      </object_component>
      <object_component id="oc-268">
         <name>.text.__ledf2</name>
         <load_address>0x82b4</load_address>
         <readonly>true</readonly>
         <executable>true</executable>
         <run_address>0x82b4</run_address>
         <size>0x68</size>
         <alignment>0x4</alignment>
         <input_file_ref idref="fl-128"/>
      </object_component>
      <object_component id="oc-18d">
         <name>.text.dmp_set_fifo_rate</name>
         <load_address>0x831c</load_address>
         <readonly>true</readonly>
         <executable>true</executable>
         <run_address>0x831c</run_address>
         <size>0x68</size>
         <alignment>0x4</alignment>
         <input_file_ref idref="fl-7"/>
      </object_component>
      <object_component id="oc-2e1">
         <name>.text._mcpy</name>
         <load_address>0x8384</load_address>
         <readonly>true</readonly>
         <executable>true</executable>
         <run_address>0x8384</run_address>
         <size>0x66</size>
         <alignment>0x2</alignment>
         <input_file_ref idref="fl-3e"/>
      </object_component>
      <object_component id="oc-29a">
         <name>.text.__TI_wrt_ok</name>
         <load_address>0x83ea</load_address>
         <readonly>true</readonly>
         <executable>true</executable>
         <run_address>0x83ea</run_address>
         <size>0x64</size>
         <alignment>0x2</alignment>
         <input_file_ref idref="fl-42"/>
      </object_component>
      <object_component id="oc-35d">
         <name>.text.split</name>
         <load_address>0x8450</load_address>
         <readonly>true</readonly>
         <executable>true</executable>
         <run_address>0x8450</run_address>
         <size>0x64</size>
         <alignment>0x4</alignment>
         <input_file_ref idref="fl-4c"/>
      </object_component>
      <object_component id="oc-217">
         <name>.text.__aeabi_dcmp</name>
         <load_address>0x84b4</load_address>
         <readonly>true</readonly>
         <executable>true</executable>
         <run_address>0x84b4</run_address>
         <size>0x62</size>
         <alignment>0x4</alignment>
         <input_file_ref idref="fl-11d"/>
      </object_component>
      <object_component id="oc-a1">
         <name>.text.__aeabi_fcmp</name>
         <load_address>0x8518</load_address>
         <readonly>true</readonly>
         <executable>true</executable>
         <run_address>0x8518</run_address>
         <size>0x62</size>
         <alignment>0x4</alignment>
         <input_file_ref idref="fl-11e"/>
      </object_component>
      <object_component id="oc-15d">
         <name>.text:memset</name>
         <load_address>0x857a</load_address>
         <readonly>true</readonly>
         <executable>true</executable>
         <run_address>0x857a</run_address>
         <size>0x62</size>
         <alignment>0x1</alignment>
         <input_file_ref idref="fl-12d"/>
      </object_component>
      <object_component id="oc-33b">
         <name>.text.HOSTopen</name>
         <load_address>0x85dc</load_address>
         <readonly>true</readonly>
         <executable>true</executable>
         <run_address>0x85dc</run_address>
         <size>0x60</size>
         <alignment>0x4</alignment>
         <input_file_ref idref="fl-108"/>
      </object_component>
      <object_component id="oc-165">
         <name>.text.SYSCFG_DL_MPU6050_init</name>
         <load_address>0x863c</load_address>
         <readonly>true</readonly>
         <executable>true</executable>
         <run_address>0x863c</run_address>
         <size>0x60</size>
         <alignment>0x4</alignment>
         <input_file_ref idref="fl-1"/>
      </object_component>
      <object_component id="oc-164">
         <name>.text.SYSCFG_DL_OLED_init</name>
         <load_address>0x869c</load_address>
         <readonly>true</readonly>
         <executable>true</executable>
         <run_address>0x869c</run_address>
         <size>0x60</size>
         <alignment>0x4</alignment>
         <input_file_ref idref="fl-1"/>
      </object_component>
      <object_component id="oc-166">
         <name>.text.SYSCFG_DL_Yaw_init</name>
         <load_address>0x86fc</load_address>
         <readonly>true</readonly>
         <executable>true</executable>
         <run_address>0x86fc</run_address>
         <size>0x60</size>
         <alignment>0x4</alignment>
         <input_file_ref idref="fl-1"/>
      </object_component>
      <object_component id="oc-15e">
         <name>.text.SYSCFG_DL_initPower</name>
         <load_address>0x875c</load_address>
         <readonly>true</readonly>
         <executable>true</executable>
         <run_address>0x875c</run_address>
         <size>0x60</size>
         <alignment>0x4</alignment>
         <input_file_ref idref="fl-1"/>
      </object_component>
      <object_component id="oc-125">
         <name>.text.motor_init</name>
         <load_address>0x87bc</load_address>
         <readonly>true</readonly>
         <executable>true</executable>
         <run_address>0x87bc</run_address>
         <size>0x60</size>
         <alignment>0x4</alignment>
         <input_file_ref idref="fl-9"/>
      </object_component>
      <object_component id="oc-172">
         <name>.text.DL_I2C_fillControllerTXFIFO</name>
         <load_address>0x881c</load_address>
         <readonly>true</readonly>
         <executable>true</executable>
         <run_address>0x881c</run_address>
         <size>0x5e</size>
         <alignment>0x2</alignment>
         <input_file_ref idref="fl-1f"/>
      </object_component>
      <object_component id="oc-2c9">
         <name>.text.frexp</name>
         <load_address>0x887c</load_address>
         <readonly>true</readonly>
         <executable>true</executable>
         <run_address>0x887c</run_address>
         <size>0x5c</size>
         <alignment>0x4</alignment>
         <input_file_ref idref="fl-55"/>
      </object_component>
      <object_component id="oc-1ec">
         <name>.text.printf</name>
         <load_address>0x88d8</load_address>
         <readonly>true</readonly>
         <executable>true</executable>
         <run_address>0x88d8</run_address>
         <size>0x5c</size>
         <alignment>0x4</alignment>
         <input_file_ref idref="fl-3d"/>
      </object_component>
      <object_component id="oc-343">
         <name>.text.HOSTread</name>
         <load_address>0x8934</load_address>
         <readonly>true</readonly>
         <executable>true</executable>
         <run_address>0x8934</run_address>
         <size>0x58</size>
         <alignment>0x4</alignment>
         <input_file_ref idref="fl-109"/>
      </object_component>
      <object_component id="oc-347">
         <name>.text.HOSTwrite</name>
         <load_address>0x898c</load_address>
         <readonly>true</readonly>
         <executable>true</executable>
         <run_address>0x898c</run_address>
         <size>0x58</size>
         <alignment>0x4</alignment>
         <input_file_ref idref="fl-10c"/>
      </object_component>
      <object_component id="oc-2d5">
         <name>.text.__TI_ltoa</name>
         <load_address>0x89e4</load_address>
         <readonly>true</readonly>
         <executable>true</executable>
         <run_address>0x89e4</run_address>
         <size>0x58</size>
         <alignment>0x2</alignment>
         <input_file_ref idref="fl-47"/>
      </object_component>
      <object_component id="oc-295">
         <name>.text._pconv_f</name>
         <load_address>0x8a3c</load_address>
         <readonly>true</readonly>
         <executable>true</executable>
         <run_address>0x8a3c</run_address>
         <size>0x58</size>
         <alignment>0x2</alignment>
         <input_file_ref idref="fl-3e"/>
      </object_component>
      <object_component id="oc-306">
         <name>.text.__aeabi_idivmod</name>
         <load_address>0x8a94</load_address>
         <readonly>true</readonly>
         <executable>true</executable>
         <run_address>0x8a94</run_address>
         <size>0x56</size>
         <alignment>0x4</alignment>
         <input_file_ref idref="fl-11f"/>
      </object_component>
      <object_component id="oc-2a4">
         <name>.text.__TI_doflush</name>
         <load_address>0x8aea</load_address>
         <readonly>true</readonly>
         <executable>true</executable>
         <run_address>0x8aea</run_address>
         <size>0x52</size>
         <alignment>0x2</alignment>
         <input_file_ref idref="fl-59"/>
      </object_component>
      <object_component id="oc-2df">
         <name>.text._ecpy</name>
         <load_address>0x8b3c</load_address>
         <readonly>true</readonly>
         <executable>true</executable>
         <run_address>0x8b3c</run_address>
         <size>0x52</size>
         <alignment>0x2</alignment>
         <input_file_ref idref="fl-3e"/>
      </object_component>
      <object_component id="oc-35f">
         <name>.text.close</name>
         <load_address>0x8b90</load_address>
         <readonly>true</readonly>
         <executable>true</executable>
         <run_address>0x8b90</run_address>
         <size>0x50</size>
         <alignment>0x4</alignment>
         <input_file_ref idref="fl-104"/>
      </object_component>
      <object_component id="oc-12b">
         <name>.text.snprintf</name>
         <load_address>0x8be0</load_address>
         <readonly>true</readonly>
         <executable>true</executable>
         <run_address>0x8be0</run_address>
         <size>0x4c</size>
         <alignment>0x4</alignment>
         <input_file_ref idref="fl-3f"/>
      </object_component>
      <object_component id="oc-2d1">
         <name>.text.__fixdfsi</name>
         <load_address>0x8c2c</load_address>
         <readonly>true</readonly>
         <executable>true</executable>
         <run_address>0x8c2c</run_address>
         <size>0x4a</size>
         <alignment>0x4</alignment>
         <input_file_ref idref="fl-116"/>
      </object_component>
      <object_component id="oc-1d9">
         <name>.text.DL_UART_init</name>
         <load_address>0x8c78</load_address>
         <readonly>true</readonly>
         <executable>true</executable>
         <run_address>0x8c78</run_address>
         <size>0x48</size>
         <alignment>0x4</alignment>
         <input_file_ref idref="fl-21"/>
      </object_component>
      <object_component id="oc-33f">
         <name>.text.HOSTclose</name>
         <load_address>0x8cc0</load_address>
         <readonly>true</readonly>
         <executable>true</executable>
         <run_address>0x8cc0</run_address>
         <size>0x48</size>
         <alignment>0x4</alignment>
         <input_file_ref idref="fl-106"/>
      </object_component>
      <object_component id="oc-34f">
         <name>.text.HOSTunlink</name>
         <load_address>0x8d08</load_address>
         <readonly>true</readonly>
         <executable>true</executable>
         <run_address>0x8d08</run_address>
         <size>0x48</size>
         <alignment>0x4</alignment>
         <input_file_ref idref="fl-10b"/>
      </object_component>
      <object_component id="oc-1c5">
         <name>.text.DL_SYSCTL_switchMCLKfromSYSOSCtoHSCLK</name>
         <load_address>0x8d50</load_address>
         <readonly>true</readonly>
         <executable>true</executable>
         <run_address>0x8d50</run_address>
         <size>0x44</size>
         <alignment>0x4</alignment>
         <input_file_ref idref="fl-22"/>
      </object_component>
      <object_component id="oc-1fa">
         <name>.text.__aeabi_uidivmod</name>
         <load_address>0x8d94</load_address>
         <readonly>true</readonly>
         <executable>true</executable>
         <run_address>0x8d94</run_address>
         <size>0x40</size>
         <alignment>0x4</alignment>
         <input_file_ref idref="fl-123"/>
      </object_component>
      <object_component id="oc-7b">
         <name>.text.__extendsfdf2</name>
         <load_address>0x8dd4</load_address>
         <readonly>true</readonly>
         <executable>true</executable>
         <run_address>0x8dd4</run_address>
         <size>0x40</size>
         <alignment>0x4</alignment>
         <input_file_ref idref="fl-115"/>
      </object_component>
      <object_component id="oc-282">
         <name>.text.atoi</name>
         <load_address>0x8e14</load_address>
         <readonly>true</readonly>
         <executable>true</executable>
         <run_address>0x8e14</run_address>
         <size>0x40</size>
         <alignment>0x4</alignment>
         <input_file_ref idref="fl-49"/>
      </object_component>
      <object_component id="oc-163">
         <name>.text.SYSCFG_DL_MOTOR_PID_init</name>
         <load_address>0x8e54</load_address>
         <readonly>true</readonly>
         <executable>true</executable>
         <run_address>0x8e54</run_address>
         <size>0x3c</size>
         <alignment>0x4</alignment>
         <input_file_ref idref="fl-1"/>
      </object_component>
      <object_component id="oc-77">
         <name>.text.__floatsisf</name>
         <load_address>0x8e90</load_address>
         <readonly>true</readonly>
         <executable>true</executable>
         <run_address>0x8e90</run_address>
         <size>0x3c</size>
         <alignment>0x4</alignment>
         <input_file_ref idref="fl-119"/>
      </object_component>
      <object_component id="oc-104">
         <name>.text.__gtsf2</name>
         <load_address>0x8ecc</load_address>
         <readonly>true</readonly>
         <executable>true</executable>
         <run_address>0x8ecc</run_address>
         <size>0x3c</size>
         <alignment>0x4</alignment>
         <input_file_ref idref="fl-125"/>
      </object_component>
      <object_component id="oc-13b">
         <name>.text:__TI_auto_init_nobinit_nopinit</name>
         <load_address>0x8f08</load_address>
         <readonly>true</readonly>
         <executable>true</executable>
         <run_address>0x8f08</run_address>
         <size>0x3c</size>
         <alignment>0x4</alignment>
         <input_file_ref idref="fl-4f"/>
      </object_component>
      <object_component id="oc-ff">
         <name>.text.__eqsf2</name>
         <load_address>0x8f44</load_address>
         <readonly>true</readonly>
         <executable>true</executable>
         <run_address>0x8f44</run_address>
         <size>0x3a</size>
         <alignment>0x4</alignment>
         <input_file_ref idref="fl-125"/>
      </object_component>
      <object_component id="oc-ee">
         <name>.text.__muldsi3</name>
         <load_address>0x8f80</load_address>
         <readonly>true</readonly>
         <executable>true</executable>
         <run_address>0x8f80</run_address>
         <size>0x3a</size>
         <alignment>0x4</alignment>
         <input_file_ref idref="fl-111"/>
      </object_component>
      <object_component id="oc-a5">
         <name>.text.__fixsfsi</name>
         <load_address>0x8fbc</load_address>
         <readonly>true</readonly>
         <executable>true</executable>
         <run_address>0x8fbc</run_address>
         <size>0x38</size>
         <alignment>0x4</alignment>
         <input_file_ref idref="fl-117"/>
      </object_component>
      <object_component id="oc-113">
         <name>.text.SYSCFG_DL_init</name>
         <load_address>0x8ff4</load_address>
         <readonly>true</readonly>
         <executable>true</executable>
         <run_address>0x8ff4</run_address>
         <size>0x34</size>
         <alignment>0x4</alignment>
         <input_file_ref idref="fl-1"/>
      </object_component>
      <object_component id="oc-318">
         <name>.text.__TI_cleanup</name>
         <load_address>0x9028</load_address>
         <readonly>true</readonly>
         <executable>true</executable>
         <run_address>0x9028</run_address>
         <size>0x34</size>
         <alignment>0x4</alignment>
         <input_file_ref idref="fl-5a"/>
      </object_component>
      <object_component id="oc-370">
         <name>.text.__TI_readmsg</name>
         <load_address>0x905c</load_address>
         <readonly>true</readonly>
         <executable>true</executable>
         <run_address>0x905c</run_address>
         <size>0x34</size>
         <alignment>0x4</alignment>
         <input_file_ref idref="fl-10d"/>
      </object_component>
      <object_component id="oc-36a">
         <name>.text.__TI_writemsg</name>
         <load_address>0x9090</load_address>
         <readonly>true</readonly>
         <executable>true</executable>
         <run_address>0x9090</run_address>
         <size>0x34</size>
         <alignment>0x4</alignment>
         <input_file_ref idref="fl-10d"/>
      </object_component>
      <object_component id="oc-139">
         <name>.text.exit</name>
         <load_address>0x90c4</load_address>
         <readonly>true</readonly>
         <executable>true</executable>
         <run_address>0x90c4</run_address>
         <size>0x34</size>
         <alignment>0x4</alignment>
         <input_file_ref idref="fl-45"/>
      </object_component>
      <object_component id="oc-39e">
         <name>.text.finddevice</name>
         <load_address>0x90f8</load_address>
         <readonly>true</readonly>
         <executable>true</executable>
         <run_address>0x90f8</run_address>
         <size>0x34</size>
         <alignment>0x4</alignment>
         <input_file_ref idref="fl-12b"/>
      </object_component>
      <object_component id="oc-262">
         <name>.text.mpu_get_accel_fsr</name>
         <load_address>0x912c</load_address>
         <readonly>true</readonly>
         <executable>true</executable>
         <run_address>0x912c</run_address>
         <size>0x34</size>
         <alignment>0x4</alignment>
         <input_file_ref idref="fl-6"/>
      </object_component>
      <object_component id="oc-167">
         <name>.text.SYSCFG_DL_SYSTICK_init</name>
         <load_address>0x9160</load_address>
         <readonly>true</readonly>
         <executable>true</executable>
         <run_address>0x9160</run_address>
         <size>0x30</size>
         <alignment>0x4</alignment>
         <input_file_ref idref="fl-1"/>
      </object_component>
      <object_component id="oc-2e0">
         <name>.text._fcpy</name>
         <load_address>0x9190</load_address>
         <readonly>true</readonly>
         <executable>true</executable>
         <run_address>0x9190</run_address>
         <size>0x30</size>
         <alignment>0x2</alignment>
         <input_file_ref idref="fl-3e"/>
      </object_component>
      <object_component id="oc-1a1">
         <name>.text._outs</name>
         <load_address>0x91c0</load_address>
         <readonly>true</readonly>
         <executable>true</executable>
         <run_address>0x91c0</run_address>
         <size>0x30</size>
         <alignment>0x2</alignment>
         <input_file_ref idref="fl-3f"/>
      </object_component>
      <object_component id="oc-6a">
         <name>.text.status_cycle_next</name>
         <load_address>0x91f0</load_address>
         <readonly>true</readonly>
         <executable>true</executable>
         <run_address>0x91f0</run_address>
         <size>0x30</size>
         <alignment>0x4</alignment>
[...]
      <symbol id="sm-3f4">
         <name>_sys_memory</name>
         <value>0x20200000</value>
         <object_component_ref idref="oc-32e"/>
      </symbol>
      <symbol id="sm-3f5">
         <name>memalign</name>
         <value>0x6225</value>
         <object_component_ref idref="oc-331"/>
      </symbol>
      <symbol id="sm-400">
         <name>_c_int00_noargs</name>
         <value>0x9349</value>
         <object_component_ref idref="oc-5f"/>
      </symbol>
      <symbol id="sm-401">
         <name>__stack</name>
         <value>0x20207e00</value>
         <object_component_ref idref="oc-1a"/>
      </symbol>
      <symbol id="sm-40d">
         <name>__TI_auto_init_nobinit_nopinit</name>
         <value>0x8f09</value>
         <object_component_ref idref="oc-13b"/>
      </symbol>
      <symbol id="sm-415">
         <name>_system_pre_init</name>
         <value>0x9711</value>
         <object_component_ref idref="oc-cb"/>
      </symbol>
      <symbol id="sm-420">
         <name>__TI_zero_init</name>
         <value>0x95c9</value>
         <object_component_ref idref="oc-5c"/>
      </symbol>
      <symbol id="sm-429">
         <name>__TI_decompress_none</name>
         <value>0x9567</value>
         <object_component_ref idref="oc-20"/>
      </symbol>
      <symbol id="sm-434">
         <name>__TI_decompress_lzss</name>
         <value>0x7d75</value>
         <object_component_ref idref="oc-1c"/>
      </symbol>
      <symbol id="sm-43e">
         <name>frexp</name>
         <value>0x887d</value>
         <object_component_ref idref="oc-2c9"/>
      </symbol>
      <symbol id="sm-43f">
         <name>frexpl</name>
         <value>0x887d</value>
         <object_component_ref idref="oc-2c9"/>
      </symbol>
      <symbol id="sm-449">
         <name>scalbn</name>
         <value>0x7165</value>
         <object_component_ref idref="oc-2cd"/>
      </symbol>
      <symbol id="sm-44a">
         <name>ldexp</name>
         <value>0x7165</value>
         <object_component_ref idref="oc-2cd"/>
      </symbol>
      <symbol id="sm-44b">
         <name>scalbnl</name>
         <value>0x7165</value>
         <object_component_ref idref="oc-2cd"/>
      </symbol>
      <symbol id="sm-44c">
         <name>ldexpl</name>
         <value>0x7165</value>
         <object_component_ref idref="oc-2cd"/>
      </symbol>
      <symbol id="sm-455">
         <name>wcslen</name>
         <value>0x95b9</value>
         <object_component_ref idref="oc-286"/>
      </symbol>
      <symbol id="sm-460">
         <name>__TI_doflush</name>
         <value>0x8aeb</value>
         <object_component_ref idref="oc-2a4"/>
      </symbol>
      <symbol id="sm-46b">
         <name>__TI_cleanup</name>
         <value>0x9029</value>
         <object_component_ref idref="oc-318"/>
      </symbol>
      <symbol id="sm-478">
         <name>fseek</name>
         <value>0x96d1</value>
         <object_component_ref idref="oc-2e4"/>
      </symbol>
      <symbol id="sm-479">
         <name>fseeko</name>
         <value>0x8031</value>
         <object_component_ref idref="oc-30e"/>
      </symbol>
      <symbol id="sm-47a">
         <name>__aeabi_ctype_table_</name>
         <value>0xbae0</value>
         <object_component_ref idref="oc-2bc"/>
      </symbol>
      <symbol id="sm-47b">
         <name>__aeabi_ctype_table_C</name>
         <value>0xbae0</value>
         <object_component_ref idref="oc-2bc"/>
      </symbol>
      <symbol id="sm-487">
         <name>__TI_closefile</name>
         <value>0x7c7d</value>
         <object_component_ref idref="oc-332"/>
      </symbol>
      <symbol id="sm-48f">
         <name>HOSTexit</name>
         <value>0x9705</value>
         <object_component_ref idref="oc-1ad"/>
      </symbol>
      <symbol id="sm-490">
         <name>C$$EXIT</name>
         <value>0x9704</value>
         <object_component_ref idref="oc-1ad"/>
      </symbol>
      <symbol id="sm-49a">
         <name>write</name>
         <value>0x9321</value>
         <object_component_ref idref="oc-2a0"/>
      </symbol>
      <symbol id="sm-49f">
         <name>_device</name>
         <value>0x20201010</value>
         <object_component_ref idref="oc-321"/>
      </symbol>
      <symbol id="sm-4a0">
         <name>_stream</name>
         <value>0x20201088</value>
         <object_component_ref idref="oc-2f0"/>
      </symbol>
      <symbol id="sm-4a9">
         <name>remove</name>
         <value>0x96d9</value>
         <object_component_ref idref="oc-363"/>
      </symbol>
      <symbol id="sm-4b4">
         <name>lseek</name>
         <value>0x92f9</value>
         <object_component_ref idref="oc-327"/>
      </symbol>
      <symbol id="sm-4be">
         <name>close</name>
         <value>0x8b91</value>
         <object_component_ref idref="oc-35f"/>
      </symbol>
      <symbol id="sm-4c8">
         <name>unlink</name>
         <value>0x927d</value>
         <object_component_ref idref="oc-38b"/>
      </symbol>
      <symbol id="sm-4d2">
         <name>HOSTclose</name>
         <value>0x8cc1</value>
         <object_component_ref idref="oc-33f"/>
      </symbol>
      <symbol id="sm-4dc">
         <name>HOSTlseek</name>
         <value>0x7f59</value>
         <object_component_ref idref="oc-34b"/>
      </symbol>
      <symbol id="sm-4e6">
         <name>HOSTopen</name>
         <value>0x85dd</value>
         <object_component_ref idref="oc-33b"/>
      </symbol>
      <symbol id="sm-4e7">
         <name>parmbuf</name>
         <value>0x20200efc</value>
         <object_component_ref idref="oc-371"/>
      </symbol>
      <symbol id="sm-4f1">
         <name>HOSTread</name>
         <value>0x8935</value>
         <object_component_ref idref="oc-343"/>
      </symbol>
      <symbol id="sm-502">
         <name>HOSTrename</name>
         <value>0x7fc5</value>
         <object_component_ref idref="oc-353"/>
      </symbol>
      <symbol id="sm-50c">
         <name>HOSTunlink</name>
         <value>0x8d09</value>
         <object_component_ref idref="oc-34f"/>
      </symbol>
      <symbol id="sm-516">
         <name>HOSTwrite</name>
         <value>0x898d</value>
         <object_component_ref idref="oc-347"/>
      </symbol>
      <symbol id="sm-524">
         <name>C$$IO$$</name>
         <value>0x90bd</value>
         <object_component_ref idref="oc-36a"/>
      </symbol>
      <symbol id="sm-525">
         <name>__TI_writemsg</name>
         <value>0x9091</value>
         <object_component_ref idref="oc-36a"/>
      </symbol>
      <symbol id="sm-526">
         <name>__CIOBUF_</name>
         <value>0x20200c80</value>
         <object_component_ref idref="oc-392"/>
      </symbol>
      <symbol id="sm-527">
         <name>__TI_readmsg</name>
         <value>0x905d</value>
         <object_component_ref idref="oc-370"/>
      </symbol>
      <symbol id="sm-528">
         <name>_CIOBUF_</name>
         <value>0x20200c80</value>
         <object_component_ref idref="oc-392"/>
      </symbol>
      <symbol id="sm-52e">
         <name>__aeabi_fadd</name>
         <value>0x7247</value>
         <object_component_ref idref="oc-8f"/>
      </symbol>
      <symbol id="sm-52f">
         <name>__addsf3</name>
         <value>0x7247</value>
         <object_component_ref idref="oc-8f"/>
      </symbol>
      <symbol id="sm-530">
         <name>__aeabi_fsub</name>
         <value>0x723d</value>
         <object_component_ref idref="oc-8f"/>
      </symbol>
      <symbol id="sm-531">
         <name>__subsf3</name>
         <value>0x723d</value>
         <object_component_ref idref="oc-8f"/>
      </symbol>
      <symbol id="sm-537">
         <name>__aeabi_dadd</name>
         <value>0x521b</value>
         <object_component_ref idref="oc-213"/>
      </symbol>
      <symbol id="sm-538">
         <name>__adddf3</name>
         <value>0x521b</value>
         <object_component_ref idref="oc-213"/>
      </symbol>
      <symbol id="sm-539">
         <name>__aeabi_dsub</name>
         <value>0x5211</value>
         <object_component_ref idref="oc-213"/>
      </symbol>
      <symbol id="sm-53a">
         <name>__subdf3</name>
         <value>0x5211</value>
         <object_component_ref idref="oc-213"/>
      </symbol>
      <symbol id="sm-546">
         <name>__aeabi_dmul</name>
         <value>0x6d05</value>
         <object_component_ref idref="oc-7f"/>
      </symbol>
      <symbol id="sm-547">
         <name>__muldf3</name>
         <value>0x6d05</value>
         <object_component_ref idref="oc-7f"/>
      </symbol>
      <symbol id="sm-550">
         <name>__muldsi3</name>
         <value>0x8f81</value>
         <object_component_ref idref="oc-ee"/>
      </symbol>
      <symbol id="sm-556">
         <name>__aeabi_fmul</name>
         <value>0x79cd</value>
         <object_component_ref idref="oc-8b"/>
      </symbol>
      <symbol id="sm-557">
         <name>__mulsf3</name>
         <value>0x79cd</value>
         <object_component_ref idref="oc-8b"/>
      </symbol>
      <symbol id="sm-55d">
         <name>__aeabi_fdiv</name>
         <value>0x7bf9</value>
         <object_component_ref idref="oc-19a"/>
      </symbol>
      <symbol id="sm-55e">
         <name>__divsf3</name>
         <value>0x7bf9</value>
         <object_component_ref idref="oc-19a"/>
      </symbol>
      <symbol id="sm-564">
         <name>__aeabi_ddiv</name>
         <value>0x6339</value>
         <object_component_ref idref="oc-83"/>
      </symbol>
      <symbol id="sm-565">
         <name>__divdf3</name>
         <value>0x6339</value>
         <object_component_ref idref="oc-83"/>
      </symbol>
      <symbol id="sm-56e">
         <name>__aeabi_f2d</name>
         <value>0x8dd5</value>
         <object_component_ref idref="oc-7b"/>
      </symbol>
      <symbol id="sm-56f">
         <name>__extendsfdf2</name>
         <value>0x8dd5</value>
         <object_component_ref idref="oc-7b"/>
      </symbol>
      <symbol id="sm-575">
         <name>__aeabi_d2iz</name>
         <value>0x8c2d</value>
         <object_component_ref idref="oc-2d1"/>
      </symbol>
      <symbol id="sm-576">
         <name>__fixdfsi</name>
         <value>0x8c2d</value>
         <object_component_ref idref="oc-2d1"/>
      </symbol>
      <symbol id="sm-57c">
         <name>__aeabi_f2iz</name>
         <value>0x8fbd</value>
         <object_component_ref idref="oc-a5"/>
      </symbol>
      <symbol id="sm-57d">
         <name>__fixsfsi</name>
         <value>0x8fbd</value>
         <object_component_ref idref="oc-a5"/>
      </symbol>
      <symbol id="sm-583">
         <name>__aeabi_i2d</name>
         <value>0x9251</value>
         <object_component_ref idref="oc-2d9"/>
      </symbol>
      <symbol id="sm-584">
         <name>__floatsidf</name>
         <value>0x9251</value>
         <object_component_ref idref="oc-2d9"/>
      </symbol>
      <symbol id="sm-58a">
         <name>__aeabi_i2f</name>
         <value>0x8e91</value>
         <object_component_ref idref="oc-77"/>
      </symbol>
      <symbol id="sm-58b">
         <name>__floatsisf</name>
         <value>0x8e91</value>
         <object_component_ref idref="oc-77"/>
      </symbol>
      <symbol id="sm-591">
         <name>__aeabi_ui2f</name>
         <value>0x92a9</value>
         <object_component_ref idref="oc-25e"/>
      </symbol>
      <symbol id="sm-592">
         <name>__floatunsisf</name>
         <value>0x92a9</value>
         <object_component_ref idref="oc-25e"/>
      </symbol>
      <symbol id="sm-598">
         <name>__aeabi_lmul</name>
         <value>0x9399</value>
         <object_component_ref idref="oc-28a"/>
      </symbol>
      <symbol id="sm-599">
         <name>__muldi3</name>
         <value>0x9399</value>
         <object_component_ref idref="oc-28a"/>
      </symbol>
      <symbol id="sm-5a0">
         <name>__aeabi_d2f</name>
         <value>0x7e71</value>
         <object_component_ref idref="oc-87"/>
      </symbol>
      <symbol id="sm-5a1">
         <name>__truncdfsf2</name>
         <value>0x7e71</value>
         <object_component_ref idref="oc-87"/>
      </symbol>
      <symbol id="sm-5a7">
         <name>__aeabi_dcmpeq</name>
         <value>0x84b5</value>
         <object_component_ref idref="oc-217"/>
      </symbol>
      <symbol id="sm-5a8">
         <name>__aeabi_dcmplt</name>
         <value>0x84c9</value>
         <object_component_ref idref="oc-217"/>
      </symbol>
      <symbol id="sm-5a9">
         <name>__aeabi_dcmple</name>
         <value>0x84dd</value>
         <object_component_ref idref="oc-217"/>
      </symbol>
      <symbol id="sm-5aa">
         <name>__aeabi_dcmpge</name>
         <value>0x84f1</value>
         <object_component_ref idref="oc-217"/>
      </symbol>
      <symbol id="sm-5ab">
         <name>__aeabi_dcmpgt</name>
         <value>0x8505</value>
         <object_component_ref idref="oc-217"/>
      </symbol>
      <symbol id="sm-5b1">
         <name>__aeabi_fcmpeq</name>
         <value>0x8519</value>
         <object_component_ref idref="oc-a1"/>
      </symbol>
      <symbol id="sm-5b2">
         <name>__aeabi_fcmplt</name>
         <value>0x852d</value>
         <object_component_ref idref="oc-a1"/>
      </symbol>
      <symbol id="sm-5b3">
         <name>__aeabi_fcmple</name>
         <value>0x8541</value>
         <object_component_ref idref="oc-a1"/>
      </symbol>
      <symbol id="sm-5b4">
         <name>__aeabi_fcmpge</name>
         <value>0x8555</value>
         <object_component_ref idref="oc-a1"/>
      </symbol>
      <symbol id="sm-5b5">
         <name>__aeabi_fcmpgt</name>
         <value>0x8569</value>
         <object_component_ref idref="oc-a1"/>
      </symbol>
      <symbol id="sm-5bb">
         <name>__aeabi_idiv</name>
         <value>0x8a95</value>
         <object_component_ref idref="oc-306"/>
      </symbol>
      <symbol id="sm-5bc">
         <name>__aeabi_idivmod</name>
         <value>0x8a95</value>
         <object_component_ref idref="oc-306"/>
      </symbol>
      <symbol id="sm-5c2">
         <name>__aeabi_memcpy</name>
         <value>0x96b9</value>
         <object_component_ref idref="oc-4f"/>
      </symbol>
      <symbol id="sm-5c3">
         <name>__aeabi_memcpy4</name>
         <value>0x96b9</value>
         <object_component_ref idref="oc-4f"/>
      </symbol>
      <symbol id="sm-5c4">
         <name>__aeabi_memcpy8</name>
         <value>0x96b9</value>
         <object_component_ref idref="oc-4f"/>
      </symbol>
      <symbol id="sm-5cd">
         <name>__aeabi_memset</name>
         <value>0x95e9</value>
         <object_component_ref idref="oc-27a"/>
      </symbol>
      <symbol id="sm-5ce">
         <name>__aeabi_memset4</name>
         <value>0x95e9</value>
         <object_component_ref idref="oc-27a"/>
      </symbol>
      <symbol id="sm-5cf">
         <name>__aeabi_memset8</name>
         <value>0x95e9</value>
         <object_component_ref idref="oc-27a"/>
      </symbol>
      <symbol id="sm-5d0">
         <name>__aeabi_memclr</name>
         <value>0x7e65</value>
         <object_component_ref idref="oc-c6"/>
      </symbol>
      <symbol id="sm-5d1">
         <name>__aeabi_memclr4</name>
         <value>0x7e65</value>
         <object_component_ref idref="oc-c6"/>
      </symbol>
      <symbol id="sm-5d2">
         <name>__aeabi_memclr8</name>
         <value>0x7e65</value>
         <object_component_ref idref="oc-c6"/>
      </symbol>
      <symbol id="sm-5d8">
         <name>__aeabi_uidiv</name>
         <value>0x8d95</value>
         <object_component_ref idref="oc-1fa"/>
      </symbol>
      <symbol id="sm-5d9">
         <name>__aeabi_uidivmod</name>
         <value>0x8d95</value>
         <object_component_ref idref="oc-1fa"/>
      </symbol>
      <symbol id="sm-5df">
         <name>__aeabi_uldivmod</name>
         <value>0x9505</value>
         <object_component_ref idref="oc-28f"/>
      </symbol>
      <symbol id="sm-5e8">
         <name>__eqsf2</name>
         <value>0x8f45</value>
         <object_component_ref idref="oc-ff"/>
      </symbol>
      <symbol id="sm-5e9">
         <name>__lesf2</name>
         <value>0x8f45</value>
         <object_component_ref idref="oc-ff"/>
      </symbol>
      <symbol id="sm-5ea">
         <name>__ltsf2</name>
         <value>0x8f45</value>
         <object_component_ref idref="oc-ff"/>
      </symbol>
      <symbol id="sm-5eb">
         <name>__nesf2</name>
         <value>0x8f45</value>
         <object_component_ref idref="oc-ff"/>
      </symbol>
      <symbol id="sm-5ec">
         <name>__cmpsf2</name>
         <value>0x8f45</value>
         <object_component_ref idref="oc-ff"/>
      </symbol>
      <symbol id="sm-5ed">
         <name>__gtsf2</name>
         <value>0x8ecd</value>
         <object_component_ref idref="oc-104"/>
      </symbol>
      <symbol id="sm-5ee">
         <name>__gesf2</name>
         <value>0x8ecd</value>
         <object_component_ref idref="oc-104"/>
      </symbol>
      <symbol id="sm-5f4">
         <name>__udivmoddi4</name>
         <value>0x7765</value>
         <object_component_ref idref="oc-2c4"/>
      </symbol>
      <symbol id="sm-5fa">
         <name>__aeabi_llsl</name>
         <value>0x9429</value>
         <object_component_ref idref="oc-2fa"/>
      </symbol>
      <symbol id="sm-5fb">
         <name>__ashldi3</name>
         <value>0x9429</value>
         <object_component_ref idref="oc-2fa"/>
      </symbol>
      <symbol id="sm-609">
         <name>__ledf2</name>
         <value>0x82b5</value>
         <object_component_ref idref="oc-268"/>
      </symbol>
      <symbol id="sm-60a">
         <name>__gedf2</name>
         <value>0x7df1</value>
         <object_component_ref idref="oc-26e"/>
      </symbol>
      <symbol id="sm-60b">
         <name>__cmpdf2</name>
         <value>0x82b5</value>
         <object_component_ref idref="oc-268"/>
      </symbol>
      <symbol id="sm-60c">
         <name>__eqdf2</name>
         <value>0x82b5</value>
         <object_component_ref idref="oc-268"/>
      </symbol>
      <symbol id="sm-60d">
         <name>__ltdf2</name>
         <value>0x82b5</value>
         <object_component_ref idref="oc-268"/>
      </symbol>
      <symbol id="sm-60e">
         <name>__nedf2</name>
         <value>0x82b5</value>
         <object_component_ref idref="oc-268"/>
      </symbol>
      <symbol id="sm-60f">
         <name>__gtdf2</name>
         <value>0x7df1</value>
         <object_component_ref idref="oc-26e"/>
      </symbol>
      <symbol id="sm-61c">
         <name>__aeabi_idiv0</name>
         <value>0x7807</value>
         <object_component_ref idref="oc-258"/>
      </symbol>
      <symbol id="sm-61d">
         <name>__aeabi_ldiv0</name>
         <value>0x793f</value>
         <object_component_ref idref="oc-2f9"/>
      </symbol>
      <symbol id="sm-62b">
         <name>finddevice</name>
         <value>0x90f9</value>
         <object_component_ref idref="oc-39e"/>
      </symbol>
      <symbol id="sm-62c">
         <name>getdevice</name>
         <value>0x809d</value>
         <object_component_ref idref="oc-395"/>
      </symbol>
      <symbol id="sm-645">
         <name>memcpy</name>
         <value>0x78a5</value>
         <object_component_ref idref="oc-10e"/>
      </symbol>
      <symbol id="sm-654">
         <name>memset</name>
         <value>0x857b</value>
         <object_component_ref idref="oc-15d"/>
      </symbol>
      <symbol id="sm-65c">
         <name>strcmp</name>
         <value>0x7b71</value>
         <object_component_ref idref="oc-3a1"/>
      </symbol>
      <symbol id="sm-65d">
         <name>__TI_static_base__</name>
         <value>0x0</value>
      </symbol>
      <symbol id="sm-661">
         <name>__mpu_init</name>
         <value>0x0</value>
      </symbol>
      <symbol id="sm-662">
         <name>_system_post_cinit</name>
         <value>0x0</value>
      </symbol>
   </symbol_table>
   <title>Link successful</title>
</link_info>
