<?xml version="1.0" encoding="ISO-8859-1" ?>
<link_info>
   <banner>TI ARM Clang Linker PC v4.0.4.LTS</banner>
   <copyright>Copyright (c) 1996-2018 Texas Instruments Incorporated</copyright>
   <command_line>D:\CCS_20.5.0.00028_win\ccs2050\ccs\tools\compiler\ti-cgt-armllvm_4.0.4.LTS\bin\tiarmlnk -ID:\CCS_20.5.0.00028_win\ccs2050\ccs\tools\compiler\ti-cgt-armllvm_4.0.4.LTS\lib -o 05_MOTOR _backup2.out -m05_MOTOR _backup2.map -iD:/CCS_20.5.0.00028_win/ccs2050/mspm0_sdk_2_10_00_04/source -iE:/control_Practice/05_MOTOR _backup2 -iE:/control_Practice/05_MOTOR _backup2/Debug/syscfg -iD:/CCS_20.5.0.00028_win/ccs2050/ccs/tools/compiler/ti-cgt-armllvm_4.0.4.LTS/lib --diag_wrap=off --display_error_number --warn_sections --xml_link_info=05_MOTOR _backup2_linkInfo.xml --rom_model ./ti_msp_dl_config.o ./startup_mspm0g350x_ticlang.o ./main.o ./user_driver/delay.o ./user_driver/idle.o ./user_driver/inv_mpu.o ./user_driver/inv_mpu_dmp_motion_driver.o ./user_driver/key.o ./user_driver/motor.o ./user_driver/mpu_nav.o ./user_driver/mpu_port.o ./user_driver/oled.o ./user_driver/tracker.o ./user_driver/uart.o -l./device_linker.cmd -ldevice.cmd.genlibs -llibc.a --start-group -llibc++.a -llibc++abi.a -llibc.a -llibsys.a -llibsysbm.a -llibclang_rt.builtins.a -llibclang_rt.profile.a --end-group --cg_opt_level=2</command_line>
   <link_time>0x6a1ab4c9</link_time>
   <link_errors>0x0</link_errors>
   <output_file>E:\control_Practice\05_MOTOR _backup2\Debug\05_MOTOR _backup2.out</output_file>
   <entry_point>
      <name>_c_int00_noargs</name>
      <address>0x61a9</address>
   </entry_point>
   <input_file_list>
      <input_file id="fl-1">
         <path>E:\control_Practice\05_MOTOR _backup2\Debug\.\</path>
         <kind>object</kind>
         <file>ti_msp_dl_config.o</file>
         <name>ti_msp_dl_config.o</name>
      </input_file>
      <input_file id="fl-2">
         <path>E:\control_Practice\05_MOTOR _backup2\Debug\.\</path>
         <kind>object</kind>
         <file>startup_mspm0g350x_ticlang.o</file>
         <name>startup_mspm0g350x_ticlang.o</name>
      </input_file>
      <input_file id="fl-3">
         <path>E:\control_Practice\05_MOTOR _backup2\Debug\.\</path>
         <kind>object</kind>
         <file>main.o</file>
         <name>main.o</name>
      </input_file>
      <input_file id="fl-4">
         <path>E:\control_Practice\05_MOTOR _backup2\Debug\.\user_driver\</path>
         <kind>object</kind>
         <file>delay.o</file>
         <name>delay.o</name>
      </input_file>
      <input_file id="fl-5">
         <path>E:\control_Practice\05_MOTOR _backup2\Debug\.\user_driver\</path>
         <kind>object</kind>
         <file>idle.o</file>
         <name>idle.o</name>
      </input_file>
      <input_file id="fl-6">
         <path>E:\control_Practice\05_MOTOR _backup2\Debug\.\user_driver\</path>
         <kind>object</kind>
         <file>inv_mpu.o</file>
         <name>inv_mpu.o</name>
      </input_file>
      <input_file id="fl-7">
         <path>E:\control_Practice\05_MOTOR _backup2\Debug\.\user_driver\</path>
         <kind>object</kind>
         <file>inv_mpu_dmp_motion_driver.o</file>
         <name>inv_mpu_dmp_motion_driver.o</name>
      </input_file>
      <input_file id="fl-8">
         <path>E:\control_Practice\05_MOTOR _backup2\Debug\.\user_driver\</path>
         <kind>object</kind>
         <file>key.o</file>
         <name>key.o</name>
      </input_file>
      <input_file id="fl-9">
         <path>E:\control_Practice\05_MOTOR _backup2\Debug\.\user_driver\</path>
         <kind>object</kind>
         <file>motor.o</file>
         <name>motor.o</name>
      </input_file>
      <input_file id="fl-a">
         <path>E:\control_Practice\05_MOTOR _backup2\Debug\.\user_driver\</path>
         <kind>object</kind>
         <file>mpu_nav.o</file>
         <name>mpu_nav.o</name>
      </input_file>
      <input_file id="fl-b">
         <path>E:\control_Practice\05_MOTOR _backup2\Debug\.\user_driver\</path>
         <kind>object</kind>
         <file>mpu_port.o</file>
         <name>mpu_port.o</name>
      </input_file>
      <input_file id="fl-c">
         <path>E:\control_Practice\05_MOTOR _backup2\Debug\.\user_driver\</path>
         <kind>object</kind>
         <file>oled.o</file>
         <name>oled.o</name>
      </input_file>
      <input_file id="fl-d">
         <path>E:\control_Practice\05_MOTOR _backup2\Debug\.\user_driver\</path>
         <kind>object</kind>
         <file>tracker.o</file>
         <name>tracker.o</name>
      </input_file>
      <input_file id="fl-e">
         <path>E:\control_Practice\05_MOTOR _backup2\Debug\.\user_driver\</path>
         <kind>object</kind>
         <file>uart.o</file>
         <name>uart.o</name>
      </input_file>
      <input_file id="fl-1b">
         <path>E:\control_Practice\05_MOTOR _backup2\Debug\</path>
         <kind>object</kind>
         <file>&lt;internal&gt;</file>
         <name>&lt;internal&gt;</name>
      </input_file>
      <input_file id="fl-1c">
         <path>D:\CCS_20.5.0.00028_win\ccs2050\mspm0_sdk_2_10_00_04\source\ti\driverlib\lib\ticlang\m0p\mspm0g1x0x_g3x0x\</path>
         <kind>archive</kind>
         <file>driverlib.a</file>
         <name>dl_common.o</name>
      </input_file>
      <input_file id="fl-1d">
         <path>D:\CCS_20.5.0.00028_win\ccs2050\mspm0_sdk_2_10_00_04\source\ti\driverlib\lib\ticlang\m0p\mspm0g1x0x_g3x0x\</path>
         <kind>archive</kind>
         <file>driverlib.a</file>
         <name>dl_i2c.o</name>
      </input_file>
      <input_file id="fl-1e">
         <path>D:\CCS_20.5.0.00028_win\ccs2050\mspm0_sdk_2_10_00_04\source\ti\driverlib\lib\ticlang\m0p\mspm0g1x0x_g3x0x\</path>
         <kind>archive</kind>
         <file>driverlib.a</file>
         <name>dl_timer.o</name>
      </input_file>
      <input_file id="fl-1f">
         <path>D:\CCS_20.5.0.00028_win\ccs2050\mspm0_sdk_2_10_00_04\source\ti\driverlib\lib\ticlang\m0p\mspm0g1x0x_g3x0x\</path>
         <kind>archive</kind>
         <file>driverlib.a</file>
         <name>dl_uart.o</name>
      </input_file>
      <input_file id="fl-20">
         <path>D:\CCS_20.5.0.00028_win\ccs2050\mspm0_sdk_2_10_00_04\source\ti\driverlib\lib\ticlang\m0p\mspm0g1x0x_g3x0x\</path>
         <kind>archive</kind>
         <file>driverlib.a</file>
         <name>dl_sysctl_mspm0g1x0x_g3x0x.o</name>
      </input_file>
      <input_file id="fl-37">
         <path>D:\CCS_20.5.0.00028_win\ccs2050\ccs\tools\compiler\ti-cgt-armllvm_4.0.4.LTS\lib\armv6m-ti-none-eabi\c\</path>
         <kind>archive</kind>
         <file>libc.a</file>
         <name>e_asin.c.obj</name>
      </input_file>
      <input_file id="fl-38">
         <path>D:\CCS_20.5.0.00028_win\ccs2050\ccs\tools\compiler\ti-cgt-armllvm_4.0.4.LTS\lib\armv6m-ti-none-eabi\c\</path>
         <kind>archive</kind>
         <file>libc.a</file>
         <name>e_atan2.c.obj</name>
      </input_file>
      <input_file id="fl-39">
         <path>D:\CCS_20.5.0.00028_win\ccs2050\ccs\tools\compiler\ti-cgt-armllvm_4.0.4.LTS\lib\armv6m-ti-none-eabi\c\</path>
         <kind>archive</kind>
         <file>libc.a</file>
         <name>e_sqrt.c.obj</name>
      </input_file>
      <input_file id="fl-3a">
         <path>D:\CCS_20.5.0.00028_win\ccs2050\ccs\tools\compiler\ti-cgt-armllvm_4.0.4.LTS\lib\armv6m-ti-none-eabi\c\</path>
         <kind>archive</kind>
         <file>libc.a</file>
         <name>s_atan.c.obj</name>
      </input_file>
      <input_file id="fl-3b">
         <path>D:\CCS_20.5.0.00028_win\ccs2050\ccs\tools\compiler\ti-cgt-armllvm_4.0.4.LTS\lib\armv6m-ti-none-eabi\c\</path>
         <kind>archive</kind>
         <file>libc.a</file>
         <name>printf.c.obj</name>
      </input_file>
      <input_file id="fl-3c">
         <path>D:\CCS_20.5.0.00028_win\ccs2050\ccs\tools\compiler\ti-cgt-armllvm_4.0.4.LTS\lib\armv6m-ti-none-eabi\c\</path>
         <kind>archive</kind>
         <file>libc.a</file>
         <name>_printfi.c.obj</name>
      </input_file>
      <input_file id="fl-3d">
         <path>D:\CCS_20.5.0.00028_win\ccs2050\ccs\tools\compiler\ti-cgt-armllvm_4.0.4.LTS\lib\armv6m-ti-none-eabi\c\</path>
         <kind>archive</kind>
         <file>libc.a</file>
         <name>snprintf.c.obj</name>
      </input_file>
      <input_file id="fl-3e">
         <path>D:\CCS_20.5.0.00028_win\ccs2050\ccs\tools\compiler\ti-cgt-armllvm_4.0.4.LTS\lib\armv6m-ti-none-eabi\c\</path>
         <kind>archive</kind>
         <file>libc.a</file>
         <name>fputc.c.obj</name>
      </input_file>
      <input_file id="fl-3f">
         <path>D:\CCS_20.5.0.00028_win\ccs2050\ccs\tools\compiler\ti-cgt-armllvm_4.0.4.LTS\lib\armv6m-ti-none-eabi\c\</path>
         <kind>archive</kind>
         <file>libc.a</file>
         <name>fputs.c.obj</name>
      </input_file>
      <input_file id="fl-40">
         <path>D:\CCS_20.5.0.00028_win\ccs2050\ccs\tools\compiler\ti-cgt-armllvm_4.0.4.LTS\lib\armv6m-ti-none-eabi\c\</path>
         <kind>archive</kind>
         <file>libc.a</file>
         <name>_io_perm.c.obj</name>
      </input_file>
      <input_file id="fl-41">
         <path>D:\CCS_20.5.0.00028_win\ccs2050\ccs\tools\compiler\ti-cgt-armllvm_4.0.4.LTS\lib\armv6m-ti-none-eabi\c\</path>
         <kind>archive</kind>
         <file>libc.a</file>
         <name>setvbuf.c.obj</name>
      </input_file>
      <input_file id="fl-42">
         <path>D:\CCS_20.5.0.00028_win\ccs2050\ccs\tools\compiler\ti-cgt-armllvm_4.0.4.LTS\lib\armv6m-ti-none-eabi\c\</path>
         <kind>archive</kind>
         <file>libc.a</file>
         <name>aeabi_portable.c.obj</name>
      </input_file>
      <input_file id="fl-43">
         <path>D:\CCS_20.5.0.00028_win\ccs2050\ccs\tools\compiler\ti-cgt-armllvm_4.0.4.LTS\lib\armv6m-ti-none-eabi\c\</path>
         <kind>archive</kind>
         <file>libc.a</file>
         <name>exit.c.obj</name>
      </input_file>
      <input_file id="fl-44">
         <path>D:\CCS_20.5.0.00028_win\ccs2050\ccs\tools\compiler\ti-cgt-armllvm_4.0.4.LTS\lib\armv6m-ti-none-eabi\c\</path>
         <kind>archive</kind>
         <file>libc.a</file>
         <name>_lock.c.obj</name>
      </input_file>
      <input_file id="fl-45">
         <path>D:\CCS_20.5.0.00028_win\ccs2050\ccs\tools\compiler\ti-cgt-armllvm_4.0.4.LTS\lib\armv6m-ti-none-eabi\c\</path>
         <kind>archive</kind>
         <file>libc.a</file>
         <name>_ltoa.c.obj</name>
      </input_file>
      <input_file id="fl-46">
         <path>D:\CCS_20.5.0.00028_win\ccs2050\ccs\tools\compiler\ti-cgt-armllvm_4.0.4.LTS\lib\armv6m-ti-none-eabi\c\</path>
         <kind>archive</kind>
         <file>libc.a</file>
         <name>assert.c.obj</name>
      </input_file>
      <input_file id="fl-47">
         <path>D:\CCS_20.5.0.00028_win\ccs2050\ccs\tools\compiler\ti-cgt-armllvm_4.0.4.LTS\lib\armv6m-ti-none-eabi\c\</path>
         <kind>archive</kind>
         <file>libc.a</file>
         <name>atoi.c.obj</name>
      </input_file>
      <input_file id="fl-48">
         <path>D:\CCS_20.5.0.00028_win\ccs2050\ccs\tools\compiler\ti-cgt-armllvm_4.0.4.LTS\lib\armv6m-ti-none-eabi\c\</path>
         <kind>archive</kind>
         <file>libc.a</file>
         <name>defs.c.obj</name>
      </input_file>
      <input_file id="fl-49">
         <path>D:\CCS_20.5.0.00028_win\ccs2050\ccs\tools\compiler\ti-cgt-armllvm_4.0.4.LTS\lib\armv6m-ti-none-eabi\c\</path>
         <kind>archive</kind>
         <file>libc.a</file>
         <name>memccpy.c.obj</name>
      </input_file>
      <input_file id="fl-4a">
         <path>D:\CCS_20.5.0.00028_win\ccs2050\ccs\tools\compiler\ti-cgt-armllvm_4.0.4.LTS\lib\armv6m-ti-none-eabi\c\</path>
         <kind>archive</kind>
         <file>libc.a</file>
         <name>memory.c.obj</name>
      </input_file>
      <input_file id="fl-4b">
         <path>D:\CCS_20.5.0.00028_win\ccs2050\ccs\tools\compiler\ti-cgt-armllvm_4.0.4.LTS\lib\armv6m-ti-none-eabi\c\</path>
         <kind>archive</kind>
         <file>libc.a</file>
         <name>boot_cortex_m.c.obj</name>
      </input_file>
      <input_file id="fl-4c">
         <path>D:\CCS_20.5.0.00028_win\ccs2050\ccs\tools\compiler\ti-cgt-armllvm_4.0.4.LTS\lib\armv6m-ti-none-eabi\c\</path>
         <kind>archive</kind>
         <file>libc.a</file>
         <name>mathacl_init.c.obj</name>
      </input_file>
      <input_file id="fl-4d">
         <path>D:\CCS_20.5.0.00028_win\ccs2050\ccs\tools\compiler\ti-cgt-armllvm_4.0.4.LTS\lib\armv6m-ti-none-eabi\c\</path>
         <kind>archive</kind>
         <file>libc.a</file>
         <name>autoinit.c.obj</name>
      </input_file>
      <input_file id="fl-4e">
         <path>D:\CCS_20.5.0.00028_win\ccs2050\ccs\tools\compiler\ti-cgt-armllvm_4.0.4.LTS\lib\armv6m-ti-none-eabi\c\</path>
         <kind>archive</kind>
         <file>libc.a</file>
         <name>pre_init.c.obj</name>
      </input_file>
      <input_file id="fl-4f">
         <path>D:\CCS_20.5.0.00028_win\ccs2050\ccs\tools\compiler\ti-cgt-armllvm_4.0.4.LTS\lib\armv6m-ti-none-eabi\c\</path>
         <kind>archive</kind>
         <file>libc.a</file>
         <name>cpy_tbl.c.obj</name>
      </input_file>
      <input_file id="fl-50">
         <path>D:\CCS_20.5.0.00028_win\ccs2050\ccs\tools\compiler\ti-cgt-armllvm_4.0.4.LTS\lib\armv6m-ti-none-eabi\c\</path>
         <kind>archive</kind>
         <file>libc.a</file>
         <name>copy_zero_init.c.obj</name>
      </input_file>
      <input_file id="fl-51">
         <path>D:\CCS_20.5.0.00028_win\ccs2050\ccs\tools\compiler\ti-cgt-armllvm_4.0.4.LTS\lib\armv6m-ti-none-eabi\c\</path>
         <kind>archive</kind>
         <file>libc.a</file>
         <name>copy_decompress_none.c.obj</name>
      </input_file>
      <input_file id="fl-52">
         <path>D:\CCS_20.5.0.00028_win\ccs2050\ccs\tools\compiler\ti-cgt-armllvm_4.0.4.LTS\lib\armv6m-ti-none-eabi\c\</path>
         <kind>archive</kind>
         <file>libc.a</file>
         <name>copy_decompress_lzss.c.obj</name>
      </input_file>
      <input_file id="fl-53">
         <path>D:\CCS_20.5.0.00028_win\ccs2050\ccs\tools\compiler\ti-cgt-armllvm_4.0.4.LTS\lib\armv6m-ti-none-eabi\c\</path>
         <kind>archive</kind>
         <file>libc.a</file>
         <name>s_frexp.c.obj</name>
      </input_file>
      <input_file id="fl-54">
         <path>D:\CCS_20.5.0.00028_win\ccs2050\ccs\tools\compiler\ti-cgt-armllvm_4.0.4.LTS\lib\armv6m-ti-none-eabi\c\</path>
         <kind>archive</kind>
         <file>libc.a</file>
         <name>s_scalbn.c.obj</name>
      </input_file>
      <input_file id="fl-55">
         <path>D:\CCS_20.5.0.00028_win\ccs2050\ccs\tools\compiler\ti-cgt-armllvm_4.0.4.LTS\lib\armv6m-ti-none-eabi\c\</path>
         <kind>archive</kind>
         <file>libc.a</file>
         <name>wcslen.c.obj</name>
      </input_file>
      <input_file id="fl-56">
         <path>D:\CCS_20.5.0.00028_win\ccs2050\ccs\tools\compiler\ti-cgt-armllvm_4.0.4.LTS\lib\armv6m-ti-none-eabi\c\</path>
         <kind>archive</kind>
         <file>libc.a</file>
         <name>sprintf.c.obj</name>
      </input_file>
      <input_file id="fl-57">
         <path>D:\CCS_20.5.0.00028_win\ccs2050\ccs\tools\compiler\ti-cgt-armllvm_4.0.4.LTS\lib\armv6m-ti-none-eabi\c\</path>
         <kind>archive</kind>
         <file>libc.a</file>
         <name>fflush.c.obj</name>
      </input_file>
      <input_file id="fl-58">
         <path>D:\CCS_20.5.0.00028_win\ccs2050\ccs\tools\compiler\ti-cgt-armllvm_4.0.4.LTS\lib\armv6m-ti-none-eabi\c\</path>
         <kind>archive</kind>
         <file>libc.a</file>
         <name>fopen.c.obj</name>
      </input_file>
      <input_file id="fl-59">
         <path>D:\CCS_20.5.0.00028_win\ccs2050\ccs\tools\compiler\ti-cgt-armllvm_4.0.4.LTS\lib\armv6m-ti-none-eabi\c\</path>
         <kind>archive</kind>
         <file>libc.a</file>
         <name>fseek.c.obj</name>
      </input_file>
      <input_file id="fl-5a">
         <path>D:\CCS_20.5.0.00028_win\ccs2050\ccs\tools\compiler\ti-cgt-armllvm_4.0.4.LTS\lib\armv6m-ti-none-eabi\c\</path>
         <kind>archive</kind>
         <file>libc.a</file>
         <name>aeabi_ctype.S.obj</name>
      </input_file>
      <input_file id="fl-5b">
         <path>D:\CCS_20.5.0.00028_win\ccs2050\ccs\tools\compiler\ti-cgt-armllvm_4.0.4.LTS\lib\armv6m-ti-none-eabi\c\</path>
         <kind>archive</kind>
         <file>libc.a</file>
         <name>args_main.c.obj</name>
      </input_file>
      <input_file id="fl-5c">
         <path>D:\CCS_20.5.0.00028_win\ccs2050\ccs\tools\compiler\ti-cgt-armllvm_4.0.4.LTS\lib\armv6m-ti-none-eabi\c\</path>
         <kind>archive</kind>
         <file>libc.a</file>
         <name>fclose.c.obj</name>
      </input_file>
      <input_file id="fl-fc">
         <path>D:\CCS_20.5.0.00028_win\ccs2050\ccs\tools\compiler\ti-cgt-armllvm_4.0.4.LTS\lib\armv6m-ti-none-eabi\c\</path>
         <kind>archive</kind>
         <file>libsysbm.a</file>
         <name>hostexit.c.obj</name>
      </input_file>
      <input_file id="fl-fd">
         <path>D:\CCS_20.5.0.00028_win\ccs2050\ccs\tools\compiler\ti-cgt-armllvm_4.0.4.LTS\lib\armv6m-ti-none-eabi\c\</path>
         <kind>archive</kind>
         <file>libsysbm.a</file>
         <name>write.c.obj</name>
      </input_file>
      <input_file id="fl-fe">
         <path>D:\CCS_20.5.0.00028_win\ccs2050\ccs\tools\compiler\ti-cgt-armllvm_4.0.4.LTS\lib\armv6m-ti-none-eabi\c\</path>
         <kind>archive</kind>
         <file>libsysbm.a</file>
         <name>host_device.c.obj</name>
      </input_file>
      <input_file id="fl-ff">
         <path>D:\CCS_20.5.0.00028_win\ccs2050\ccs\tools\compiler\ti-cgt-armllvm_4.0.4.LTS\lib\armv6m-ti-none-eabi\c\</path>
         <kind>archive</kind>
         <file>libsysbm.a</file>
         <name>remove.c.obj</name>
      </input_file>
      <input_file id="fl-100">
         <path>D:\CCS_20.5.0.00028_win\ccs2050\ccs\tools\compiler\ti-cgt-armllvm_4.0.4.LTS\lib\armv6m-ti-none-eabi\c\</path>
         <kind>archive</kind>
         <file>libsysbm.a</file>
         <name>open.c.obj</name>
      </input_file>
      <input_file id="fl-101">
         <path>D:\CCS_20.5.0.00028_win\ccs2050\ccs\tools\compiler\ti-cgt-armllvm_4.0.4.LTS\lib\armv6m-ti-none-eabi\c\</path>
         <kind>archive</kind>
         <file>libsysbm.a</file>
         <name>lseek.c.obj</name>
      </input_file>
      <input_file id="fl-102">
         <path>D:\CCS_20.5.0.00028_win\ccs2050\ccs\tools\compiler\ti-cgt-armllvm_4.0.4.LTS\lib\armv6m-ti-none-eabi\c\</path>
         <kind>archive</kind>
         <file>libsysbm.a</file>
         <name>close.c.obj</name>
      </input_file>
      <input_file id="fl-103">
         <path>D:\CCS_20.5.0.00028_win\ccs2050\ccs\tools\compiler\ti-cgt-armllvm_4.0.4.LTS\lib\armv6m-ti-none-eabi\c\</path>
         <kind>archive</kind>
         <file>libsysbm.a</file>
         <name>unlink.c.obj</name>
      </input_file>
      <input_file id="fl-104">
         <path>D:\CCS_20.5.0.00028_win\ccs2050\ccs\tools\compiler\ti-cgt-armllvm_4.0.4.LTS\lib\armv6m-ti-none-eabi\c\</path>
         <kind>archive</kind>
         <file>libsysbm.a</file>
         <name>hostclose.c.obj</name>
      </input_file>
      <input_file id="fl-105">
         <path>D:\CCS_20.5.0.00028_win\ccs2050\ccs\tools\compiler\ti-cgt-armllvm_4.0.4.LTS\lib\armv6m-ti-none-eabi\c\</path>
         <kind>archive</kind>
         <file>libsysbm.a</file>
         <name>hostlseek.c.obj</name>
      </input_file>
      <input_file id="fl-106">
         <path>D:\CCS_20.5.0.00028_win\ccs2050\ccs\tools\compiler\ti-cgt-armllvm_4.0.4.LTS\lib\armv6m-ti-none-eabi\c\</path>
         <kind>archive</kind>
         <file>libsysbm.a</file>
         <name>hostopen.c.obj</name>
      </input_file>
      <input_file id="fl-107">
         <path>D:\CCS_20.5.0.00028_win\ccs2050\ccs\tools\compiler\ti-cgt-armllvm_4.0.4.LTS\lib\armv6m-ti-none-eabi\c\</path>
         <kind>archive</kind>
         <file>libsysbm.a</file>
         <name>hostread.c.obj</name>
      </input_file>
      <input_file id="fl-108">
         <path>D:\CCS_20.5.0.00028_win\ccs2050\ccs\tools\compiler\ti-cgt-armllvm_4.0.4.LTS\lib\armv6m-ti-none-eabi\c\</path>
         <kind>archive</kind>
         <file>libsysbm.a</file>
         <name>hostrename.c.obj</name>
      </input_file>
      <input_file id="fl-109">
         <path>D:\CCS_20.5.0.00028_win\ccs2050\ccs\tools\compiler\ti-cgt-armllvm_4.0.4.LTS\lib\armv6m-ti-none-eabi\c\</path>
         <kind>archive</kind>
         <file>libsysbm.a</file>
         <name>hostunlink.c.obj</name>
      </input_file>
      <input_file id="fl-10a">
         <path>D:\CCS_20.5.0.00028_win\ccs2050\ccs\tools\compiler\ti-cgt-armllvm_4.0.4.LTS\lib\armv6m-ti-none-eabi\c\</path>
         <kind>archive</kind>
         <file>libsysbm.a</file>
         <name>hostwrite.c.obj</name>
      </input_file>
      <input_file id="fl-10b">
         <path>D:\CCS_20.5.0.00028_win\ccs2050\ccs\tools\compiler\ti-cgt-armllvm_4.0.4.LTS\lib\armv6m-ti-none-eabi\c\</path>
         <kind>archive</kind>
         <file>libsysbm.a</file>
         <name>trgmsg.c.obj</name>
      </input_file>
      <input_file id="fl-10c">
         <path>D:\CCS_20.5.0.00028_win\ccs2050\ccs\tools\compiler\ti-cgt-armllvm_4.0.4.LTS\lib\armv6m-ti-none-eabi\</path>
         <kind>archive</kind>
         <file>libclang_rt.builtins.a</file>
         <name>addsf3.S.obj</name>
      </input_file>
      <input_file id="fl-10d">
         <path>D:\CCS_20.5.0.00028_win\ccs2050\ccs\tools\compiler\ti-cgt-armllvm_4.0.4.LTS\lib\armv6m-ti-none-eabi\</path>
         <kind>archive</kind>
         <file>libclang_rt.builtins.a</file>
         <name>adddf3.S.obj</name>
      </input_file>
      <input_file id="fl-10e">
         <path>D:\CCS_20.5.0.00028_win\ccs2050\ccs\tools\compiler\ti-cgt-armllvm_4.0.4.LTS\lib\armv6m-ti-none-eabi\</path>
         <kind>archive</kind>
         <file>libclang_rt.builtins.a</file>
         <name>muldf3.S.obj</name>
      </input_file>
      <input_file id="fl-10f">
         <path>D:\CCS_20.5.0.00028_win\ccs2050\ccs\tools\compiler\ti-cgt-armllvm_4.0.4.LTS\lib\armv6m-ti-none-eabi\</path>
         <kind>archive</kind>
         <file>libclang_rt.builtins.a</file>
         <name>muldsi3.S.obj</name>
      </input_file>
      <input_file id="fl-110">
         <path>D:\CCS_20.5.0.00028_win\ccs2050\ccs\tools\compiler\ti-cgt-armllvm_4.0.4.LTS\lib\armv6m-ti-none-eabi\</path>
         <kind>archive</kind>
         <file>libclang_rt.builtins.a</file>
         <name>mulsf3.S.obj</name>
      </input_file>
      <input_file id="fl-111">
         <path>D:\CCS_20.5.0.00028_win\ccs2050\ccs\tools\compiler\ti-cgt-armllvm_4.0.4.LTS\lib\armv6m-ti-none-eabi\</path>
         <kind>archive</kind>
         <file>libclang_rt.builtins.a</file>
         <name>divsf3.S.obj</name>
      </input_file>
      <input_file id="fl-112">
         <path>D:\CCS_20.5.0.00028_win\ccs2050\ccs\tools\compiler\ti-cgt-armllvm_4.0.4.LTS\lib\armv6m-ti-none-eabi\</path>
         <kind>archive</kind>
         <file>libclang_rt.builtins.a</file>
         <name>divdf3.S.obj</name>
      </input_file>
      <input_file id="fl-113">
         <path>D:\CCS_20.5.0.00028_win\ccs2050\ccs\tools\compiler\ti-cgt-armllvm_4.0.4.LTS\lib\armv6m-ti-none-eabi\</path>
         <kind>archive</kind>
         <file>libclang_rt.builtins.a</file>
         <name>extendsfdf2.S.obj</name>
      </input_file>
      <input_file id="fl-114">
         <path>D:\CCS_20.5.0.00028_win\ccs2050\ccs\tools\compiler\ti-cgt-armllvm_4.0.4.LTS\lib\armv6m-ti-none-eabi\</path>
         <kind>archive</kind>
         <file>libclang_rt.builtins.a</file>
         <name>fixdfsi.S.obj</name>
      </input_file>
      <input_file id="fl-115">
         <path>D:\CCS_20.5.0.00028_win\ccs2050\ccs\tools\compiler\ti-cgt-armllvm_4.0.4.LTS\lib\armv6m-ti-none-eabi\</path>
         <kind>archive</kind>
         <file>libclang_rt.builtins.a</file>
         <name>fixsfsi.S.obj</name>
      </input_file>
      <input_file id="fl-116">
         <path>D:\CCS_20.5.0.00028_win\ccs2050\ccs\tools\compiler\ti-cgt-armllvm_4.0.4.LTS\lib\armv6m-ti-none-eabi\</path>
         <kind>archive</kind>
         <file>libclang_rt.builtins.a</file>
         <name>floatsidf.S.obj</name>
      </input_file>
      <input_file id="fl-117">
         <path>D:\CCS_20.5.0.00028_win\ccs2050\ccs\tools\compiler\ti-cgt-armllvm_4.0.4.LTS\lib\armv6m-ti-none-eabi\</path>
         <kind>archive</kind>
         <file>libclang_rt.builtins.a</file>
         <name>floatsisf.S.obj</name>
      </input_file>
      <input_file id="fl-118">
         <path>D:\CCS_20.5.0.00028_win\ccs2050\ccs\tools\compiler\ti-cgt-armllvm_4.0.4.LTS\lib\armv6m-ti-none-eabi\</path>
         <kind>archive</kind>
         <file>libclang_rt.builtins.a</file>
         <name>floatunsisf.S.obj</name>
      </input_file>
      <input_file id="fl-119">
         <path>D:\CCS_20.5.0.00028_win\ccs2050\ccs\tools\compiler\ti-cgt-armllvm_4.0.4.LTS\lib\armv6m-ti-none-eabi\</path>
         <kind>archive</kind>
         <file>libclang_rt.builtins.a</file>
         <name>muldi3.S.obj</name>
      </input_file>
      <input_file id="fl-11a">
         <path>D:\CCS_20.5.0.00028_win\ccs2050\ccs\tools\compiler\ti-cgt-armllvm_4.0.4.LTS\lib\armv6m-ti-none-eabi\</path>
         <kind>archive</kind>
         <file>libclang_rt.builtins.a</file>
         <name>truncdfsf2.S.obj</name>
      </input_file>
      <input_file id="fl-11b">
         <path>D:\CCS_20.5.0.00028_win\ccs2050\ccs\tools\compiler\ti-cgt-armllvm_4.0.4.LTS\lib\armv6m-ti-none-eabi\</path>
         <kind>archive</kind>
         <file>libclang_rt.builtins.a</file>
         <name>aeabi_dcmp.S.obj</name>
      </input_file>
      <input_file id="fl-11c">
         <path>D:\CCS_20.5.0.00028_win\ccs2050\ccs\tools\compiler\ti-cgt-armllvm_4.0.4.LTS\lib\armv6m-ti-none-eabi\</path>
         <kind>archive</kind>
         <file>libclang_rt.builtins.a</file>
         <name>aeabi_fcmp.S.obj</name>
      </input_file>
      <input_file id="fl-11d">
         <path>D:\CCS_20.5.0.00028_win\ccs2050\ccs\tools\compiler\ti-cgt-armllvm_4.0.4.LTS\lib\armv6m-ti-none-eabi\</path>
         <kind>archive</kind>
         <file>libclang_rt.builtins.a</file>
         <name>aeabi_idivmod.S.obj</name>
      </input_file>
      <input_file id="fl-11e">
         <path>D:\CCS_20.5.0.00028_win\ccs2050\ccs\tools\compiler\ti-cgt-armllvm_4.0.4.LTS\lib\armv6m-ti-none-eabi\</path>
         <kind>archive</kind>
         <file>libclang_rt.builtins.a</file>
         <name>aeabi_ldivmod.S.obj</name>
      </input_file>
      <input_file id="fl-11f">
         <path>D:\CCS_20.5.0.00028_win\ccs2050\ccs\tools\compiler\ti-cgt-armllvm_4.0.4.LTS\lib\armv6m-ti-none-eabi\</path>
         <kind>archive</kind>
         <file>libclang_rt.builtins.a</file>
         <name>aeabi_memcpy.S.obj</name>
      </input_file>
      <input_file id="fl-120">
         <path>D:\CCS_20.5.0.00028_win\ccs2050\ccs\tools\compiler\ti-cgt-armllvm_4.0.4.LTS\lib\armv6m-ti-none-eabi\</path>
         <kind>archive</kind>
         <file>libclang_rt.builtins.a</file>
         <name>aeabi_memset.S.obj</name>
      </input_file>
      <input_file id="fl-121">
         <path>D:\CCS_20.5.0.00028_win\ccs2050\ccs\tools\compiler\ti-cgt-armllvm_4.0.4.LTS\lib\armv6m-ti-none-eabi\</path>
         <kind>archive</kind>
         <file>libclang_rt.builtins.a</file>
         <name>aeabi_uidivmod.S.obj</name>
      </input_file>
      <input_file id="fl-122">
         <path>D:\CCS_20.5.0.00028_win\ccs2050\ccs\tools\compiler\ti-cgt-armllvm_4.0.4.LTS\lib\armv6m-ti-none-eabi\</path>
         <kind>archive</kind>
         <file>libclang_rt.builtins.a</file>
         <name>aeabi_uldivmod.S.obj</name>
      </input_file>
      <input_file id="fl-123">
         <path>D:\CCS_20.5.0.00028_win\ccs2050\ccs\tools\compiler\ti-cgt-armllvm_4.0.4.LTS\lib\armv6m-ti-none-eabi\</path>
         <kind>archive</kind>
         <file>libclang_rt.builtins.a</file>
         <name>comparesf2.S.obj</name>
      </input_file>
      <input_file id="fl-124">
         <path>D:\CCS_20.5.0.00028_win\ccs2050\ccs\tools\compiler\ti-cgt-armllvm_4.0.4.LTS\lib\armv6m-ti-none-eabi\</path>
         <kind>archive</kind>
         <file>libclang_rt.builtins.a</file>
         <name>udivmoddi4.S.obj</name>
      </input_file>
      <input_file id="fl-125">
         <path>D:\CCS_20.5.0.00028_win\ccs2050\ccs\tools\compiler\ti-cgt-armllvm_4.0.4.LTS\lib\armv6m-ti-none-eabi\</path>
         <kind>archive</kind>
         <file>libclang_rt.builtins.a</file>
         <name>ashldi3.S.obj</name>
      </input_file>
      <input_file id="fl-126">
         <path>D:\CCS_20.5.0.00028_win\ccs2050\ccs\tools\compiler\ti-cgt-armllvm_4.0.4.LTS\lib\armv6m-ti-none-eabi\</path>
         <kind>archive</kind>
         <file>libclang_rt.builtins.a</file>
         <name>comparedf2.c.obj</name>
      </input_file>
      <input_file id="fl-127">
         <path>D:\CCS_20.5.0.00028_win\ccs2050\ccs\tools\compiler\ti-cgt-armllvm_4.0.4.LTS\lib\armv6m-ti-none-eabi\</path>
         <kind>archive</kind>
         <file>libclang_rt.builtins.a</file>
         <name>divmoddi4.c.obj</name>
      </input_file>
      <input_file id="fl-128">
         <path>D:\CCS_20.5.0.00028_win\ccs2050\ccs\tools\compiler\ti-cgt-armllvm_4.0.4.LTS\lib\armv6m-ti-none-eabi\</path>
         <kind>archive</kind>
         <file>libclang_rt.builtins.a</file>
         <name>aeabi_div0.c.obj</name>
      </input_file>
      <input_file id="fl-129">
         <path>D:\CCS_20.5.0.00028_win\ccs2050\ccs\tools\compiler\ti-cgt-armllvm_4.0.4.LTS\lib\armv6m-ti-none-eabi\c\</path>
         <kind>archive</kind>
         <file>libc.a</file>
         <name>getdevice.c.obj</name>
      </input_file>
      <input_file id="fl-12a">
         <path>D:\CCS_20.5.0.00028_win\ccs2050\ccs\tools\compiler\ti-cgt-armllvm_4.0.4.LTS\lib\armv6m-ti-none-eabi\c\</path>
         <kind>archive</kind>
         <file>libc.a</file>
         <name>memcpy16.S.obj</name>
      </input_file>
      <input_file id="fl-12b">
         <path>D:\CCS_20.5.0.00028_win\ccs2050\ccs\tools\compiler\ti-cgt-armllvm_4.0.4.LTS\lib\armv6m-ti-none-eabi\c\</path>
         <kind>archive</kind>
         <file>libc.a</file>
         <name>memset16.S.obj</name>
      </input_file>
      <input_file id="fl-12c">
         <path>D:\CCS_20.5.0.00028_win\ccs2050\ccs\tools\compiler\ti-cgt-armllvm_4.0.4.LTS\lib\armv6m-ti-none-eabi\c\</path>
         <kind>archive</kind>
         <file>libc.a</file>
         <name>strcmp-armv6m.S.obj</name>
      </input_file>
   </input_file_list>
   <object_component_list>
      <object_component id="oc-18">
         <name>.intvecs</name>
         <load_address>0x0</load_address>
         <readonly>true</readonly>
         <run_address>0x0</run_address>
         <size>0xc0</size>
         <alignment>0x4</alignment>
         <input_file_ref idref="fl-2"/>
      </object_component>
      <object_component id="oc-f0">
         <name>.text.OLED_Init</name>
         <load_address>0xc0</load_address>
         <readonly>true</readonly>
         <executable>true</executable>
         <run_address>0xc0</run_address>
         <size>0x15f4</size>
         <alignment>0x4</alignment>
         <input_file_ref idref="fl-c"/>
      </object_component>
      <object_component id="oc-f8">
         <name>.text.OLED_Clear</name>
         <load_address>0x16b4</load_address>
         <readonly>true</readonly>
         <executable>true</executable>
         <run_address>0x16b4</run_address>
         <size>0xa90</size>
         <alignment>0x4</alignment>
         <input_file_ref idref="fl-c"/>
      </object_component>
      <object_component id="oc-1b3">
         <name>.text:__TI_printfi</name>
         <load_address>0x2144</load_address>
         <readonly>true</readonly>
         <executable>true</executable>
         <run_address>0x2144</run_address>
         <size>0x9d0</size>
         <alignment>0x4</alignment>
         <input_file_ref idref="fl-3c"/>
      </object_component>
      <object_component id="oc-fb">
         <name>.text.OLED_ShowStatusAndSpeeds</name>
         <load_address>0x2b14</load_address>
         <readonly>true</readonly>
         <executable>true</executable>
         <run_address>0x2b14</run_address>
         <size>0x564</size>
         <alignment>0x4</alignment>
         <input_file_ref idref="fl-c"/>
      </object_component>
      <object_component id="oc-197">
         <name>.text.SYSCFG_DL_SYSCTL_SYSPLL_init</name>
         <load_address>0x3078</load_address>
         <readonly>true</readonly>
         <executable>true</executable>
         <run_address>0x3078</run_address>
         <size>0x2a8</size>
         <alignment>0x4</alignment>
         <input_file_ref idref="fl-1"/>
      </object_component>
      <object_component id="oc-10f">
         <name>.text.OLED_ShowString</name>
         <load_address>0x3320</load_address>
         <readonly>true</readonly>
         <executable>true</executable>
         <run_address>0x3320</run_address>
         <size>0x260</size>
         <alignment>0x4</alignment>
         <input_file_ref idref="fl-c"/>
      </object_component>
      <object_component id="oc-fc">
         <name>.text.OLED_Refresh</name>
         <load_address>0x3580</load_address>
         <readonly>true</readonly>
         <executable>true</executable>
         <run_address>0x3580</run_address>
         <size>0x250</size>
         <alignment>0x4</alignment>
         <input_file_ref idref="fl-c"/>
      </object_component>
      <object_component id="oc-1f2">
         <name>.text._pconv_a</name>
         <load_address>0x37d0</load_address>
         <readonly>true</readonly>
         <executable>true</executable>
         <run_address>0x37d0</run_address>
         <size>0x220</size>
         <alignment>0x4</alignment>
         <input_file_ref idref="fl-3c"/>
      </object_component>
      <object_component id="oc-1f7">
         <name>.text._pconv_g</name>
         <load_address>0x39f0</load_address>
         <readonly>true</readonly>
         <executable>true</executable>
         <run_address>0x39f0</run_address>
         <size>0x1dc</size>
         <alignment>0x4</alignment>
         <input_file_ref idref="fl-3c"/>
      </object_component>
      <object_component id="oc-f7">
         <name>.text.OLED_DisplayTurn</name>
         <load_address>0x3bcc</load_address>
         <readonly>true</readonly>
         <executable>true</executable>
         <run_address>0x3bcc</run_address>
         <size>0x1c4</size>
         <alignment>0x4</alignment>
         <input_file_ref idref="fl-c"/>
      </object_component>
      <object_component id="oc-3e">
         <name>.text.TIMA0_IRQHandler</name>
         <load_address>0x3d90</load_address>
         <readonly>true</readonly>
         <executable>true</executable>
         <run_address>0x3d90</run_address>
         <size>0x1b0</size>
         <alignment>0x4</alignment>
         <input_file_ref idref="fl-9"/>
      </object_component>
      <object_component id="oc-b9">
         <name>.text.main</name>
         <load_address>0x3f40</load_address>
         <readonly>true</readonly>
         <executable>true</executable>
         <run_address>0x3f40</run_address>
         <size>0x1a8</size>
         <alignment>0x4</alignment>
         <input_file_ref idref="fl-3"/>
      </object_component>
      <object_component id="oc-232">
         <name>.text.adddf3_subdf3</name>
         <load_address>0x40e8</load_address>
         <readonly>true</readonly>
         <executable>true</executable>
         <run_address>0x40e8</run_address>
         <size>0x192</size>
         <alignment>0x4</alignment>
         <input_file_ref idref="fl-10d"/>
      </object_component>
      <object_component id="oc-33">
         <name>.text.Default_Handler</name>
         <load_address>0x427a</load_address>
         <readonly>true</readonly>
         <executable>true</executable>
         <run_address>0x427a</run_address>
         <size>0x2</size>
         <alignment>0x2</alignment>
         <input_file_ref idref="fl-2"/>
      </object_component>
      <object_component id="oc-144">
         <name>.text.SYSCFG_DL_GPIO_init</name>
         <load_address>0x427c</load_address>
         <readonly>true</readonly>
         <executable>true</executable>
         <run_address>0x427c</run_address>
         <size>0x154</size>
         <alignment>0x4</alignment>
         <input_file_ref idref="fl-1"/>
      </object_component>
      <object_component id="oc-114">
         <name>.text.track_line</name>
         <load_address>0x43d0</load_address>
         <readonly>true</readonly>
         <executable>true</executable>
         <run_address>0x43d0</run_address>
         <size>0x154</size>
         <alignment>0x4</alignment>
         <input_file_ref idref="fl-d"/>
      </object_component>
      <object_component id="oc-236">
         <name>.text.fcvt</name>
         <load_address>0x4524</load_address>
         <readonly>true</readonly>
         <executable>true</executable>
         <run_address>0x4524</run_address>
         <size>0x13c</size>
         <alignment>0x4</alignment>
         <input_file_ref idref="fl-3c"/>
      </object_component>
      <object_component id="oc-1f9">
         <name>.text._pconv_e</name>
         <load_address>0x4660</load_address>
         <readonly>true</readonly>
         <executable>true</executable>
         <run_address>0x4660</run_address>
         <size>0x120</size>
         <alignment>0x4</alignment>
         <input_file_ref idref="fl-3c"/>
      </object_component>
      <object_component id="oc-82">
         <name>.text.__divdf3</name>
         <load_address>0x4780</load_address>
         <readonly>true</readonly>
         <executable>true</executable>
         <run_address>0x4780</run_address>
         <size>0x10c</size>
         <alignment>0x4</alignment>
         <input_file_ref idref="fl-112"/>
      </object_component>
      <object_component id="oc-19b">
         <name>.text.DL_Timer_initFourCCPWMMode</name>
         <load_address>0x488c</load_address>
         <readonly>true</readonly>
         <executable>true</executable>
         <run_address>0x488c</run_address>
         <size>0x104</size>
         <alignment>0x4</alignment>
         <input_file_ref idref="fl-1e"/>
      </object_component>
      <object_component id="oc-1a0">
         <name>.text.DL_Timer_initTimerMode</name>
         <load_address>0x4990</load_address>
         <readonly>true</readonly>
         <executable>true</executable>
         <run_address>0x4990</run_address>
         <size>0xfc</size>
         <alignment>0x4</alignment>
         <input_file_ref idref="fl-1e"/>
      </object_component>
      <object_component id="oc-f6">
         <name>.text.OLED_ColorTurn</name>
         <load_address>0x4a8c</load_address>
         <readonly>true</readonly>
         <executable>true</executable>
         <run_address>0x4a8c</run_address>
         <size>0xfc</size>
         <alignment>0x4</alignment>
         <input_file_ref idref="fl-c"/>
      </object_component>
      <object_component id="oc-7e">
         <name>.text.__muldf3</name>
         <load_address>0x4b88</load_address>
         <readonly>true</readonly>
         <executable>true</executable>
         <run_address>0x4b88</run_address>
         <size>0xe4</size>
         <alignment>0x4</alignment>
         <input_file_ref idref="fl-10e"/>
      </object_component>
      <object_component id="oc-196">
         <name>.text.DL_SYSCTL_configSYSPLL</name>
         <load_address>0x4c6c</load_address>
         <readonly>true</readonly>
         <executable>true</executable>
         <run_address>0x4c6c</run_address>
         <size>0xdc</size>
         <alignment>0x4</alignment>
         <input_file_ref idref="fl-20"/>
      </object_component>
      <object_component id="oc-215">
         <name>.text.scalbn</name>
         <load_address>0x4d48</load_address>
         <readonly>true</readonly>
         <executable>true</executable>
         <run_address>0x4d48</run_address>
         <size>0xd8</size>
         <alignment>0x4</alignment>
         <input_file_ref idref="fl-54"/>
      </object_component>
      <object_component id="oc-8a">
         <name>.text</name>
         <load_address>0x4e20</load_address>
         <readonly>true</readonly>
         <executable>true</executable>
         <run_address>0x4e20</run_address>
         <size>0xd8</size>
         <alignment>0x4</alignment>
         <input_file_ref idref="fl-10c"/>
      </object_component>
      <object_component id="oc-171">
         <name>.text.compute_error</name>
         <load_address>0x4ef8</load_address>
         <readonly>true</readonly>
         <executable>true</executable>
         <run_address>0x4ef8</run_address>
         <size>0xc8</size>
         <alignment>0x4</alignment>
         <input_file_ref idref="fl-d"/>
      </object_component>
      <object_component id="oc-145">
         <name>.text.SYSCFG_DL_SYSCTL_init</name>
         <load_address>0x4fc0</load_address>
         <readonly>true</readonly>
         <executable>true</executable>
         <run_address>0x4fc0</run_address>
         <size>0xb0</size>
         <alignment>0x4</alignment>
         <input_file_ref idref="fl-1"/>
      </object_component>
      <object_component id="oc-20c">
         <name>.text</name>
         <load_address>0x5070</load_address>
         <readonly>true</readonly>
         <executable>true</executable>
         <run_address>0x5070</run_address>
         <size>0xa2</size>
         <alignment>0x4</alignment>
         <input_file_ref idref="fl-124"/>
      </object_component>
      <object_component id="oc-e2">
         <name>.text:memcpy</name>
         <load_address>0x5112</load_address>
         <readonly>true</readonly>
         <executable>true</executable>
         <run_address>0x5112</run_address>
         <size>0x9a</size>
         <alignment>0x1</alignment>
         <input_file_ref idref="fl-12a"/>
      </object_component>
      <object_component id="oc-147">
         <name>.text.SYSCFG_DL_PWMAB_init</name>
         <load_address>0x51ac</load_address>
         <readonly>true</readonly>
         <executable>true</executable>
         <run_address>0x51ac</run_address>
         <size>0x8c</size>
         <alignment>0x4</alignment>
         <input_file_ref idref="fl-1"/>
      </object_component>
      <object_component id="oc-8e">
         <name>.text.__mulsf3</name>
         <load_address>0x5238</load_address>
         <readonly>true</readonly>
         <executable>true</executable>
         <run_address>0x5238</run_address>
         <size>0x8c</size>
         <alignment>0x4</alignment>
         <input_file_ref idref="fl-110"/>
      </object_component>
      <object_component id="oc-1b6">
         <name>.text.__divsf3</name>
         <load_address>0x52c4</load_address>
         <readonly>true</readonly>
         <executable>true</executable>
         <run_address>0x52c4</run_address>
         <size>0x82</size>
         <alignment>0x4</alignment>
         <input_file_ref idref="fl-111"/>
      </object_component>
      <object_component id="oc-c9">
         <name>.text.__aeabi_idiv0</name>
         <load_address>0x5346</load_address>
         <readonly>true</readonly>
         <executable>true</executable>
         <run_address>0x5346</run_address>
         <size>0x2</size>
         <alignment>0x2</alignment>
         <input_file_ref idref="fl-128"/>
      </object_component>
      <object_component id="oc-fa">
         <name>.text.motor_set_direction</name>
         <load_address>0x5348</load_address>
         <readonly>true</readonly>
         <executable>true</executable>
         <run_address>0x5348</run_address>
         <size>0x7c</size>
         <alignment>0x4</alignment>
         <input_file_ref idref="fl-9"/>
      </object_component>
      <object_component id="oc-1c">
         <name>.text:decompress:lzss</name>
         <load_address>0x53c4</load_address>
         <readonly>true</readonly>
         <executable>true</executable>
         <run_address>0x53c4</run_address>
         <size>0x7c</size>
         <alignment>0x4</alignment>
         <input_file_ref idref="fl-52"/>
      </object_component>
      <object_component id="oc-230">
         <name>.text.__gedf2</name>
         <load_address>0x5440</load_address>
         <readonly>true</readonly>
         <executable>true</executable>
         <run_address>0x5440</run_address>
         <size>0x74</size>
         <alignment>0x4</alignment>
         <input_file_ref idref="fl-126"/>
      </object_component>
      <object_component id="oc-b0">
         <name>.text.__aeabi_memclr</name>
         <load_address>0x54b4</load_address>
         <readonly>true</readonly>
         <executable>true</executable>
         <run_address>0x54b4</run_address>
         <size>0xc</size>
         <alignment>0x4</alignment>
         <input_file_ref idref="fl-120"/>
      </object_component>
      <object_component id="oc-86">
         <name>.text.__truncdfsf2</name>
         <load_address>0x54c0</load_address>
         <readonly>true</readonly>
         <executable>true</executable>
         <run_address>0x54c0</run_address>
         <size>0x74</size>
         <alignment>0x10</alignment>
         <input_file_ref idref="fl-11a"/>
      </object_component>
      <object_component id="oc-39">
         <name>.text.GROUP1_IRQHandler</name>
         <load_address>0x5534</load_address>
         <readonly>true</readonly>
         <executable>true</executable>
         <run_address>0x5534</run_address>
         <size>0x70</size>
         <alignment>0x4</alignment>
         <input_file_ref idref="fl-8"/>
      </object_component>
      <object_component id="oc-109">
         <name>.text.tracker_get_value</name>
         <load_address>0x55a4</load_address>
         <readonly>true</readonly>
         <executable>true</executable>
         <run_address>0x55a4</run_address>
         <size>0x6c</size>
         <alignment>0x4</alignment>
         <input_file_ref idref="fl-d"/>
      </object_component>
      <object_component id="oc-22a">
         <name>.text.__ledf2</name>
         <load_address>0x5610</load_address>
         <readonly>true</readonly>
         <executable>true</executable>
         <run_address>0x5610</run_address>
         <size>0x68</size>
         <alignment>0x4</alignment>
         <input_file_ref idref="fl-126"/>
      </object_component>
      <object_component id="oc-110">
         <name>.text.stay_idle</name>
         <load_address>0x5678</load_address>
         <readonly>true</readonly>
         <executable>true</executable>
         <run_address>0x5678</run_address>
         <size>0x68</size>
         <alignment>0x4</alignment>
         <input_file_ref idref="fl-5"/>
      </object_component>
      <object_component id="oc-229">
         <name>.text._mcpy</name>
         <load_address>0x56e0</load_address>
         <readonly>true</readonly>
         <executable>true</executable>
         <run_address>0x56e0</run_address>
         <size>0x66</size>
         <alignment>0x2</alignment>
         <input_file_ref idref="fl-3c"/>
      </object_component>
      <object_component id="oc-238">
         <name>.text.__aeabi_ldiv0</name>
         <load_address>0x5746</load_address>
         <readonly>true</readonly>
         <executable>true</executable>
         <run_address>0x5746</run_address>
         <size>0x2</size>
         <alignment>0x2</alignment>
         <input_file_ref idref="fl-128"/>
      </object_component>
      <object_component id="oc-190">
         <name>.text.DL_SYSCTL_setHFCLKSourceHFXTParams</name>
         <load_address>0x5748</load_address>
         <readonly>true</readonly>
         <executable>true</executable>
         <run_address>0x5748</run_address>
         <size>0x64</size>
         <alignment>0x4</alignment>
         <input_file_ref idref="fl-20"/>
      </object_component>
      <object_component id="oc-1f3">
         <name>.text.__aeabi_dcmp</name>
         <load_address>0x57ac</load_address>
         <readonly>true</readonly>
         <executable>true</executable>
         <run_address>0x57ac</run_address>
         <size>0x62</size>
         <alignment>0x4</alignment>
         <input_file_ref idref="fl-11b"/>
      </object_component>
      <object_component id="oc-172">
         <name>.text.__aeabi_fcmp</name>
         <load_address>0x5810</load_address>
         <readonly>true</readonly>
         <executable>true</executable>
         <run_address>0x5810</run_address>
         <size>0x62</size>
         <alignment>0x4</alignment>
         <input_file_ref idref="fl-11c"/>
      </object_component>
      <object_component id="oc-13b">
         <name>.text:memset</name>
         <load_address>0x5872</load_address>
         <readonly>true</readonly>
         <executable>true</executable>
         <run_address>0x5872</run_address>
         <size>0x62</size>
         <alignment>0x1</alignment>
         <input_file_ref idref="fl-12b"/>
      </object_component>
      <object_component id="oc-14a">
         <name>.text.SYSCFG_DL_MPU6050_init</name>
         <load_address>0x58d4</load_address>
         <readonly>true</readonly>
         <executable>true</executable>
         <run_address>0x58d4</run_address>
         <size>0x60</size>
         <alignment>0x4</alignment>
         <input_file_ref idref="fl-1"/>
      </object_component>
      <object_component id="oc-149">
         <name>.text.SYSCFG_DL_OLED_init</name>
         <load_address>0x5934</load_address>
         <readonly>true</readonly>
         <executable>true</executable>
         <run_address>0x5934</run_address>
         <size>0x60</size>
         <alignment>0x4</alignment>
         <input_file_ref idref="fl-1"/>
      </object_component>
      <object_component id="oc-14b">
         <name>.text.SYSCFG_DL_Yaw_init</name>
         <load_address>0x5994</load_address>
         <readonly>true</readonly>
         <executable>true</executable>
         <run_address>0x5994</run_address>
         <size>0x60</size>
         <alignment>0x4</alignment>
         <input_file_ref idref="fl-1"/>
      </object_component>
      <object_component id="oc-143">
         <name>.text.SYSCFG_DL_initPower</name>
         <load_address>0x59f4</load_address>
         <readonly>true</readonly>
         <executable>true</executable>
         <run_address>0x59f4</run_address>
         <size>0x60</size>
         <alignment>0x4</alignment>
         <input_file_ref idref="fl-1"/>
      </object_component>
      <object_component id="oc-f9">
         <name>.text.motor_init</name>
         <load_address>0x5a54</load_address>
         <readonly>true</readonly>
         <executable>true</executable>
         <run_address>0x5a54</run_address>
         <size>0x60</size>
         <alignment>0x4</alignment>
         <input_file_ref idref="fl-9"/>
      </object_component>
      <object_component id="oc-150">
         <name>.text.DL_I2C_fillControllerTXFIFO</name>
         <load_address>0x5ab4</load_address>
         <readonly>true</readonly>
         <executable>true</executable>
         <run_address>0x5ab4</run_address>
         <size>0x5e</size>
         <alignment>0x2</alignment>
         <input_file_ref idref="fl-1d"/>
      </object_component>
      <object_component id="oc-211">
         <name>.text.frexp</name>
         <load_address>0x5b14</load_address>
         <readonly>true</readonly>
         <executable>true</executable>
         <run_address>0x5b14</run_address>
         <size>0x5c</size>
         <alignment>0x4</alignment>
         <input_file_ref idref="fl-53"/>
      </object_component>
      <object_component id="oc-21d">
         <name>.text.__TI_ltoa</name>
         <load_address>0x5b70</load_address>
         <readonly>true</readonly>
         <executable>true</executable>
         <run_address>0x5b70</run_address>
         <size>0x58</size>
         <alignment>0x2</alignment>
         <input_file_ref idref="fl-45"/>
      </object_component>
      <object_component id="oc-1f8">
         <name>.text._pconv_f</name>
         <load_address>0x5bc8</load_address>
         <readonly>true</readonly>
         <executable>true</executable>
         <run_address>0x5bc8</run_address>
         <size>0x58</size>
         <alignment>0x2</alignment>
         <input_file_ref idref="fl-3c"/>
      </object_component>
      <object_component id="oc-6b">
         <name>.text.__aeabi_idivmod</name>
         <load_address>0x5c20</load_address>
         <readonly>true</readonly>
         <executable>true</executable>
         <run_address>0x5c20</run_address>
         <size>0x56</size>
         <alignment>0x4</alignment>
         <input_file_ref idref="fl-11d"/>
      </object_component>
      <object_component id="oc-227">
         <name>.text._ecpy</name>
         <load_address>0x5c76</load_address>
         <readonly>true</readonly>
         <executable>true</executable>
         <run_address>0x5c76</run_address>
         <size>0x52</size>
         <alignment>0x2</alignment>
         <input_file_ref idref="fl-3c"/>
      </object_component>
      <object_component id="oc-fd">
         <name>.text.snprintf</name>
         <load_address>0x5cc8</load_address>
         <readonly>true</readonly>
         <executable>true</executable>
         <run_address>0x5cc8</run_address>
         <size>0x4c</size>
         <alignment>0x4</alignment>
         <input_file_ref idref="fl-3d"/>
      </object_component>
      <object_component id="oc-219">
         <name>.text.__fixdfsi</name>
         <load_address>0x5d14</load_address>
         <readonly>true</readonly>
         <executable>true</executable>
         <run_address>0x5d14</run_address>
         <size>0x4a</size>
         <alignment>0x4</alignment>
         <input_file_ref idref="fl-114"/>
      </object_component>
      <object_component id="oc-1a7">
         <name>.text.DL_UART_init</name>
         <load_address>0x5d60</load_address>
         <readonly>true</readonly>
         <executable>true</executable>
         <run_address>0x5d60</run_address>
         <size>0x48</size>
         <alignment>0x4</alignment>
         <input_file_ref idref="fl-1f"/>
      </object_component>
      <object_component id="oc-198">
         <name>.text.DL_SYSCTL_switchMCLKfromSYSOSCtoHSCLK</name>
         <load_address>0x5da8</load_address>
         <readonly>true</readonly>
         <executable>true</executable>
         <run_address>0x5da8</run_address>
         <size>0x44</size>
         <alignment>0x4</alignment>
         <input_file_ref idref="fl-20"/>
      </object_component>
      <object_component id="oc-1cf">
         <name>.text.__aeabi_uidivmod</name>
         <load_address>0x5dec</load_address>
         <readonly>true</readonly>
         <executable>true</executable>
         <run_address>0x5dec</run_address>
         <size>0x40</size>
         <alignment>0x4</alignment>
         <input_file_ref idref="fl-121"/>
      </object_component>
      <object_component id="oc-7a">
         <name>.text.__extendsfdf2</name>
         <load_address>0x5e2c</load_address>
         <readonly>true</readonly>
         <executable>true</executable>
         <run_address>0x5e2c</run_address>
         <size>0x40</size>
         <alignment>0x4</alignment>
         <input_file_ref idref="fl-113"/>
      </object_component>
      <object_component id="oc-1dc">
         <name>.text.atoi</name>
         <load_address>0x5e6c</load_address>
         <readonly>true</readonly>
         <executable>true</executable>
         <run_address>0x5e6c</run_address>
         <size>0x40</size>
         <alignment>0x4</alignment>
         <input_file_ref idref="fl-47"/>
      </object_component>
      <object_component id="oc-148">
         <name>.text.SYSCFG_DL_MOTOR_PID_init</name>
         <load_address>0x5eac</load_address>
         <readonly>true</readonly>
         <executable>true</executable>
         <run_address>0x5eac</run_address>
         <size>0x3c</size>
         <alignment>0x4</alignment>
         <input_file_ref idref="fl-1"/>
      </object_component>
      <object_component id="oc-76">
         <name>.text.__floatsisf</name>
         <load_address>0x5ee8</load_address>
         <readonly>true</readonly>
         <executable>true</executable>
         <run_address>0x5ee8</run_address>
         <size>0x3c</size>
         <alignment>0x4</alignment>
         <input_file_ref idref="fl-117"/>
      </object_component>
      <object_component id="oc-1bf">
         <name>.text.__gtsf2</name>
         <load_address>0x5f24</load_address>
         <readonly>true</readonly>
         <executable>true</executable>
         <run_address>0x5f24</run_address>
         <size>0x3c</size>
         <alignment>0x4</alignment>
         <input_file_ref idref="fl-123"/>
      </object_component>
      <object_component id="oc-11f">
         <name>.text:__TI_auto_init_nobinit_nopinit</name>
         <load_address>0x5f60</load_address>
         <readonly>true</readonly>
         <executable>true</executable>
         <run_address>0x5f60</run_address>
         <size>0x3c</size>
         <alignment>0x4</alignment>
         <input_file_ref idref="fl-4d"/>
      </object_component>
      <object_component id="oc-103">
         <name>.text.UART_send_string</name>
         <load_address>0x5f9c</load_address>
         <readonly>true</readonly>
         <executable>true</executable>
         <run_address>0x5f9c</run_address>
         <size>0x3a</size>
         <alignment>0x2</alignment>
         <input_file_ref idref="fl-e"/>
      </object_component>
      <object_component id="oc-1ba">
         <name>.text.__eqsf2</name>
         <load_address>0x5fd8</load_address>
         <readonly>true</readonly>
         <executable>true</executable>
         <run_address>0x5fd8</run_address>
         <size>0x3a</size>
         <alignment>0x4</alignment>
         <input_file_ref idref="fl-123"/>
      </object_component>
      <object_component id="oc-d1">
         <name>.text.__muldsi3</name>
         <load_address>0x6014</load_address>
         <readonly>true</readonly>
         <executable>true</executable>
         <run_address>0x6014</run_address>
         <size>0x3a</size>
         <alignment>0x4</alignment>
         <input_file_ref idref="fl-10f"/>
      </object_component>
      <object_component id="oc-92">
         <name>.text.__fixsfsi</name>
         <load_address>0x6050</load_address>
         <readonly>true</readonly>
         <executable>true</executable>
         <run_address>0x6050</run_address>
         <size>0x38</size>
         <alignment>0x4</alignment>
         <input_file_ref idref="fl-115"/>
      </object_component>
      <object_component id="oc-eb">
         <name>.text.SYSCFG_DL_init</name>
         <load_address>0x6088</load_address>
         <readonly>true</readonly>
         <executable>true</executable>
         <run_address>0x6088</run_address>
         <size>0x34</size>
         <alignment>0x4</alignment>
         <input_file_ref idref="fl-1"/>
      </object_component>
      <object_component id="oc-162">
         <name>.text.DL_UART_transmitDataBlocking</name>
         <load_address>0x60bc</load_address>
         <readonly>true</readonly>
         <executable>true</executable>
         <run_address>0x60bc</run_address>
         <size>0x30</size>
         <alignment>0x4</alignment>
         <input_file_ref idref="fl-1f"/>
      </object_component>
      <object_component id="oc-14c">
         <name>.text.SYSCFG_DL_SYSTICK_init</name>
         <load_address>0x60ec</load_address>
         <readonly>true</readonly>
         <executable>true</executable>
         <run_address>0x60ec</run_address>
         <size>0x30</size>
         <alignment>0x4</alignment>
         <input_file_ref idref="fl-1"/>
      </object_component>
      <object_component id="oc-228">
         <name>.text._fcpy</name>
         <load_address>0x611c</load_address>
         <readonly>true</readonly>
         <executable>true</executable>
         <run_address>0x611c</run_address>
         <size>0x30</size>
         <alignment>0x2</alignment>
         <input_file_ref idref="fl-3c"/>
      </object_component>
      <object_component id="oc-15e">
         <name>.text._outs</name>
         <load_address>0x614c</load_address>
         <readonly>true</readonly>
         <executable>true</executable>
         <run_address>0x614c</run_address>
         <size>0x30</size>
         <alignment>0x2</alignment>
         <input_file_ref idref="fl-3d"/>
      </object_component>
      <object_component id="oc-221">
         <name>.text.__floatsidf</name>
         <load_address>0x617c</load_address>
         <readonly>true</readonly>
         <executable>true</executable>
         <run_address>0x617c</run_address>
         <size>0x2c</size>
         <alignment>0x4</alignment>
         <input_file_ref idref="fl-116"/>
      </object_component>
      <object_component id="oc-5f">
         <name>.text:_c_int00_noargs</name>
         <load_address>0x61a8</load_address>
         <readonly>true</readonly>
         <executable>true</executable>
         <run_address>0x61a8</run_address>
         <size>0x28</size>
         <alignment>0x4</alignment>
         <input_file_ref idref="fl-4b"/>
      </object_component>
      <object_component id="oc-1a3">
         <name>.text.DL_I2C_setClockConfig</name>
         <load_address>0x61d0</load_address>
         <readonly>true</readonly>
         <executable>true</executable>
         <run_address>0x61d0</run_address>
         <size>0x26</size>
         <alignment>0x2</alignment>
         <input_file_ref idref="fl-1d"/>
      </object_component>
      <object_component id="oc-1e9">
         <name>.text.__muldi3</name>
         <load_address>0x61f8</load_address>
         <readonly>true</readonly>
         <executable>true</executable>
         <run_address>0x61f8</run_address>
         <size>0x24</size>
         <alignment>0x4</alignment>
         <input_file_ref idref="fl-119"/>
      </object_component>
      <object_component id="oc-1d5">
         <name>.text.memccpy</name>
         <load_address>0x621c</load_address>
         <readonly>true</readonly>
         <executable>true</executable>
         <run_address>0x621c</run_address>
         <size>0x22</size>
         <alignment>0x2</alignment>
         <input_file_ref idref="fl-49"/>
      </object_component>
      <object_component id="oc-239">
         <name>.text.__ashldi3</name>
         <load_address>0x6240</load_address>
         <readonly>true</readonly>
         <executable>true</executable>
         <run_address>0x6240</run_address>
         <size>0x1e</size>
         <alignment>0x4</alignment>
         <input_file_ref idref="fl-125"/>
      </object_component>
      <object_component id="oc-1ce">
         <name>.text.DL_SYSCTL_configFCC</name>
         <load_address>0x6260</load_address>
         <readonly>true</readonly>
         <executable>true</executable>
         <run_address>0x6260</run_address>
         <size>0x1c</size>
         <alignment>0x4</alignment>
         <input_file_ref idref="fl-20"/>
      </object_component>
      <object_component id="oc-19d">
         <name>.text.DL_Timer_setCaptCompUpdateMethod</name>
         <load_address>0x627c</load_address>
         <readonly>true</readonly>
         <executable>true</executable>
         <run_address>0x627c</run_address>
         <size>0x1c</size>
         <alignment>0x4</alignment>
         <input_file_ref idref="fl-1e"/>
      </object_component>
      <object_component id="oc-19a">
         <name>.text.DL_Timer_setClockConfig</name>
         <load_address>0x6298</load_address>
         <readonly>true</readonly>
         <executable>true</executable>
         <run_address>0x6298</run_address>
         <size>0x1c</size>
         <alignment>0x4</alignment>
         <input_file_ref idref="fl-1e"/>
      </object_component>
      <object_component id="oc-19c">
         <name>.text.DL_Timer_setCaptureCompareOutCtl</name>
         <load_address>0x62b4</load_address>
         <readonly>true</readonly>
         <executable>true</executable>
         <run_address>0x62b4</run_address>
         <size>0x18</size>
         <alignment>0x4</alignment>
         <input_file_ref idref="fl-1e"/>
      </object_component>
      <object_component id="oc-15f">
         <name>.text._outc</name>
         <load_address>0x62cc</load_address>
         <readonly>true</readonly>
         <executable>true</executable>
         <run_address>0x62cc</run_address>
         <size>0x18</size>
         <alignment>0x2</alignment>
         <input_file_ref idref="fl-3d"/>
      </object_component>
      <object_component id="oc-1ee">
         <name>.text.__aeabi_uldivmod</name>
         <load_address>0x62e4</load_address>
         <readonly>true</readonly>
         <executable>true</executable>
         <run_address>0x62e4</run_address>
         <size>0x14</size>
         <alignment>0x4</alignment>
         <input_file_ref idref="fl-122"/>
      </object_component>
      <object_component id="oc-226">
         <name>.text.strchr</name>
         <load_address>0x62f8</load_address>
         <readonly>true</readonly>
         <executable>true</executable>
         <run_address>0x62f8</run_address>
         <size>0x14</size>
         <alignment>0x2</alignment>
         <input_file_ref idref="fl-3c"/>
      </object_component>
      <object_component id="oc-1a6">
         <name>.text.DL_UART_setClockConfig</name>
         <load_address>0x630c</load_address>
         <readonly>true</readonly>
         <executable>true</executable>
         <run_address>0x630c</run_address>
         <size>0x12</size>
         <alignment>0x2</alignment>
         <input_file_ref idref="fl-1f"/>
      </object_component>
      <object_component id="oc-20">
         <name>.text:decompress:none</name>
         <load_address>0x631e</load_address>
         <readonly>true</readonly>
         <executable>true</executable>
         <run_address>0x631e</run_address>
         <size>0x12</size>
         <alignment>0x2</alignment>
         <input_file_ref idref="fl-51"/>
      </object_component>
      <object_component id="oc-96">
         <name>.text.DL_Timer_setCaptureCompareValue</name>
         <load_address>0x6330</load_address>
         <readonly>true</readonly>
         <executable>true</executable>
         <run_address>0x6330</run_address>
         <size>0x10</size>
         <alignment>0x4</alignment>
         <input_file_ref idref="fl-1e"/>
      </object_component>
      <object_component id="oc-34">
         <name>.text.SysTick_Handler</name>
         <load_address>0x6340</load_address>
         <readonly>true</readonly>
         <executable>true</executable>
         <run_address>0x6340</run_address>
         <size>0x10</size>
         <alignment>0x4</alignment>
         <input_file_ref idref="fl-3"/>
      </object_component>
      <object_component id="oc-e7">
         <name>.text.delay_ms</name>
         <load_address>0x6350</load_address>
         <readonly>true</readonly>
         <executable>true</executable>
         <run_address>0x6350</run_address>
         <size>0x10</size>
         <alignment>0x4</alignment>
         <input_file_ref idref="fl-4"/>
      </object_component>
      <object_component id="oc-1e0">
         <name>.text.wcslen</name>
         <load_address>0x6360</load_address>
         <readonly>true</readonly>
         <executable>true</executable>
         <run_address>0x6360</run_address>
         <size>0x10</size>
         <alignment>0x2</alignment>
         <input_file_ref idref="fl-55"/>
      </object_component>
      <object_component id="oc-5c">
         <name>.text:decompress:ZI</name>
         <load_address>0x6370</load_address>
         <readonly>true</readonly>
         <executable>true</executable>
         <run_address>0x6370</run_address>
         <size>0x10</size>
         <alignment>0x2</alignment>
         <input_file_ref idref="fl-50"/>
      </object_component>
      <object_component id="oc-1d4">
         <name>.text.__aeabi_memset</name>
         <load_address>0x6380</load_address>
         <readonly>true</readonly>
         <executable>true</executable>
         <run_address>0x6380</run_address>
         <size>0xe</size>
         <alignment>0x4</alignment>
         <input_file_ref idref="fl-120"/>
      </object_component>
      <object_component id="oc-1d3">
         <name>.text.strlen</name>
         <load_address>0x638e</load_address>
         <readonly>true</readonly>
         <executable>true</executable>
         <run_address>0x638e</run_address>
         <size>0xe</size>
         <alignment>0x2</alignment>
         <input_file_ref idref="fl-3c"/>
      </object_component>
      <object_component id="oc-13c">
         <name>.text.DL_Common_delayCycles</name>
         <load_address>0x639c</load_address>
         <readonly>true</readonly>
         <executable>true</executable>
         <run_address>0x639c</run_address>
         <size>0xa</size>
         <alignment>0x2</alignment>
         <input_file_ref idref="fl-1c"/>
      </object_component>
      <object_component id="oc-225">
         <name>.text.OUTLINED_FUNCTION_0</name>
         <load_address>0x63a6</load_address>
         <readonly>true</readonly>
         <executable>true</executable>
         <run_address>0x63a6</run_address>
         <size>0xa</size>
         <alignment>0x2</alignment>
         <input_file_ref idref="fl-3c"/>
      </object_component>
      <object_component id="oc-294">
         <name>.tramp.__aeabi_dsub.1</name>
         <load_address>0x63b0</load_address>
         <readonly>true</readonly>
         <executable>true</executable>
         <run_address>0x63b0</run_address>
         <size>0x10</size>
         <alignment>0x4</alignment>
         <input_file_ref idref="fl-10d"/>
      </object_component>
      <object_component id="oc-237">
         <name>.text.OUTLINED_FUNCTION_1</name>
         <load_address>0x63c0</load_address>
         <readonly>true</readonly>
         <executable>true</executable>
         <run_address>0x63c0</run_address>
         <size>0xa</size>
         <alignment>0x2</alignment>
         <input_file_ref idref="fl-3c"/>
      </object_component>
      <object_component id="oc-1e4">
         <name>.text.__aeabi_errno_addr</name>
         <load_address>0x63cc</load_address>
         <readonly>true</readonly>
         <executable>true</executable>
         <run_address>0x63cc</run_address>
         <size>0x8</size>
         <alignment>0x4</alignment>
         <input_file_ref idref="fl-42"/>
      </object_component>
      <object_component id="oc-4f">
         <name>.text.__aeabi_memcpy</name>
         <load_address>0x63d4</load_address>
         <readonly>true</readonly>
         <executable>true</executable>
         <run_address>0x63d4</run_address>
         <size>0x8</size>
         <alignment>0x4</alignment>
         <input_file_ref idref="fl-11f"/>
      </object_component>
      <object_component id="oc-118">
         <name>.text:abort</name>
         <load_address>0x63dc</load_address>
         <readonly>true</readonly>
         <executable>true</executable>
         <run_address>0x63dc</run_address>
         <size>0x6</size>
         <alignment>0x2</alignment>
         <input_file_ref idref="fl-43"/>
      </object_component>
      <object_component id="oc-17c">
         <name>.text.HOSTexit</name>
         <load_address>0x63e2</load_address>
         <readonly>true</readonly>
         <executable>true</executable>
         <run_address>0x63e2</run_address>
         <size>0x4</size>
         <alignment>0x2</alignment>
         <input_file_ref idref="fl-fc"/>
      </object_component>
      <object_component id="oc-2f">
         <name>.text.Reset_Handler</name>
         <load_address>0x63e6</load_address>
         <readonly>true</readonly>
         <executable>true</executable>
         <run_address>0x63e6</run_address>
         <size>0x4</size>
         <alignment>0x2</alignment>
         <input_file_ref idref="fl-2"/>
      </object_component>
      <object_component id="oc-b5">
         <name>.text._system_pre_init</name>
         <load_address>0x63ea</load_address>
         <readonly>true</readonly>
         <executable>true</executable>
         <run_address>0x63ea</run_address>
         <size>0x4</size>
         <alignment>0x2</alignment>
         <input_file_ref idref="fl-4e"/>
      </object_component>
      <object_component id="oc-290">
         <name>.cinit..data.load</name>
         <load_address>0x7d90</load_address>
         <readonly>true</readonly>
         <run_address>0x7d90</run_address>
         <size>0x1a</size>
         <alignment>0x1</alignment>
      </object_component>
      <object_component id="oc-28e">
         <name>__TI_handler_table</name>
         <load_address>0x7dac</load_address>
         <readonly>true</readonly>
         <run_address>0x7dac</run_address>
         <size>0xc</size>
         <alignment>0x4</alignment>
      </object_component>
      <object_component id="oc-291">
         <name>.cinit..bss.load</name>
         <load_address>0x7db8</load_address>
         <readonly>true</readonly>
         <run_address>0x7db8</run_address>
         <size>0x8</size>
         <alignment>0x4</alignment>
      </object_component>
      <object_component id="oc-28f">
         <name>__TI_cinit_table</name>
         <load_address>0x7dc0</load_address>
         <readonly>true</readonly>
         <run_address>0x7dc0</run_address>
         <size>0x10</size>
         <alignment>0x4</alignment>
      </object_component>
      <object_component id="oc-16d">
         <name>.rodata.asc2_2412</name>
         <load_address>0x63f0</load_address>
         <readonly>true</readonly>
         <run_address>0x63f0</run_address>
         <size>0xd5c</size>
         <alignment>0x1</alignment>
         <input_file_ref idref="fl-c"/>
      </object_component>
      <object_component id="oc-15c">
         <name>.rodata.asc2_1608</name>
         <load_address>0x714c</load_address>
         <readonly>true</readonly>
         <run_address>0x714c</run_address>
         <size>0x5f0</size>
         <alignment>0x1</alignment>
         <input_file_ref idref="fl-c"/>
      </object_component>
      <object_component id="oc-16e">
         <name>.rodata.asc2_1206</name>
         <load_address>0x773c</load_address>
         <readonly>true</readonly>
         <run_address>0x773c</run_address>
         <size>0x474</size>
         <alignment>0x1</alignment>
         <input_file_ref idref="fl-c"/>
      </object_component>
      <object_component id="oc-200">
         <name>.rodata:__aeabi_ctype_table_</name>
         <load_address>0x7bb0</load_address>
         <readonly>true</readonly>
         <run_address>0x7bb0</run_address>
         <size>0x101</size>
         <alignment>0x10</alignment>
         <input_file_ref idref="fl-5a"/>
      </object_component>
      <object_component id="oc-1a1">
         <name>.rodata.gMOTOR_PIDClockConfig</name>
         <load_address>0x7cb1</load_address>
         <readonly>true</readonly>
         <run_address>0x7cb1</run_address>
         <size>0x3</size>
         <alignment>0x1</alignment>
         <input_file_ref idref="fl-1"/>
      </object_component>
      <object_component id="oc-199">
         <name>.rodata.gSYSPLLConfig</name>
         <load_address>0x7cb4</load_address>
         <readonly>true</readonly>
         <run_address>0x7cb4</run_address>
         <size>0x28</size>
         <alignment>0x4</alignment>
         <input_file_ref idref="fl-1"/>
      </object_component>
      <object_component id="oc-117">
         <name>.rodata.str1.17100691992556644108.1</name>
         <load_address>0x7cdc</load_address>
         <readonly>true</readonly>
         <run_address>0x7cdc</run_address>
         <size>0x1f</size>
         <alignment>0x1</alignment>
         <input_file_ref idref="fl-3"/>
      </object_component>
      <object_component id="oc-1a2">
         <name>.rodata.gMOTOR_PIDTimerConfig</name>
         <load_address>0x7cfc</load_address>
         <readonly>true</readonly>
         <run_address>0x7cfc</run_address>
         <size>0x14</size>
         <alignment>0x4</alignment>
         <input_file_ref idref="fl-1"/>
      </object_component>
      <object_component id="oc-1ed">
         <name>.rodata.str1.10348868589481759720.1</name>
         <load_address>0x7d10</load_address>
         <readonly>true</readonly>
         <run_address>0x7d10</run_address>
         <size>0x11</size>
         <alignment>0x1</alignment>
         <input_file_ref idref="fl-3c"/>
      </object_component>
      <object_component id="oc-1d9">
         <name>.rodata.str1.15363888844622738466.1</name>
         <load_address>0x7d21</load_address>
         <readonly>true</readonly>
         <run_address>0x7d21</run_address>
         <size>0x11</size>
         <alignment>0x1</alignment>
         <input_file_ref idref="fl-3c"/>
      </object_component>
      <object_component id="oc-116">
         <name>.rodata.str1.8154729771448623357.1</name>
         <load_address>0x7d32</load_address>
         <readonly>true</readonly>
         <run_address>0x7d32</run_address>
         <size>0x10</size>
         <alignment>0x1</alignment>
         <input_file_ref idref="fl-3"/>
      </object_component>
      <object_component id="oc-15a">
         <name>.rodata.str1.11378841450994995266.1</name>
         <load_address>0x7d42</load_address>
         <readonly>true</readonly>
         <run_address>0x7d42</run_address>
         <size>0xe</size>
         <alignment>0x1</alignment>
         <input_file_ref idref="fl-c"/>
      </object_component>
      <object_component id="oc-15b">
         <name>.rodata.str1.525651829783989558.1</name>
         <load_address>0x7d50</load_address>
         <readonly>true</readonly>
         <run_address>0x7d50</run_address>
         <size>0xe</size>
         <alignment>0x1</alignment>
         <input_file_ref idref="fl-c"/>
      </object_component>
      <object_component id="oc-159">
         <name>.rodata.str1.10612175213412870912.1</name>
         <load_address>0x7d5e</load_address>
         <readonly>true</readonly>
         <run_address>0x7d5e</run_address>
         <size>0xb</size>
         <alignment>0x1</alignment>
         <input_file_ref idref="fl-c"/>
      </object_component>
      <object_component id="oc-1a9">
         <name>.rodata.gYawConfig</name>
         <load_address>0x7d6a</load_address>
         <readonly>true</readonly>
         <run_address>0x7d6a</run_address>
         <size>0xa</size>
         <alignment>0x2</alignment>
         <input_file_ref idref="fl-1"/>
      </object_component>
      <object_component id="oc-19f">
         <name>.rodata.gPWMABConfig</name>
         <load_address>0x7d74</load_address>
         <readonly>true</readonly>
         <run_address>0x7d74</run_address>
         <size>0x8</size>
         <alignment>0x4</alignment>
         <input_file_ref idref="fl-1"/>
      </object_component>
      <object_component id="oc-115">
         <name>.rodata.str1.15159059442110792349.1</name>
         <load_address>0x7d7c</load_address>
         <readonly>true</readonly>
         <run_address>0x7d7c</run_address>
         <size>0x5</size>
         <alignment>0x1</alignment>
         <input_file_ref idref="fl-3"/>
      </object_component>
      <object_component id="oc-19e">
         <name>.rodata.gPWMABClockConfig</name>
         <load_address>0x7d81</load_address>
         <readonly>true</readonly>
         <run_address>0x7d81</run_address>
         <size>0x3</size>
         <alignment>0x1</alignment>
         <input_file_ref idref="fl-1"/>
      </object_component>
      <object_component id="oc-1a5">
         <name>.rodata.gMPU6050ClockConfig</name>
         <load_address>0x7d84</load_address>
         <readonly>true</readonly>
         <run_address>0x7d84</run_address>
         <size>0x2</size>
[...]
         <value>0x0</value>
      </symbol>
      <symbol id="sm-16c">
         <name>__TI_ATRegion0_trg_addr</name>
         <value>0x0</value>
      </symbol>
      <symbol id="sm-16d">
         <name>__TI_ATRegion0_region_sz</name>
         <value>0x0</value>
      </symbol>
      <symbol id="sm-16e">
         <name>__TI_ATRegion1_src_addr</name>
         <value>0x0</value>
      </symbol>
      <symbol id="sm-16f">
         <name>__TI_ATRegion1_trg_addr</name>
         <value>0x0</value>
      </symbol>
      <symbol id="sm-170">
         <name>__TI_ATRegion1_region_sz</name>
         <value>0x0</value>
      </symbol>
      <symbol id="sm-171">
         <name>__TI_ATRegion2_src_addr</name>
         <value>0x0</value>
      </symbol>
      <symbol id="sm-172">
         <name>__TI_ATRegion2_trg_addr</name>
         <value>0x0</value>
      </symbol>
      <symbol id="sm-173">
         <name>__TI_ATRegion2_region_sz</name>
         <value>0x0</value>
      </symbol>
      <symbol id="sm-17c">
         <name>DL_Common_delayCycles</name>
         <value>0x639d</value>
         <object_component_ref idref="oc-13c"/>
      </symbol>
      <symbol id="sm-188">
         <name>DL_I2C_setClockConfig</name>
         <value>0x61d1</value>
         <object_component_ref idref="oc-1a3"/>
      </symbol>
      <symbol id="sm-189">
         <name>DL_I2C_fillControllerTXFIFO</name>
         <value>0x5ab5</value>
         <object_component_ref idref="oc-150"/>
      </symbol>
      <symbol id="sm-1a5">
         <name>DL_Timer_setClockConfig</name>
         <value>0x6299</value>
         <object_component_ref idref="oc-19a"/>
      </symbol>
      <symbol id="sm-1a6">
         <name>DL_Timer_initTimerMode</name>
         <value>0x4991</value>
         <object_component_ref idref="oc-1a0"/>
      </symbol>
      <symbol id="sm-1a7">
         <name>DL_Timer_setCaptureCompareValue</name>
         <value>0x6331</value>
         <object_component_ref idref="oc-96"/>
      </symbol>
      <symbol id="sm-1a8">
         <name>DL_Timer_setCaptCompUpdateMethod</name>
         <value>0x627d</value>
         <object_component_ref idref="oc-19d"/>
      </symbol>
      <symbol id="sm-1a9">
         <name>DL_Timer_setCaptureCompareOutCtl</name>
         <value>0x62b5</value>
         <object_component_ref idref="oc-19c"/>
      </symbol>
      <symbol id="sm-1aa">
         <name>DL_Timer_initFourCCPWMMode</name>
         <value>0x488d</value>
         <object_component_ref idref="oc-19b"/>
      </symbol>
      <symbol id="sm-1ba">
         <name>DL_UART_init</name>
         <value>0x5d61</value>
         <object_component_ref idref="oc-1a7"/>
      </symbol>
      <symbol id="sm-1bb">
         <name>DL_UART_setClockConfig</name>
         <value>0x630d</value>
         <object_component_ref idref="oc-1a6"/>
      </symbol>
      <symbol id="sm-1bc">
         <name>DL_UART_transmitDataBlocking</name>
         <value>0x60bd</value>
         <object_component_ref idref="oc-162"/>
      </symbol>
      <symbol id="sm-1d0">
         <name>DL_SYSCTL_configSYSPLL</name>
         <value>0x4c6d</value>
         <object_component_ref idref="oc-196"/>
      </symbol>
      <symbol id="sm-1d1">
         <name>DL_SYSCTL_switchMCLKfromSYSOSCtoHSCLK</name>
         <value>0x5da9</value>
         <object_component_ref idref="oc-198"/>
      </symbol>
      <symbol id="sm-1d2">
         <name>DL_SYSCTL_setHFCLKSourceHFXTParams</name>
         <value>0x5749</value>
         <object_component_ref idref="oc-190"/>
      </symbol>
      <symbol id="sm-1d3">
         <name>DL_SYSCTL_configFCC</name>
         <value>0x6261</value>
         <object_component_ref idref="oc-1ce"/>
      </symbol>
      <symbol id="sm-221">
         <name>__TI_printfi</name>
         <value>0x2145</value>
         <object_component_ref idref="oc-1b3"/>
      </symbol>
      <symbol id="sm-232">
         <name>snprintf</name>
         <value>0x5cc9</value>
         <object_component_ref idref="oc-fd"/>
      </symbol>
      <symbol id="sm-241">
         <name>__aeabi_errno_addr</name>
         <value>0x63cd</value>
         <object_component_ref idref="oc-1e4"/>
      </symbol>
      <symbol id="sm-242">
         <name>__aeabi_errno</name>
         <value>0x2020055c</value>
         <object_component_ref idref="oc-207"/>
      </symbol>
      <symbol id="sm-24c">
         <name>abort</name>
         <value>0x63dd</value>
         <object_component_ref idref="oc-118"/>
      </symbol>
      <symbol id="sm-256">
         <name>__TI_ltoa</name>
         <value>0x5b71</value>
         <object_component_ref idref="oc-21d"/>
      </symbol>
      <symbol id="sm-261">
         <name>atoi</name>
         <value>0x5e6d</value>
         <object_component_ref idref="oc-1dc"/>
      </symbol>
      <symbol id="sm-26b">
         <name>memccpy</name>
         <value>0x621d</value>
         <object_component_ref idref="oc-1d5"/>
      </symbol>
      <symbol id="sm-277">
         <name>_c_int00_noargs</name>
         <value>0x61a9</value>
         <object_component_ref idref="oc-5f"/>
      </symbol>
      <symbol id="sm-278">
         <name>__stack</name>
         <value>0x20207e00</value>
         <object_component_ref idref="oc-1a"/>
      </symbol>
      <symbol id="sm-284">
         <name>__TI_auto_init_nobinit_nopinit</name>
         <value>0x5f61</value>
         <object_component_ref idref="oc-11f"/>
      </symbol>
      <symbol id="sm-28c">
         <name>_system_pre_init</name>
         <value>0x63eb</value>
         <object_component_ref idref="oc-b5"/>
      </symbol>
      <symbol id="sm-297">
         <name>__TI_zero_init</name>
         <value>0x6371</value>
         <object_component_ref idref="oc-5c"/>
      </symbol>
      <symbol id="sm-2a0">
         <name>__TI_decompress_none</name>
         <value>0x631f</value>
         <object_component_ref idref="oc-20"/>
      </symbol>
      <symbol id="sm-2ab">
         <name>__TI_decompress_lzss</name>
         <value>0x53c5</value>
         <object_component_ref idref="oc-1c"/>
      </symbol>
      <symbol id="sm-2b5">
         <name>frexp</name>
         <value>0x5b15</value>
         <object_component_ref idref="oc-211"/>
      </symbol>
      <symbol id="sm-2b6">
         <name>frexpl</name>
         <value>0x5b15</value>
         <object_component_ref idref="oc-211"/>
      </symbol>
      <symbol id="sm-2c0">
         <name>scalbn</name>
         <value>0x4d49</value>
         <object_component_ref idref="oc-215"/>
      </symbol>
      <symbol id="sm-2c1">
         <name>ldexp</name>
         <value>0x4d49</value>
         <object_component_ref idref="oc-215"/>
      </symbol>
      <symbol id="sm-2c2">
         <name>scalbnl</name>
         <value>0x4d49</value>
         <object_component_ref idref="oc-215"/>
      </symbol>
      <symbol id="sm-2c3">
         <name>ldexpl</name>
         <value>0x4d49</value>
         <object_component_ref idref="oc-215"/>
      </symbol>
      <symbol id="sm-2cc">
         <name>wcslen</name>
         <value>0x6361</value>
         <object_component_ref idref="oc-1e0"/>
      </symbol>
      <symbol id="sm-2d1">
         <name>__aeabi_ctype_table_</name>
         <value>0x7bb0</value>
         <object_component_ref idref="oc-200"/>
      </symbol>
      <symbol id="sm-2d2">
         <name>__aeabi_ctype_table_C</name>
         <value>0x7bb0</value>
         <object_component_ref idref="oc-200"/>
      </symbol>
      <symbol id="sm-2dc">
         <name>HOSTexit</name>
         <value>0x63e3</value>
         <object_component_ref idref="oc-17c"/>
      </symbol>
      <symbol id="sm-2dd">
         <name>C$$EXIT</name>
         <value>0x63e2</value>
         <object_component_ref idref="oc-17c"/>
      </symbol>
      <symbol id="sm-2f2">
         <name>__aeabi_fadd</name>
         <value>0x4e2b</value>
         <object_component_ref idref="oc-8a"/>
      </symbol>
      <symbol id="sm-2f3">
         <name>__addsf3</name>
         <value>0x4e2b</value>
         <object_component_ref idref="oc-8a"/>
      </symbol>
      <symbol id="sm-2f4">
         <name>__aeabi_fsub</name>
         <value>0x4e21</value>
         <object_component_ref idref="oc-8a"/>
      </symbol>
      <symbol id="sm-2f5">
         <name>__subsf3</name>
         <value>0x4e21</value>
         <object_component_ref idref="oc-8a"/>
      </symbol>
      <symbol id="sm-2fb">
         <name>__aeabi_dadd</name>
         <value>0x40f3</value>
         <object_component_ref idref="oc-232"/>
      </symbol>
      <symbol id="sm-2fc">
         <name>__adddf3</name>
         <value>0x40f3</value>
         <object_component_ref idref="oc-232"/>
      </symbol>
      <symbol id="sm-2fd">
         <name>__aeabi_dsub</name>
         <value>0x40e9</value>
         <object_component_ref idref="oc-232"/>
      </symbol>
      <symbol id="sm-2fe">
         <name>__subdf3</name>
         <value>0x40e9</value>
         <object_component_ref idref="oc-232"/>
      </symbol>
      <symbol id="sm-307">
         <name>__aeabi_dmul</name>
         <value>0x4b89</value>
         <object_component_ref idref="oc-7e"/>
      </symbol>
      <symbol id="sm-308">
         <name>__muldf3</name>
         <value>0x4b89</value>
         <object_component_ref idref="oc-7e"/>
      </symbol>
      <symbol id="sm-30e">
         <name>__muldsi3</name>
         <value>0x6015</value>
         <object_component_ref idref="oc-d1"/>
      </symbol>
      <symbol id="sm-314">
         <name>__aeabi_fmul</name>
         <value>0x5239</value>
         <object_component_ref idref="oc-8e"/>
      </symbol>
      <symbol id="sm-315">
         <name>__mulsf3</name>
         <value>0x5239</value>
         <object_component_ref idref="oc-8e"/>
      </symbol>
      <symbol id="sm-31b">
         <name>__aeabi_fdiv</name>
         <value>0x52c5</value>
         <object_component_ref idref="oc-1b6"/>
      </symbol>
      <symbol id="sm-31c">
         <name>__divsf3</name>
         <value>0x52c5</value>
         <object_component_ref idref="oc-1b6"/>
      </symbol>
      <symbol id="sm-322">
         <name>__aeabi_ddiv</name>
         <value>0x4781</value>
         <object_component_ref idref="oc-82"/>
      </symbol>
      <symbol id="sm-323">
         <name>__divdf3</name>
         <value>0x4781</value>
         <object_component_ref idref="oc-82"/>
      </symbol>
      <symbol id="sm-329">
         <name>__aeabi_f2d</name>
         <value>0x5e2d</value>
         <object_component_ref idref="oc-7a"/>
      </symbol>
      <symbol id="sm-32a">
         <name>__extendsfdf2</name>
         <value>0x5e2d</value>
         <object_component_ref idref="oc-7a"/>
      </symbol>
      <symbol id="sm-330">
         <name>__aeabi_d2iz</name>
         <value>0x5d15</value>
         <object_component_ref idref="oc-219"/>
      </symbol>
      <symbol id="sm-331">
         <name>__fixdfsi</name>
         <value>0x5d15</value>
         <object_component_ref idref="oc-219"/>
      </symbol>
      <symbol id="sm-337">
         <name>__aeabi_f2iz</name>
         <value>0x6051</value>
         <object_component_ref idref="oc-92"/>
      </symbol>
      <symbol id="sm-338">
         <name>__fixsfsi</name>
         <value>0x6051</value>
         <object_component_ref idref="oc-92"/>
      </symbol>
      <symbol id="sm-33e">
         <name>__aeabi_i2d</name>
         <value>0x617d</value>
         <object_component_ref idref="oc-221"/>
      </symbol>
      <symbol id="sm-33f">
         <name>__floatsidf</name>
         <value>0x617d</value>
         <object_component_ref idref="oc-221"/>
      </symbol>
      <symbol id="sm-345">
         <name>__aeabi_i2f</name>
         <value>0x5ee9</value>
         <object_component_ref idref="oc-76"/>
      </symbol>
      <symbol id="sm-346">
         <name>__floatsisf</name>
         <value>0x5ee9</value>
         <object_component_ref idref="oc-76"/>
      </symbol>
      <symbol id="sm-34c">
         <name>__aeabi_lmul</name>
         <value>0x61f9</value>
         <object_component_ref idref="oc-1e9"/>
      </symbol>
      <symbol id="sm-34d">
         <name>__muldi3</name>
         <value>0x61f9</value>
         <object_component_ref idref="oc-1e9"/>
      </symbol>
      <symbol id="sm-354">
         <name>__aeabi_d2f</name>
         <value>0x54c1</value>
         <object_component_ref idref="oc-86"/>
      </symbol>
      <symbol id="sm-355">
         <name>__truncdfsf2</name>
         <value>0x54c1</value>
         <object_component_ref idref="oc-86"/>
      </symbol>
      <symbol id="sm-35b">
         <name>__aeabi_dcmpeq</name>
         <value>0x57ad</value>
         <object_component_ref idref="oc-1f3"/>
      </symbol>
      <symbol id="sm-35c">
         <name>__aeabi_dcmplt</name>
         <value>0x57c1</value>
         <object_component_ref idref="oc-1f3"/>
      </symbol>
      <symbol id="sm-35d">
         <name>__aeabi_dcmple</name>
         <value>0x57d5</value>
         <object_component_ref idref="oc-1f3"/>
      </symbol>
      <symbol id="sm-35e">
         <name>__aeabi_dcmpge</name>
         <value>0x57e9</value>
         <object_component_ref idref="oc-1f3"/>
      </symbol>
      <symbol id="sm-35f">
         <name>__aeabi_dcmpgt</name>
         <value>0x57fd</value>
         <object_component_ref idref="oc-1f3"/>
      </symbol>
      <symbol id="sm-365">
         <name>__aeabi_fcmpeq</name>
         <value>0x5811</value>
         <object_component_ref idref="oc-172"/>
      </symbol>
      <symbol id="sm-366">
         <name>__aeabi_fcmplt</name>
         <value>0x5825</value>
         <object_component_ref idref="oc-172"/>
      </symbol>
      <symbol id="sm-367">
         <name>__aeabi_fcmple</name>
         <value>0x5839</value>
         <object_component_ref idref="oc-172"/>
      </symbol>
      <symbol id="sm-368">
         <name>__aeabi_fcmpge</name>
         <value>0x584d</value>
         <object_component_ref idref="oc-172"/>
      </symbol>
      <symbol id="sm-369">
         <name>__aeabi_fcmpgt</name>
         <value>0x5861</value>
         <object_component_ref idref="oc-172"/>
      </symbol>
      <symbol id="sm-36f">
         <name>__aeabi_idiv</name>
         <value>0x5c21</value>
         <object_component_ref idref="oc-6b"/>
      </symbol>
      <symbol id="sm-370">
         <name>__aeabi_idivmod</name>
         <value>0x5c21</value>
         <object_component_ref idref="oc-6b"/>
      </symbol>
      <symbol id="sm-376">
         <name>__aeabi_memcpy</name>
         <value>0x63d5</value>
         <object_component_ref idref="oc-4f"/>
      </symbol>
      <symbol id="sm-377">
         <name>__aeabi_memcpy4</name>
         <value>0x63d5</value>
         <object_component_ref idref="oc-4f"/>
      </symbol>
      <symbol id="sm-378">
         <name>__aeabi_memcpy8</name>
         <value>0x63d5</value>
         <object_component_ref idref="oc-4f"/>
      </symbol>
      <symbol id="sm-381">
         <name>__aeabi_memset</name>
         <value>0x6381</value>
         <object_component_ref idref="oc-1d4"/>
      </symbol>
      <symbol id="sm-382">
         <name>__aeabi_memset4</name>
         <value>0x6381</value>
         <object_component_ref idref="oc-1d4"/>
      </symbol>
      <symbol id="sm-383">
         <name>__aeabi_memset8</name>
         <value>0x6381</value>
         <object_component_ref idref="oc-1d4"/>
      </symbol>
      <symbol id="sm-384">
         <name>__aeabi_memclr</name>
         <value>0x54b5</value>
         <object_component_ref idref="oc-b0"/>
      </symbol>
      <symbol id="sm-385">
         <name>__aeabi_memclr4</name>
         <value>0x54b5</value>
         <object_component_ref idref="oc-b0"/>
      </symbol>
      <symbol id="sm-386">
         <name>__aeabi_memclr8</name>
         <value>0x54b5</value>
         <object_component_ref idref="oc-b0"/>
      </symbol>
      <symbol id="sm-38c">
         <name>__aeabi_uidiv</name>
         <value>0x5ded</value>
         <object_component_ref idref="oc-1cf"/>
      </symbol>
      <symbol id="sm-38d">
         <name>__aeabi_uidivmod</name>
         <value>0x5ded</value>
         <object_component_ref idref="oc-1cf"/>
      </symbol>
      <symbol id="sm-393">
         <name>__aeabi_uldivmod</name>
         <value>0x62e5</value>
         <object_component_ref idref="oc-1ee"/>
      </symbol>
      <symbol id="sm-39c">
         <name>__eqsf2</name>
         <value>0x5fd9</value>
         <object_component_ref idref="oc-1ba"/>
      </symbol>
      <symbol id="sm-39d">
         <name>__lesf2</name>
         <value>0x5fd9</value>
         <object_component_ref idref="oc-1ba"/>
      </symbol>
      <symbol id="sm-39e">
         <name>__ltsf2</name>
         <value>0x5fd9</value>
         <object_component_ref idref="oc-1ba"/>
      </symbol>
      <symbol id="sm-39f">
         <name>__nesf2</name>
         <value>0x5fd9</value>
         <object_component_ref idref="oc-1ba"/>
      </symbol>
      <symbol id="sm-3a0">
         <name>__cmpsf2</name>
         <value>0x5fd9</value>
         <object_component_ref idref="oc-1ba"/>
      </symbol>
      <symbol id="sm-3a1">
         <name>__gtsf2</name>
         <value>0x5f25</value>
         <object_component_ref idref="oc-1bf"/>
      </symbol>
      <symbol id="sm-3a2">
         <name>__gesf2</name>
         <value>0x5f25</value>
         <object_component_ref idref="oc-1bf"/>
      </symbol>
      <symbol id="sm-3a8">
         <name>__udivmoddi4</name>
         <value>0x5071</value>
         <object_component_ref idref="oc-20c"/>
      </symbol>
      <symbol id="sm-3ae">
         <name>__aeabi_llsl</name>
         <value>0x6241</value>
         <object_component_ref idref="oc-239"/>
      </symbol>
      <symbol id="sm-3af">
         <name>__ashldi3</name>
         <value>0x6241</value>
         <object_component_ref idref="oc-239"/>
      </symbol>
      <symbol id="sm-3bd">
         <name>__ledf2</name>
         <value>0x5611</value>
         <object_component_ref idref="oc-22a"/>
      </symbol>
      <symbol id="sm-3be">
         <name>__gedf2</name>
         <value>0x5441</value>
         <object_component_ref idref="oc-230"/>
      </symbol>
      <symbol id="sm-3bf">
         <name>__cmpdf2</name>
         <value>0x5611</value>
         <object_component_ref idref="oc-22a"/>
      </symbol>
      <symbol id="sm-3c0">
         <name>__eqdf2</name>
         <value>0x5611</value>
         <object_component_ref idref="oc-22a"/>
      </symbol>
      <symbol id="sm-3c1">
         <name>__ltdf2</name>
         <value>0x5611</value>
         <object_component_ref idref="oc-22a"/>
      </symbol>
      <symbol id="sm-3c2">
         <name>__nedf2</name>
         <value>0x5611</value>
         <object_component_ref idref="oc-22a"/>
      </symbol>
      <symbol id="sm-3c3">
         <name>__gtdf2</name>
         <value>0x5441</value>
         <object_component_ref idref="oc-230"/>
      </symbol>
      <symbol id="sm-3d0">
         <name>__aeabi_idiv0</name>
         <value>0x5347</value>
         <object_component_ref idref="oc-c9"/>
      </symbol>
      <symbol id="sm-3d1">
         <name>__aeabi_ldiv0</name>
         <value>0x5747</value>
         <object_component_ref idref="oc-238"/>
      </symbol>
      <symbol id="sm-3eb">
         <name>memcpy</name>
         <value>0x5113</value>
         <object_component_ref idref="oc-e2"/>
      </symbol>
      <symbol id="sm-3fa">
         <name>memset</name>
         <value>0x5873</value>
         <object_component_ref idref="oc-13b"/>
      </symbol>
      <symbol id="sm-3fb">
         <name>__TI_static_base__</name>
         <value>0x0</value>
      </symbol>
      <symbol id="sm-3ff">
         <name>__mpu_init</name>
         <value>0x0</value>
      </symbol>
      <symbol id="sm-400">
         <name>_system_post_cinit</name>
         <value>0x0</value>
      </symbol>
   </symbol_table>
   <title>Link successful</title>
</link_info>
