******************************************************************************
            TI ARM Clang Linker PC v4.0.4                      
******************************************************************************
>> Linked Wed May 27 13:48:30 2026

OUTPUT FILE NAME:   <05_MOTOR_BACKUP2.out>
ENTRY POINT SYMBOL: "_c_int00_noargs"  address: 000012e9


MEMORY CONFIGURATION

         name            origin    length      used     unused   attr    fill
----------------------  --------  ---------  --------  --------  ----  --------
  FLASH                 00000000   00020000  00001490  0001eb70  R  X
  SRAM                  20200000   00008000  000002e2  00007d1e  RW X
  BCR_CONFIG            41c00000   000000ff  00000000  000000ff  R   
  BSL_CONFIG            41c00100   00000080  00000000  00000080  R   


SEGMENT ALLOCATION MAP

run origin  load origin   length   init length attrs members
----------  ----------- ---------- ----------- ----- -------
00000000    00000000    00001490   00001490    r-x
  00000000    00000000    000000c0   000000c0    r-- .intvecs
  000000c0    000000c0    00001340   00001340    r-x .text
  00001400    00001400    00000050   00000050    r-- .rodata
  00001450    00001450    00000040   00000040    r-- .cinit
20200000    20200000    000000e2   00000000    rw-
  20200000    20200000    000000bc   00000000    rw- .bss
  202000bc    202000bc    00000026   00000000    rw- .data
20207e00    20207e00    00000200   00000000    rw-
  20207e00    20207e00    00000200   00000000    rw- .stack


SECTION ALLOCATION MAP

 output                                  attributes/
section   page    origin      length       input sections
--------  ----  ----------  ----------   ----------------
.intvecs   0    00000000    000000c0     
                  00000000    000000c0     startup_mspm0g350x_ticlang.o (.intvecs)

.text      0    000000c0    00001340     
                  000000c0    000002a8     ti_msp_dl_config.o (.text.SYSCFG_DL_SYSCTL_SYSPLL_init)
                  00000368    0000010c     libclang_rt.builtins.a : divdf3.S.obj (.text.__divdf3)
                  00000474    00000104     driverlib.a : dl_timer.o (.text.DL_Timer_initFourCCPWMMode)
                  00000578    000000fc                 : dl_timer.o (.text.DL_Timer_initTimerMode)
                  00000674    000000f8     motor.o (.text.TIMA0_IRQHandler)
                  0000076c    000000e4     ti_msp_dl_config.o (.text.SYSCFG_DL_GPIO_init)
                  00000850    000000e4     libclang_rt.builtins.a : muldf3.S.obj (.text.__muldf3)
                  00000934    000000dc     driverlib.a : dl_sysctl_mspm0g1x0x_g3x0x.o (.text.DL_SYSCTL_configSYSPLL)
                  00000a10    000000d8     libclang_rt.builtins.a : addsf3.S.obj (.text)
                  00000ae8    000000b0     ti_msp_dl_config.o (.text.SYSCFG_DL_SYSCTL_init)
                  00000b98    0000009a     libc.a : memcpy16.S.obj (.text:memcpy)
                  00000c32    00000002     startup_mspm0g350x_ticlang.o (.text.Default_Handler)
                  00000c34    0000008c     ti_msp_dl_config.o (.text.SYSCFG_DL_PWM_A_init)
                  00000cc0    0000008c     libclang_rt.builtins.a : mulsf3.S.obj (.text.__mulsf3)
                  00000d4c    0000007c     libc.a : copy_decompress_lzss.c.obj (.text:decompress:lzss)
                  00000dc8    00000008     libclang_rt.builtins.a : aeabi_memcpy.S.obj (.text.__aeabi_memcpy)
                  00000dd0    00000074                            : truncdfsf2.S.obj (.text.__truncdfsf2)
                  00000e44    00000070     motor.o (.text.motor_set_direction)
                  00000eb4    00000068     motor.o (.text.motor_init)
                  00000f1c    00000064     driverlib.a : dl_sysctl_mspm0g1x0x_g3x0x.o (.text.DL_SYSCTL_setHFCLKSourceHFXTParams)
                  00000f80    00000060     ti_msp_dl_config.o (.text.SYSCFG_DL_OLED_init)
                  00000fe0    00000056     libclang_rt.builtins.a : aeabi_idivmod.S.obj (.text.__aeabi_idivmod)
                  00001036    00000002                            : aeabi_div0.c.obj (.text.__aeabi_idiv0)
                  00001038    00000048     ti_msp_dl_config.o (.text.SYSCFG_DL_initPower)
                  00001080    00000044     driverlib.a : dl_sysctl_mspm0g1x0x_g3x0x.o (.text.DL_SYSCTL_switchMCLKfromSYSOSCtoHSCLK)
                  000010c4    00000044     key.o (.text.GROUP1_IRQHandler)
                  00001108    00000040     libclang_rt.builtins.a : aeabi_uidivmod.S.obj (.text.__aeabi_uidivmod)
                  00001148    0000003c     ti_msp_dl_config.o (.text.SYSCFG_DL_MOTOR_PID_init)
                  00001184    0000003c     libc.a : autoinit.c.obj (.text:__TI_auto_init_nobinit_nopinit)
                  000011c0    0000003a     libclang_rt.builtins.a : muldsi3.S.obj (.text.__muldsi3)
                  000011fa    00000002     --HOLE-- [fill = 0]
                  000011fc    00000038                            : fixsfsi.S.obj (.text.__fixsfsi)
                  00001234    00000038     main.o (.text.main)
                  0000126c    0000002c     libclang_rt.builtins.a : floatsidf.S.obj (.text.__floatsidf)
                  00001298    00000028     ti_msp_dl_config.o (.text.SYSCFG_DL_init)
                  000012c0    00000028     libclang_rt.builtins.a : floatunsisf.S.obj (.text.__floatunsisf)
                  000012e8    00000028     libc.a : boot_cortex_m.c.obj (.text:_c_int00_noargs)
                  00001310    00000026     driverlib.a : dl_i2c.o (.text.DL_I2C_setClockConfig)
                  00001336    00000002     --HOLE-- [fill = 0]
                  00001338    0000001c                 : dl_sysctl_mspm0g1x0x_g3x0x.o (.text.DL_SYSCTL_configFCC)
                  00001354    0000001c                 : dl_timer.o (.text.DL_Timer_setCaptCompUpdateMethod)
                  00001370    0000001c                 : dl_timer.o (.text.DL_Timer_setClockConfig)
                  0000138c    00000018                 : dl_timer.o (.text.DL_Timer_setCaptureCompareOutCtl)
                  000013a4    00000016     libc.a : copy_zero_init.c.obj (.text:decompress:ZI:__TI_zero_init_nomemset)
                  000013ba    00000012            : copy_decompress_none.c.obj (.text:decompress:none)
                  000013cc    00000010     driverlib.a : dl_timer.o (.text.DL_Timer_setCaptureCompareValue)
                  000013dc    0000000a                 : dl_common.o (.text.DL_Common_delayCycles)
                  000013e6    00000006     libc.a : exit.c.obj (.text:abort)
                  000013ec    00000004     libsysbm.a : hostexit.c.obj (.text.HOSTexit)
                  000013f0    00000004     startup_mspm0g350x_ticlang.o (.text.Reset_Handler)
                  000013f4    00000004     libc.a : pre_init.c.obj (.text._system_pre_init)
                  000013f8    00000008     --HOLE-- [fill = 0]

.cinit     0    00001450    00000040     
                  00001450    00000015     (.cinit..data.load) [load image, compression = lzss]
                  00001465    00000003     --HOLE-- [fill = 0]
                  00001468    0000000c     (__TI_handler_table)
                  00001474    00000008     (.cinit..bss.load) [load image, compression = zero_init]
                  0000147c    00000010     (__TI_cinit_table)
                  0000148c    00000004     --HOLE-- [fill = 0]

.rodata    0    00001400    00000050     
                  00001400    00000028     ti_msp_dl_config.o (.rodata.gSYSPLLConfig)
                  00001428    00000014     ti_msp_dl_config.o (.rodata.gMOTOR_PIDTimerConfig)
                  0000143c    00000008     ti_msp_dl_config.o (.rodata.gPWM_AConfig)
                  00001444    00000003     ti_msp_dl_config.o (.rodata.gMOTOR_PIDClockConfig)
                  00001447    00000003     ti_msp_dl_config.o (.rodata.gPWM_AClockConfig)
                  0000144a    00000002     ti_msp_dl_config.o (.rodata.gOLEDClockConfig)
                  0000144c    00000004     --HOLE-- [fill = 0]

.init_array 
*          0    00000000    00000000     UNINITIALIZED

.binit     0    00000000    00000000     

.bss       0    20200000    000000bc     UNINITIALIZED
                  20200000    000000bc     (.common:gMOTOR_PIDBackup)

.data      0    202000bc    00000026     UNINITIALIZED
                  202000bc    00000004     motor.o (.data.Ki1)
                  202000c0    00000004     motor.o (.data.Kp1)
                  202000c4    00000004     motor.o (.data.current_error_1)
                  202000c8    00000004     main.o (.data.encoder_motor1)
                  202000cc    00000004     motor.o (.data.last_error_1)
                  202000d0    00000004     motor.o (.data.speed_1)
                  202000d4    00000004     motor.o (.data.speed_calculate.last_enc1)
                  202000d8    00000004     main.o (.data.status)
                  202000dc    00000004     main.o (.data.target_speed_1)
                  202000e0    00000002     motor.o (.data.PWM_1_duty)

.stack     0    20207e00    00000200     UNINITIALIZED
                  20207e00    00000004     libc.a : boot_cortex_m.c.obj (.stack)
                  20207e04    000001fc     --HOLE--

__llvm_prf_cnts 
*          0    20200000    00000000     UNINITIALIZED

__llvm_prf_bits 
*          0    20200000    00000000     UNINITIALIZED

MODULE SUMMARY

       Module                         code   ro data   rw data
       ------                         ----   -------   -------
    .\
       ti_msp_dl_config.o             1492   76        188    
       startup_mspm0g350x_ticlang.o   6      192       0      
       main.o                         56     0         12     
    +--+------------------------------+------+---------+---------+
       Total:                         1554   268       200    
                                                              
    .\user_driver\
       motor.o                        464    0         26     
       key.o                          68     0         0      
    +--+------------------------------+------+---------+---------+
       Total:                         532    0         26     
                                                              
    C:/TI/mspm0_sdk_2_10_00_04/source/ti/driverlib/lib/ticlang/m0p/mspm0g1x0x_g3x0x/driverlib.a
       dl_timer.o                     608    0         0      
       dl_sysctl_mspm0g1x0x_g3x0x.o   416    0         0      
       dl_i2c.o                       38     0         0      
       dl_common.o                    10     0         0      
    +--+------------------------------+------+---------+---------+
       Total:                         1072   0         0      
                                                              
    D:\ti\ccs2050\ccs\tools\compiler\ti-cgt-armllvm_4.0.4.LTS\lib\armv6m-ti-none-eabi/c/libc.a
       memcpy16.S.obj                 154    0         0      
       copy_decompress_lzss.c.obj     124    0         0      
       autoinit.c.obj                 60     0         0      
       boot_cortex_m.c.obj            40     0         0      
       copy_zero_init.c.obj           22     0         0      
       copy_decompress_none.c.obj     18     0         0      
       exit.c.obj                     6      0         0      
       pre_init.c.obj                 4      0         0      
    +--+------------------------------+------+---------+---------+
       Total:                         428    0         0      
                                                              
    D:\ti\ccs2050\ccs\tools\compiler\ti-cgt-armllvm_4.0.4.LTS\lib\armv6m-ti-none-eabi/c/libsysbm.a
       hostexit.c.obj                 4      0         0      
    +--+------------------------------+------+---------+---------+
       Total:                         4      0         0      
                                                              
    D:\ti\ccs2050\ccs\tools\compiler\ti-cgt-armllvm_4.0.4.LTS\lib\armv6m-ti-none-eabi/libclang_rt.builtins.a
       divdf3.S.obj                   268    0         0      
       muldf3.S.obj                   228    0         0      
       addsf3.S.obj                   216    0         0      
       mulsf3.S.obj                   140    0         0      
       truncdfsf2.S.obj               116    0         0      
       aeabi_idivmod.S.obj            86     0         0      
       aeabi_uidivmod.S.obj           64     0         0      
       muldsi3.S.obj                  58     0         0      
       fixsfsi.S.obj                  56     0         0      
       floatsidf.S.obj                44     0         0      
       floatunsisf.S.obj              40     0         0      
       aeabi_memcpy.S.obj             8      0         0      
       aeabi_div0.c.obj               2      0         0      
    +--+------------------------------+------+---------+---------+
       Total:                         1326   0         0      
                                                              
       Stack:                         0      0         512    
       Linker Generated:              0      57        0      
    +--+------------------------------+------+---------+---------+
       Grand Total:                   4916   325       738    


LINKER GENERATED COPY TABLES

__TI_cinit_table @ 0000147c records: 2, size/record: 8, table size: 16
	.data: load addr=00001450, load size=00000015 bytes, run addr=202000bc, run size=00000026 bytes, compression=lzss
	.bss: load addr=00001474, load size=00000008 bytes, run addr=20200000, run size=000000bc bytes, compression=zero_init


LINKER GENERATED HANDLER TABLE

__TI_handler_table @ 00001468 records: 3, size/record: 4, table size: 12
	index: 0, handler: __TI_decompress_lzss
	index: 1, handler: __TI_decompress_none
	index: 2, handler: __TI_zero_init


GLOBAL SYMBOLS: SORTED ALPHABETICALLY BY Name 

address   name                                 
-------   ----                                 
00000c33  ADC0_IRQHandler                      
00000c33  ADC1_IRQHandler                      
00000c33  AES_IRQHandler                       
000013ec  C$$EXIT                              
00000c33  CANFD0_IRQHandler                    
00000c33  DAC0_IRQHandler                      
000013dd  DL_Common_delayCycles                
00001311  DL_I2C_setClockConfig                
00001339  DL_SYSCTL_configFCC                  
00000935  DL_SYSCTL_configSYSPLL               
00000f1d  DL_SYSCTL_setHFCLKSourceHFXTParams   
00001081  DL_SYSCTL_switchMCLKfromSYSOSCtoHSCLK
00000475  DL_Timer_initFourCCPWMMode           
00000579  DL_Timer_initTimerMode               
00001355  DL_Timer_setCaptCompUpdateMethod     
0000138d  DL_Timer_setCaptureCompareOutCtl     
000013cd  DL_Timer_setCaptureCompareValue      
00001371  DL_Timer_setClockConfig              
00000c33  DMA_IRQHandler                       
00000c33  Default_Handler                      
00000c33  GROUP0_IRQHandler                    
000010c5  GROUP1_IRQHandler                    
000013ed  HOSTexit                             
00000c33  HardFault_Handler                    
00000c33  I2C0_IRQHandler                      
00000c33  I2C1_IRQHandler                      
202000bc  Ki1                                  
202000c0  Kp1                                  
00000c33  NMI_Handler                          
202000e0  PWM_1_duty                           
00000c33  PendSV_Handler                       
00000c33  RTC_IRQHandler                       
000013f1  Reset_Handler                        
00000c33  SPI0_IRQHandler                      
00000c33  SPI1_IRQHandler                      
00000c33  SVC_Handler                          
0000076d  SYSCFG_DL_GPIO_init                  
00001149  SYSCFG_DL_MOTOR_PID_init             
00000f81  SYSCFG_DL_OLED_init                  
00000c35  SYSCFG_DL_PWM_A_init                 
000000c1  SYSCFG_DL_SYSCTL_SYSPLL_init         
00000ae9  SYSCFG_DL_SYSCTL_init                
00001299  SYSCFG_DL_init                       
00001039  SYSCFG_DL_initPower                  
00000c33  SysTick_Handler                      
00000675  TIMA0_IRQHandler                     
00000c33  TIMA1_IRQHandler                     
00000c33  TIMG0_IRQHandler                     
00000c33  TIMG12_IRQHandler                    
00000c33  TIMG6_IRQHandler                     
00000c33  TIMG7_IRQHandler                     
00000c33  TIMG8_IRQHandler                     
00000c33  UART0_IRQHandler                     
00000c33  UART1_IRQHandler                     
00000c33  UART2_IRQHandler                     
00000c33  UART3_IRQHandler                     
20208000  __STACK_END                          
00000200  __STACK_SIZE                         
00000000  __TI_ATRegion0_region_sz             
00000000  __TI_ATRegion0_src_addr              
00000000  __TI_ATRegion0_trg_addr              
00000000  __TI_ATRegion1_region_sz             
00000000  __TI_ATRegion1_src_addr              
00000000  __TI_ATRegion1_trg_addr              
00000000  __TI_ATRegion2_region_sz             
00000000  __TI_ATRegion2_src_addr              
00000000  __TI_ATRegion2_trg_addr              
0000147c  __TI_CINIT_Base                      
0000148c  __TI_CINIT_Limit                     
0000148c  __TI_CINIT_Warm                      
00001468  __TI_Handler_Table_Base              
00001474  __TI_Handler_Table_Limit             
00001185  __TI_auto_init_nobinit_nopinit       
00000d4d  __TI_decompress_lzss                 
000013bb  __TI_decompress_none                 
ffffffff  __TI_pprof_out_hndl                  
ffffffff  __TI_prof_data_size                  
ffffffff  __TI_prof_data_start                 
00000000  __TI_static_base__                   
000013a5  __TI_zero_init_nomemset              
00000a1b  __addsf3                             
00000dd1  __aeabi_d2f                          
00000369  __aeabi_ddiv                         
00000851  __aeabi_dmul                         
000011fd  __aeabi_f2iz                         
00000a1b  __aeabi_fadd                         
00000cc1  __aeabi_fmul                         
00000a11  __aeabi_fsub                         
0000126d  __aeabi_i2d                          
00000fe1  __aeabi_idiv                         
00001037  __aeabi_idiv0                        
00000fe1  __aeabi_idivmod                      
00000dc9  __aeabi_memcpy                       
00000dc9  __aeabi_memcpy4                      
00000dc9  __aeabi_memcpy8                      
000012c1  __aeabi_ui2f                         
00001109  __aeabi_uidiv                        
00001109  __aeabi_uidivmod                     
ffffffff  __binit__                            
00000369  __divdf3                             
000011fd  __fixsfsi                            
0000126d  __floatsidf                          
000012c1  __floatunsisf                        
UNDEFED   __mpu_init                           
00000851  __muldf3                             
000011c1  __muldsi3                            
00000cc1  __mulsf3                             
20207e00  __stack                              
20200000  __start___llvm_prf_bits              
20200000  __start___llvm_prf_cnts              
20200000  __stop___llvm_prf_bits               
20200000  __stop___llvm_prf_cnts               
00000a11  __subsf3                             
00000dd1  __truncdfsf2                         
000012e9  _c_int00_noargs                      
UNDEFED   _system_post_cinit                   
000013f5  _system_pre_init                     
000013e7  abort                                
ffffffff  binit                                
202000c4  current_error_1                      
202000c8  encoder_motor1                       
20200000  gMOTOR_PIDBackup                     
00000000  interruptVectors                     
202000cc  last_error_1                         
00001235  main                                 
00000b99  memcpy                               
00000eb5  motor_init                           
00000e45  motor_set_direction                  
202000d0  speed_1                              
202000d8  status                               
202000dc  target_speed_1                       


GLOBAL SYMBOLS: SORTED BY Symbol Address 

address   name                                 
-------   ----                                 
00000000  __TI_ATRegion0_region_sz             
00000000  __TI_ATRegion0_src_addr              
00000000  __TI_ATRegion0_trg_addr              
00000000  __TI_ATRegion1_region_sz             
00000000  __TI_ATRegion1_src_addr              
00000000  __TI_ATRegion1_trg_addr              
00000000  __TI_ATRegion2_region_sz             
00000000  __TI_ATRegion2_src_addr              
00000000  __TI_ATRegion2_trg_addr              
00000000  __TI_static_base__                   
00000000  interruptVectors                     
000000c1  SYSCFG_DL_SYSCTL_SYSPLL_init         
00000200  __STACK_SIZE                         
00000369  __aeabi_ddiv                         
00000369  __divdf3                             
00000475  DL_Timer_initFourCCPWMMode           
00000579  DL_Timer_initTimerMode               
00000675  TIMA0_IRQHandler                     
0000076d  SYSCFG_DL_GPIO_init                  
00000851  __aeabi_dmul                         
00000851  __muldf3                             
00000935  DL_SYSCTL_configSYSPLL               
00000a11  __aeabi_fsub                         
00000a11  __subsf3                             
00000a1b  __addsf3                             
00000a1b  __aeabi_fadd                         
00000ae9  SYSCFG_DL_SYSCTL_init                
00000b99  memcpy                               
00000c33  ADC0_IRQHandler                      
00000c33  ADC1_IRQHandler                      
00000c33  AES_IRQHandler                       
00000c33  CANFD0_IRQHandler                    
00000c33  DAC0_IRQHandler                      
00000c33  DMA_IRQHandler                       
00000c33  Default_Handler                      
00000c33  GROUP0_IRQHandler                    
00000c33  HardFault_Handler                    
00000c33  I2C0_IRQHandler                      
00000c33  I2C1_IRQHandler                      
00000c33  NMI_Handler                          
00000c33  PendSV_Handler                       
00000c33  RTC_IRQHandler                       
00000c33  SPI0_IRQHandler                      
00000c33  SPI1_IRQHandler                      
00000c33  SVC_Handler                          
00000c33  SysTick_Handler                      
00000c33  TIMA1_IRQHandler                     
00000c33  TIMG0_IRQHandler                     
00000c33  TIMG12_IRQHandler                    
00000c33  TIMG6_IRQHandler                     
00000c33  TIMG7_IRQHandler                     
00000c33  TIMG8_IRQHandler                     
00000c33  UART0_IRQHandler                     
00000c33  UART1_IRQHandler                     
00000c33  UART2_IRQHandler                     
00000c33  UART3_IRQHandler                     
00000c35  SYSCFG_DL_PWM_A_init                 
00000cc1  __aeabi_fmul                         
00000cc1  __mulsf3                             
00000d4d  __TI_decompress_lzss                 
00000dc9  __aeabi_memcpy                       
00000dc9  __aeabi_memcpy4                      
00000dc9  __aeabi_memcpy8                      
00000dd1  __aeabi_d2f                          
00000dd1  __truncdfsf2                         
00000e45  motor_set_direction                  
00000eb5  motor_init                           
00000f1d  DL_SYSCTL_setHFCLKSourceHFXTParams   
00000f81  SYSCFG_DL_OLED_init                  
00000fe1  __aeabi_idiv                         
00000fe1  __aeabi_idivmod                      
00001037  __aeabi_idiv0                        
00001039  SYSCFG_DL_initPower                  
00001081  DL_SYSCTL_switchMCLKfromSYSOSCtoHSCLK
000010c5  GROUP1_IRQHandler                    
00001109  __aeabi_uidiv                        
00001109  __aeabi_uidivmod                     
00001149  SYSCFG_DL_MOTOR_PID_init             
00001185  __TI_auto_init_nobinit_nopinit       
000011c1  __muldsi3                            
000011fd  __aeabi_f2iz                         
000011fd  __fixsfsi                            
00001235  main                                 
0000126d  __aeabi_i2d                          
0000126d  __floatsidf                          
00001299  SYSCFG_DL_init                       
000012c1  __aeabi_ui2f                         
000012c1  __floatunsisf                        
000012e9  _c_int00_noargs                      
00001311  DL_I2C_setClockConfig                
00001339  DL_SYSCTL_configFCC                  
00001355  DL_Timer_setCaptCompUpdateMethod     
00001371  DL_Timer_setClockConfig              
0000138d  DL_Timer_setCaptureCompareOutCtl     
000013a5  __TI_zero_init_nomemset              
000013bb  __TI_decompress_none                 
000013cd  DL_Timer_setCaptureCompareValue      
000013dd  DL_Common_delayCycles                
000013e7  abort                                
000013ec  C$$EXIT                              
000013ed  HOSTexit                             
000013f1  Reset_Handler                        
000013f5  _system_pre_init                     
00001468  __TI_Handler_Table_Base              
00001474  __TI_Handler_Table_Limit             
0000147c  __TI_CINIT_Base                      
0000148c  __TI_CINIT_Limit                     
0000148c  __TI_CINIT_Warm                      
20200000  __start___llvm_prf_bits              
20200000  __start___llvm_prf_cnts              
20200000  __stop___llvm_prf_bits               
20200000  __stop___llvm_prf_cnts               
20200000  gMOTOR_PIDBackup                     
202000bc  Ki1                                  
202000c0  Kp1                                  
202000c4  current_error_1                      
202000c8  encoder_motor1                       
202000cc  last_error_1                         
202000d0  speed_1                              
202000d8  status                               
202000dc  target_speed_1                       
202000e0  PWM_1_duty                           
20207e00  __stack                              
20208000  __STACK_END                          
ffffffff  __TI_pprof_out_hndl                  
ffffffff  __TI_prof_data_size                  
ffffffff  __TI_prof_data_start                 
ffffffff  __binit__                            
ffffffff  binit                                
UNDEFED   __mpu_init                           
UNDEFED   _system_post_cinit                   

[131 symbols]
