******************************************************************************
            TI ARM Clang Linker PC v4.0.4                      
******************************************************************************
>> Linked Fri May 29 12:04:55 2026

OUTPUT FILE NAME:   <05_MOTOR.out>
ENTRY POINT SYMBOL: "_c_int00_noargs"  address: 000057e1


MEMORY CONFIGURATION

         name            origin    length      used     unused   attr    fill
----------------------  --------  ---------  --------  --------  ----  --------
  FLASH                 00000000   00020000  000061d8  00019e28  R  X
  SRAM                  20200000   00008000  00000780  00007880  RW X
  BCR_CONFIG            41c00000   000000ff  00000000  000000ff  R   
  BSL_CONFIG            41c00100   00000080  00000000  00000080  R   


SEGMENT ALLOCATION MAP

run origin  load origin   length   init length attrs members
----------  ----------- ---------- ----------- ----- -------
00000000    00000000    000061d8   000061d8    r-x
  00000000    00000000    000000c0   000000c0    r-- .intvecs
  000000c0    000000c0    00005950   00005950    r-x .text
  00005a10    00005a10    00000790   00000790    r-- .rodata
  000061a0    000061a0    00000038   00000038    r-- .cinit
20200000    20200000    00000580   00000000    rw-
  20200000    20200000    0000053c   00000000    rw- .bss
  2020053c    2020053c    00000044   00000000    rw- .data
20207e00    20207e00    00000200   00000000    rw-
  20207e00    20207e00    00000200   00000000    rw- .stack


SECTION ALLOCATION MAP

 output                                  attributes/
section   page    origin      length       input sections
--------  ----  ----------  ----------   ----------------
.intvecs   0    00000000    000000c0     
                  00000000    000000c0     startup_mspm0g350x_ticlang.o (.intvecs)

.text      0    000000c0    00005950     
                  000000c0    000015f4     oled.o (.text.OLED_Init)
                  000016b4    00000a90     oled.o (.text.OLED_Clear)
                  00002144    000009d0     libc.a : _printfi.c.obj (.text:__TI_printfi)
                  00002b14    00000564     oled.o (.text.OLED_ShowStatusAndSpeeds)
                  00003078    000002a8     ti_msp_dl_config.o (.text.SYSCFG_DL_SYSCTL_SYSPLL_init)
                  00003320    00000250     oled.o (.text.OLED_Refresh)
                  00003570    00000220     libc.a : _printfi.c.obj (.text._pconv_a)
                  00003790    000001dc            : _printfi.c.obj (.text._pconv_g)
                  0000396c    000001c4     oled.o (.text.OLED_DisplayTurn)
                  00003b30    000001b0     motor.o (.text.TIMA0_IRQHandler)
                  00003ce0    00000192     libclang_rt.builtins.a : adddf3.S.obj (.text.adddf3_subdf3)
                  00003e72    00000002     startup_mspm0g350x_ticlang.o (.text.Default_Handler)
                  00003e74    0000013c     libc.a : _printfi.c.obj (.text.fcvt)
                  00003fb0    00000120            : _printfi.c.obj (.text._pconv_e)
                  000040d0    0000010c     libclang_rt.builtins.a : divdf3.S.obj (.text.__divdf3)
                  000041dc    00000104     driverlib.a : dl_timer.o (.text.DL_Timer_initFourCCPWMMode)
                  000042e0    00000100     ti_msp_dl_config.o (.text.SYSCFG_DL_GPIO_init)
                  000043e0    000000fc     driverlib.a : dl_timer.o (.text.DL_Timer_initTimerMode)
                  000044dc    000000fc     oled.o (.text.OLED_ColorTurn)
                  000045d8    000000e4     libclang_rt.builtins.a : muldf3.S.obj (.text.__muldf3)
                  000046bc    000000dc     driverlib.a : dl_sysctl_mspm0g1x0x_g3x0x.o (.text.DL_SYSCTL_configSYSPLL)
                  00004798    000000d8     libc.a : s_scalbn.c.obj (.text.scalbn)
                  00004870    000000d8     libclang_rt.builtins.a : addsf3.S.obj (.text)
                  00004948    000000bc     main.o (.text.main)
                  00004a04    000000b0     ti_msp_dl_config.o (.text.SYSCFG_DL_SYSCTL_init)
                  00004ab4    000000a2     libclang_rt.builtins.a : udivmoddi4.S.obj (.text)
                  00004b56    0000009a     libc.a : memcpy16.S.obj (.text:memcpy)
                  00004bf0    0000008c     ti_msp_dl_config.o (.text.SYSCFG_DL_PWMAB_init)
                  00004c7c    0000008c     libclang_rt.builtins.a : mulsf3.S.obj (.text.__mulsf3)
                  00004d08    0000007c     motor.o (.text.motor_set_direction)
                  00004d84    0000007c     libc.a : copy_decompress_lzss.c.obj (.text:decompress:lzss)
                  00004e00    00000074     libclang_rt.builtins.a : comparedf2.c.obj (.text.__gedf2)
                  00004e74    0000000c                            : aeabi_memset.S.obj (.text.__aeabi_memclr)
                  00004e80    00000074                            : truncdfsf2.S.obj (.text.__truncdfsf2)
                  00004ef4    00000068                            : comparedf2.c.obj (.text.__ledf2)
                  00004f5c    00000066     libc.a : _printfi.c.obj (.text._mcpy)
                  00004fc2    00000002     libclang_rt.builtins.a : aeabi_div0.c.obj (.text.__aeabi_idiv0)
                  00004fc4    00000064     driverlib.a : dl_sysctl_mspm0g1x0x_g3x0x.o (.text.DL_SYSCTL_setHFCLKSourceHFXTParams)
                  00005028    00000062     libclang_rt.builtins.a : aeabi_dcmp.S.obj (.text.__aeabi_dcmp)
                  0000508a    00000062     libc.a : memset16.S.obj (.text:memset)
                  000050ec    00000060     key.o (.text.GROUP1_IRQHandler)
                  0000514c    00000060     ti_msp_dl_config.o (.text.SYSCFG_DL_OLED_init)
                  000051ac    00000060     motor.o (.text.motor_init)
                  0000520c    0000005e     driverlib.a : dl_i2c.o (.text.DL_I2C_fillControllerTXFIFO)
                  0000526a    00000002     libclang_rt.builtins.a : aeabi_div0.c.obj (.text.__aeabi_ldiv0)
                  0000526c    0000005c     libc.a : s_frexp.c.obj (.text.frexp)
                  000052c8    00000058            : _ltoa.c.obj (.text.__TI_ltoa)
                  00005320    00000058            : _printfi.c.obj (.text._pconv_f)
                  00005378    00000056     libclang_rt.builtins.a : aeabi_idivmod.S.obj (.text.__aeabi_idivmod)
                  000053ce    00000052     libc.a : _printfi.c.obj (.text._ecpy)
                  00005420    0000004c            : snprintf.c.obj (.text.snprintf)
                  0000546c    0000004a     libclang_rt.builtins.a : fixdfsi.S.obj (.text.__fixdfsi)
                  000054b6    00000002     --HOLE-- [fill = 0]
                  000054b8    00000048     ti_msp_dl_config.o (.text.SYSCFG_DL_initPower)
                  00005500    00000044     driverlib.a : dl_sysctl_mspm0g1x0x_g3x0x.o (.text.DL_SYSCTL_switchMCLKfromSYSOSCtoHSCLK)
                  00005544    00000040     libclang_rt.builtins.a : aeabi_uidivmod.S.obj (.text.__aeabi_uidivmod)
                  00005584    00000040                            : extendsfdf2.S.obj (.text.__extendsfdf2)
                  000055c4    00000040     libc.a : atoi.c.obj (.text.atoi)
                  00005604    0000003c     ti_msp_dl_config.o (.text.SYSCFG_DL_MOTOR_PID_init)
                  00005640    0000003c     libclang_rt.builtins.a : floatsisf.S.obj (.text.__floatsisf)
                  0000567c    0000003c     libc.a : autoinit.c.obj (.text:__TI_auto_init_nobinit_nopinit)
                  000056b8    0000003a     libclang_rt.builtins.a : muldsi3.S.obj (.text.__muldsi3)
                  000056f2    00000002     --HOLE-- [fill = 0]
                  000056f4    00000038                            : fixsfsi.S.obj (.text.__fixsfsi)
                  0000572c    00000030     libc.a : _printfi.c.obj (.text._fcpy)
                  0000575c    00000030            : snprintf.c.obj (.text._outs)
                  0000578c    0000002c     libclang_rt.builtins.a : floatsidf.S.obj (.text.__floatsidf)
                  000057b8    00000028     ti_msp_dl_config.o (.text.SYSCFG_DL_init)
                  000057e0    00000028     libc.a : boot_cortex_m.c.obj (.text:_c_int00_noargs)
                  00005808    00000026     driverlib.a : dl_i2c.o (.text.DL_I2C_setClockConfig)
                  0000582e    00000002     --HOLE-- [fill = 0]
                  00005830    00000024     libclang_rt.builtins.a : muldi3.S.obj (.text.__muldi3)
                  00005854    00000022     libc.a : memccpy.c.obj (.text.memccpy)
                  00005876    00000002     --HOLE-- [fill = 0]
                  00005878    0000001e     libclang_rt.builtins.a : ashldi3.S.obj (.text.__ashldi3)
                  00005896    00000002     --HOLE-- [fill = 0]
                  00005898    0000001c     driverlib.a : dl_sysctl_mspm0g1x0x_g3x0x.o (.text.DL_SYSCTL_configFCC)
                  000058b4    0000001c                 : dl_timer.o (.text.DL_Timer_setCaptCompUpdateMethod)
                  000058d0    0000001c                 : dl_timer.o (.text.DL_Timer_setClockConfig)
                  000058ec    00000018                 : dl_timer.o (.text.DL_Timer_setCaptureCompareOutCtl)
                  00005904    00000018     libc.a : snprintf.c.obj (.text._outc)
                  0000591c    00000014     libclang_rt.builtins.a : aeabi_uldivmod.S.obj (.text.__aeabi_uldivmod)
                  00005930    00000014     libc.a : _printfi.c.obj (.text.strchr)
                  00005944    00000012            : copy_decompress_none.c.obj (.text:decompress:none)
                  00005956    00000002     --HOLE-- [fill = 0]
                  00005958    00000010     driverlib.a : dl_timer.o (.text.DL_Timer_setCaptureCompareValue)
                  00005968    00000010     delay.o (.text.delay_ms)
                  00005978    00000010     libc.a : wcslen.c.obj (.text.wcslen)
                  00005988    00000010            : copy_zero_init.c.obj (.text:decompress:ZI)
                  00005998    0000000e     libclang_rt.builtins.a : aeabi_memset.S.obj (.text.__aeabi_memset)
                  000059a6    0000000e     libc.a : _printfi.c.obj (.text.strlen)
                  000059b4    0000000a     driverlib.a : dl_common.o (.text.DL_Common_delayCycles)
                  000059be    0000000a     libc.a : _printfi.c.obj (.text.OUTLINED_FUNCTION_0)
                  000059c8    00000010     libclang_rt.builtins.a : adddf3.S.obj (.tramp.__aeabi_dsub.1)
                  000059d8    0000000a     libc.a : _printfi.c.obj (.text.OUTLINED_FUNCTION_1)
                  000059e2    00000002     --HOLE-- [fill = 0]
                  000059e4    00000008            : aeabi_portable.c.obj (.text.__aeabi_errno_addr)
                  000059ec    00000008     libclang_rt.builtins.a : aeabi_memcpy.S.obj (.text.__aeabi_memcpy)
                  000059f4    00000006     libc.a : exit.c.obj (.text:abort)
                  000059fa    00000004     libsysbm.a : hostexit.c.obj (.text.HOSTexit)
                  000059fe    00000004     startup_mspm0g350x_ticlang.o (.text.Reset_Handler)
                  00005a02    00000004     libc.a : pre_init.c.obj (.text._system_pre_init)
                  00005a06    0000000a     --HOLE-- [fill = 0]

.cinit     0    000061a0    00000038     
                  000061a0    00000014     (.cinit..data.load) [load image, compression = lzss]
                  000061b4    0000000c     (__TI_handler_table)
                  000061c0    00000008     (.cinit..bss.load) [load image, compression = zero_init]
                  000061c8    00000010     (__TI_cinit_table)

.rodata    0    00005a10    00000790     
                  00005a10    000005f0     oled.o (.rodata.asc2_1608)
                  00006000    00000101     libc.a : aeabi_ctype.S.obj (.rodata:__aeabi_ctype_table_)
                  00006101    00000003     ti_msp_dl_config.o (.rodata.gMOTOR_PIDClockConfig)
                  00006104    00000028     ti_msp_dl_config.o (.rodata.gSYSPLLConfig)
                  0000612c    00000014     ti_msp_dl_config.o (.rodata.gMOTOR_PIDTimerConfig)
                  00006140    00000011     libc.a : _printfi.c.obj (.rodata.str1.10348868589481759720.1)
                  00006151    00000011            : _printfi.c.obj (.rodata.str1.15363888844622738466.1)
                  00006162    0000000e     oled.o (.rodata.str1.11378841450994995266.1)
                  00006170    0000000e     oled.o (.rodata.str1.525651829783989558.1)
                  0000617e    0000000b     oled.o (.rodata.str1.10612175213412870912.1)
                  00006189    00000003     ti_msp_dl_config.o (.rodata.gPWMABClockConfig)
                  0000618c    00000008     ti_msp_dl_config.o (.rodata.gPWMABConfig)
                  00006194    00000002     ti_msp_dl_config.o (.rodata.gOLEDClockConfig)
                  00006196    0000000a     --HOLE-- [fill = 0]

.init_array 
*          0    00000000    00000000     UNINITIALIZED

.binit     0    00000000    00000000     

.bss       0    20200000    0000053c     UNINITIALIZED
                  20200000    00000480     (.common:OLED_GRAM)
                  20200480    000000bc     (.common:gMOTOR_PIDBackup)

.data      0    2020053c    00000044     UNINITIALIZED
                  2020053c    00000004     motor.o (.data.Ki1)
                  20200540    00000004     motor.o (.data.Ki2)
                  20200544    00000004     motor.o (.data.Kp1)
                  20200548    00000004     motor.o (.data.Kp2)
                  2020054c    00000004     libc.a : aeabi_portable.c.obj (.data.__aeabi_errno)
                  20200550    00000004     motor.o (.data.current_error_1)
                  20200554    00000004     motor.o (.data.current_error_2)
                  20200558    00000004     main.o (.data.encoder_motor1)
                  2020055c    00000004     main.o (.data.encoder_motor2)
                  20200560    00000004     motor.o (.data.last_error_1)
                  20200564    00000004     motor.o (.data.last_error_2)
                  20200568    00000004     motor.o (.data.speed_1)
                  2020056c    00000004     motor.o (.data.speed_2)
                  20200570    00000004     main.o (.data.status)
                  20200574    00000004     main.o (.data.target_speed_1)
                  20200578    00000004     main.o (.data.target_speed_2)
                  2020057c    00000002     motor.o (.data.PWM_1_duty)
                  2020057e    00000002     motor.o (.data.PWM_2_duty)

.stack     0    20207e00    00000200     UNINITIALIZED
                  20207e00    00000004     libc.a : boot_cortex_m.c.obj (.stack)
                  20207e04    000001fc     --HOLE--

__llvm_prf_cnts 
*          0    20200000    00000000     UNINITIALIZED

__llvm_prf_bits 
*          0    20200000    00000000     UNINITIALIZED

MODULE SUMMARY

       Module                         code    ro data   rw data
       ------                         ----    -------   -------
    .\
       ti_msp_dl_config.o             1520    76        188    
       main.o                         188     0         20     
       startup_mspm0g350x_ticlang.o   6       192       0      
    +--+------------------------------+-------+---------+---------+
       Total:                         1714    268       208    
                                                               
    .\user_driver\
       oled.o                         11000   1559      1152   
       motor.o                        652     0         44     
       key.o                          96      0         0      
       delay.o                        16      0         0      
    +--+------------------------------+-------+---------+---------+
       Total:                         11764   1559      1196   
                                                               
    C:/TI/mspm0_sdk_2_10_00_04/source/ti/driverlib/lib/ticlang/m0p/mspm0g1x0x_g3x0x/driverlib.a
       dl_timer.o                     608     0         0      
       dl_sysctl_mspm0g1x0x_g3x0x.o   416     0         0      
       dl_i2c.o                       132     0         0      
       dl_common.o                    10      0         0      
    +--+------------------------------+-------+---------+---------+
       Total:                         1166    0         0      
                                                               
    D:\ti\ccs2050\ccs\tools\compiler\ti-cgt-armllvm_4.0.4.LTS\lib\armv6m-ti-none-eabi/c/libc.a
       _printfi.c.obj                 4510    34        0      
       aeabi_ctype.S.obj              0       257       0      
       s_scalbn.c.obj                 216     0         0      
       memcpy16.S.obj                 154     0         0      
       snprintf.c.obj                 148     0         0      
       copy_decompress_lzss.c.obj     124     0         0      
       memset16.S.obj                 98      0         0      
       s_frexp.c.obj                  92      0         0      
       _ltoa.c.obj                    88      0         0      
       atoi.c.obj                     64      0         0      
       autoinit.c.obj                 60      0         0      
       boot_cortex_m.c.obj            40      0         0      
       memccpy.c.obj                  34      0         0      
       copy_decompress_none.c.obj     18      0         0      
       copy_zero_init.c.obj           16      0         0      
       wcslen.c.obj                   16      0         0      
       aeabi_portable.c.obj           8       0         4      
       exit.c.obj                     6       0         0      
       pre_init.c.obj                 4       0         0      
    +--+------------------------------+-------+---------+---------+
       Total:                         5696    291       4      
                                                               
    D:\ti\ccs2050\ccs\tools\compiler\ti-cgt-armllvm_4.0.4.LTS\lib\armv6m-ti-none-eabi/c/libsysbm.a
       hostexit.c.obj                 4       0         0      
    +--+------------------------------+-------+---------+---------+
       Total:                         4       0         0      
                                                               
    D:\ti\ccs2050\ccs\tools\compiler\ti-cgt-armllvm_4.0.4.LTS\lib\armv6m-ti-none-eabi/libclang_rt.builtins.a
       adddf3.S.obj                   418     0         0      
       divdf3.S.obj                   268     0         0      
       muldf3.S.obj                   228     0         0      
       comparedf2.c.obj               220     0         0      
       addsf3.S.obj                   216     0         0      
       udivmoddi4.S.obj               162     0         0      
       mulsf3.S.obj                   140     0         0      
       truncdfsf2.S.obj               116     0         0      
       aeabi_dcmp.S.obj               98      0         0      
       aeabi_idivmod.S.obj            86      0         0      
       fixdfsi.S.obj                  74      0         0      
       aeabi_uidivmod.S.obj           64      0         0      
       extendsfdf2.S.obj              64      0         0      
       floatsisf.S.obj                60      0         0      
       muldsi3.S.obj                  58      0         0      
       fixsfsi.S.obj                  56      0         0      
       floatsidf.S.obj                44      0         0      
       muldi3.S.obj                   36      0         0      
       ashldi3.S.obj                  30      0         0      
       aeabi_memset.S.obj             26      0         0      
       aeabi_uldivmod.S.obj           20      0         0      
       aeabi_memcpy.S.obj             8       0         0      
       aeabi_div0.c.obj               4       0         0      
    +--+------------------------------+-------+---------+---------+
       Total:                         2496    0         0      
                                                               
       Stack:                         0       0         512    
       Linker Generated:              0       56        0      
    +--+------------------------------+-------+---------+---------+
       Grand Total:                   22840   2174      1920   


LINKER GENERATED COPY TABLES

__TI_cinit_table @ 000061c8 records: 2, size/record: 8, table size: 16
	.data: load addr=000061a0, load size=00000014 bytes, run addr=2020053c, run size=00000044 bytes, compression=lzss
	.bss: load addr=000061c0, load size=00000008 bytes, run addr=20200000, run size=0000053c bytes, compression=zero_init


LINKER GENERATED HANDLER TABLE

__TI_handler_table @ 000061b4 records: 3, size/record: 4, table size: 12
	index: 0, handler: __TI_decompress_lzss
	index: 1, handler: __TI_decompress_none
	index: 2, handler: __TI_zero_init


FAR CALL TRAMPOLINES

callee name               trampoline name
   callee addr  tramp addr   call addr  call info
--------------  -----------  ---------  ----------------
__aeabi_dsub              $Tramp$TT$L$PI$$__aeabi_dsub
   00003ce1     000059c8     000059c6   libc.a : _printfi.c.obj (.text.OUTLINED_FUNCTION_0)

[1 trampolines]
[1 trampoline calls]


GLOBAL SYMBOLS: SORTED ALPHABETICALLY BY Name 

address   name                                 
-------   ----                                 
00003e73  ADC0_IRQHandler                      
00003e73  ADC1_IRQHandler                      
00003e73  AES_IRQHandler                       
000059fa  C$$EXIT                              
00003e73  CANFD0_IRQHandler                    
00003e73  DAC0_IRQHandler                      
000059b5  DL_Common_delayCycles                
0000520d  DL_I2C_fillControllerTXFIFO          
00005809  DL_I2C_setClockConfig                
00005899  DL_SYSCTL_configFCC                  
000046bd  DL_SYSCTL_configSYSPLL               
00004fc5  DL_SYSCTL_setHFCLKSourceHFXTParams   
00005501  DL_SYSCTL_switchMCLKfromSYSOSCtoHSCLK
000041dd  DL_Timer_initFourCCPWMMode           
000043e1  DL_Timer_initTimerMode               
000058b5  DL_Timer_setCaptCompUpdateMethod     
000058ed  DL_Timer_setCaptureCompareOutCtl     
00005959  DL_Timer_setCaptureCompareValue      
000058d1  DL_Timer_setClockConfig              
00003e73  DMA_IRQHandler                       
00003e73  Default_Handler                      
00003e73  GROUP0_IRQHandler                    
000050ed  GROUP1_IRQHandler                    
000059fb  HOSTexit                             
00003e73  HardFault_Handler                    
00003e73  I2C0_IRQHandler                      
00003e73  I2C1_IRQHandler                      
2020053c  Ki1                                  
20200540  Ki2                                  
20200544  Kp1                                  
20200548  Kp2                                  
00003e73  NMI_Handler                          
000016b5  OLED_Clear                           
000044dd  OLED_ColorTurn                       
0000396d  OLED_DisplayTurn                     
20200000  OLED_GRAM                            
000000c1  OLED_Init                            
00003321  OLED_Refresh                         
00002b15  OLED_ShowStatusAndSpeeds             
2020057c  PWM_1_duty                           
2020057e  PWM_2_duty                           
00003e73  PendSV_Handler                       
00003e73  RTC_IRQHandler                       
000059ff  Reset_Handler                        
00003e73  SPI0_IRQHandler                      
00003e73  SPI1_IRQHandler                      
00003e73  SVC_Handler                          
000042e1  SYSCFG_DL_GPIO_init                  
00005605  SYSCFG_DL_MOTOR_PID_init             
0000514d  SYSCFG_DL_OLED_init                  
00004bf1  SYSCFG_DL_PWMAB_init                 
00003079  SYSCFG_DL_SYSCTL_SYSPLL_init         
00004a05  SYSCFG_DL_SYSCTL_init                
000057b9  SYSCFG_DL_init                       
000054b9  SYSCFG_DL_initPower                  
00003e73  SysTick_Handler                      
00003b31  TIMA0_IRQHandler                     
00003e73  TIMA1_IRQHandler                     
00003e73  TIMG0_IRQHandler                     
00003e73  TIMG12_IRQHandler                    
00003e73  TIMG6_IRQHandler                     
00003e73  TIMG7_IRQHandler                     
00003e73  TIMG8_IRQHandler                     
00003e73  UART0_IRQHandler                     
00003e73  UART1_IRQHandler                     
00003e73  UART2_IRQHandler                     
00003e73  UART3_IRQHandler                     
20208000  __STACK_END                          
00000200  __STACK_SIZE                         
00000000  __TI_ATRegion0_region_sz             
00000000  __TI_ATRegion0_src_addr              
00000000  __TI_ATRegion0_trg_addr              
00000000  __TI_ATRegion1_region_sz             
00000000  __TI_ATRegion1_src_addr              
00000000  __TI_ATRegion1_trg_addr              
00000000  __TI_ATRegion2_region_sz             
00000000  __TI_ATRegion2_src_addr              
00000000  __TI_ATRegion2_trg_addr              
000061c8  __TI_CINIT_Base                      
000061d8  __TI_CINIT_Limit                     
000061d8  __TI_CINIT_Warm                      
000061b4  __TI_Handler_Table_Base              
000061c0  __TI_Handler_Table_Limit             
0000567d  __TI_auto_init_nobinit_nopinit       
00004d85  __TI_decompress_lzss                 
00005945  __TI_decompress_none                 
000052c9  __TI_ltoa                            
ffffffff  __TI_pprof_out_hndl                  
00002145  __TI_printfi                         
ffffffff  __TI_prof_data_size                  
ffffffff  __TI_prof_data_start                 
00000000  __TI_static_base__                   
00005989  __TI_zero_init                       
00003ceb  __adddf3                             
0000487b  __addsf3                             
00006000  __aeabi_ctype_table_                 
00006000  __aeabi_ctype_table_C                
00004e81  __aeabi_d2f                          
0000546d  __aeabi_d2iz                         
00003ceb  __aeabi_dadd                         
00005029  __aeabi_dcmpeq                       
00005065  __aeabi_dcmpge                       
00005079  __aeabi_dcmpgt                       
00005051  __aeabi_dcmple                       
0000503d  __aeabi_dcmplt                       
000040d1  __aeabi_ddiv                         
000045d9  __aeabi_dmul                         
00003ce1  __aeabi_dsub                         
2020054c  __aeabi_errno                        
000059e5  __aeabi_errno_addr                   
00005585  __aeabi_f2d                          
000056f5  __aeabi_f2iz                         
0000487b  __aeabi_fadd                         
00004c7d  __aeabi_fmul                         
00004871  __aeabi_fsub                         
0000578d  __aeabi_i2d                          
00005641  __aeabi_i2f                          
00005379  __aeabi_idiv                         
00004fc3  __aeabi_idiv0                        
00005379  __aeabi_idivmod                      
0000526b  __aeabi_ldiv0                        
00005879  __aeabi_llsl                         
00005831  __aeabi_lmul                         
00004e75  __aeabi_memclr                       
00004e75  __aeabi_memclr4                      
00004e75  __aeabi_memclr8                      
000059ed  __aeabi_memcpy                       
000059ed  __aeabi_memcpy4                      
000059ed  __aeabi_memcpy8                      
00005999  __aeabi_memset                       
00005999  __aeabi_memset4                      
00005999  __aeabi_memset8                      
00005545  __aeabi_uidiv                        
00005545  __aeabi_uidivmod                     
0000591d  __aeabi_uldivmod                     
00005879  __ashldi3                            
ffffffff  __binit__                            
00004ef5  __cmpdf2                             
000040d1  __divdf3                             
00004ef5  __eqdf2                              
00005585  __extendsfdf2                        
0000546d  __fixdfsi                            
000056f5  __fixsfsi                            
0000578d  __floatsidf                          
00005641  __floatsisf                          
00004e01  __gedf2                              
00004e01  __gtdf2                              
00004ef5  __ledf2                              
00004ef5  __ltdf2                              
UNDEFED   __mpu_init                           
000045d9  __muldf3                             
00005831  __muldi3                             
000056b9  __muldsi3                            
00004c7d  __mulsf3                             
00004ef5  __nedf2                              
20207e00  __stack                              
20200000  __start___llvm_prf_bits              
20200000  __start___llvm_prf_cnts              
20200000  __stop___llvm_prf_bits               
20200000  __stop___llvm_prf_cnts               
00003ce1  __subdf3                             
00004871  __subsf3                             
00004e81  __truncdfsf2                         
00004ab5  __udivmoddi4                         
000057e1  _c_int00_noargs                      
UNDEFED   _system_post_cinit                   
00005a03  _system_pre_init                     
000059f5  abort                                
00005a10  asc2_1608                            
000055c5  atoi                                 
ffffffff  binit                                
20200550  current_error_1                      
20200554  current_error_2                      
00005969  delay_ms                             
20200558  encoder_motor1                       
2020055c  encoder_motor2                       
0000526d  frexp                                
0000526d  frexpl                               
20200480  gMOTOR_PIDBackup                     
00000000  interruptVectors                     
20200560  last_error_1                         
20200564  last_error_2                         
00004799  ldexp                                
00004799  ldexpl                               
00004949  main                                 
00005855  memccpy                              
00004b57  memcpy                               
0000508b  memset                               
000051ad  motor_init                           
00004d09  motor_set_direction                  
00004799  scalbn                               
00004799  scalbnl                              
00005421  snprintf                             
20200568  speed_1                              
2020056c  speed_2                              
20200570  status                               
20200574  target_speed_1                       
20200578  target_speed_2                       
00005979  wcslen                               


GLOBAL SYMBOLS: SORTED BY Symbol Address 

address   name                                 
-------   ----                                 
00000000  __TI_ATRegion0_region_sz             
00000000  __TI_ATRegion0_src_addr              
00000000  __TI_ATRegion0_trg_addr              
00000000  __TI_ATRegion1_region_sz             
00000000  __TI_ATRegion1_src_addr              
00000000  __TI_ATRegion1_trg_addr              
00000000  __TI_ATRegion2_region_sz             
00000000  __TI_ATRegion2_src_addr              
00000000  __TI_ATRegion2_trg_addr              
00000000  __TI_static_base__                   
00000000  interruptVectors                     
000000c1  OLED_Init                            
00000200  __STACK_SIZE                         
000016b5  OLED_Clear                           
00002145  __TI_printfi                         
00002b15  OLED_ShowStatusAndSpeeds             
00003079  SYSCFG_DL_SYSCTL_SYSPLL_init         
00003321  OLED_Refresh                         
0000396d  OLED_DisplayTurn                     
00003b31  TIMA0_IRQHandler                     
00003ce1  __aeabi_dsub                         
00003ce1  __subdf3                             
00003ceb  __adddf3                             
00003ceb  __aeabi_dadd                         
00003e73  ADC0_IRQHandler                      
00003e73  ADC1_IRQHandler                      
00003e73  AES_IRQHandler                       
00003e73  CANFD0_IRQHandler                    
00003e73  DAC0_IRQHandler                      
00003e73  DMA_IRQHandler                       
00003e73  Default_Handler                      
00003e73  GROUP0_IRQHandler                    
00003e73  HardFault_Handler                    
00003e73  I2C0_IRQHandler                      
00003e73  I2C1_IRQHandler                      
00003e73  NMI_Handler                          
00003e73  PendSV_Handler                       
00003e73  RTC_IRQHandler                       
00003e73  SPI0_IRQHandler                      
00003e73  SPI1_IRQHandler                      
00003e73  SVC_Handler                          
00003e73  SysTick_Handler                      
00003e73  TIMA1_IRQHandler                     
00003e73  TIMG0_IRQHandler                     
00003e73  TIMG12_IRQHandler                    
00003e73  TIMG6_IRQHandler                     
00003e73  TIMG7_IRQHandler                     
00003e73  TIMG8_IRQHandler                     
00003e73  UART0_IRQHandler                     
00003e73  UART1_IRQHandler                     
00003e73  UART2_IRQHandler                     
00003e73  UART3_IRQHandler                     
000040d1  __aeabi_ddiv                         
000040d1  __divdf3                             
000041dd  DL_Timer_initFourCCPWMMode           
000042e1  SYSCFG_DL_GPIO_init                  
000043e1  DL_Timer_initTimerMode               
000044dd  OLED_ColorTurn                       
000045d9  __aeabi_dmul                         
000045d9  __muldf3                             
000046bd  DL_SYSCTL_configSYSPLL               
00004799  ldexp                                
00004799  ldexpl                               
00004799  scalbn                               
00004799  scalbnl                              
00004871  __aeabi_fsub                         
00004871  __subsf3                             
0000487b  __addsf3                             
0000487b  __aeabi_fadd                         
00004949  main                                 
00004a05  SYSCFG_DL_SYSCTL_init                
00004ab5  __udivmoddi4                         
00004b57  memcpy                               
00004bf1  SYSCFG_DL_PWMAB_init                 
00004c7d  __aeabi_fmul                         
00004c7d  __mulsf3                             
00004d09  motor_set_direction                  
00004d85  __TI_decompress_lzss                 
00004e01  __gedf2                              
00004e01  __gtdf2                              
00004e75  __aeabi_memclr                       
00004e75  __aeabi_memclr4                      
00004e75  __aeabi_memclr8                      
00004e81  __aeabi_d2f                          
00004e81  __truncdfsf2                         
00004ef5  __cmpdf2                             
00004ef5  __eqdf2                              
00004ef5  __ledf2                              
00004ef5  __ltdf2                              
00004ef5  __nedf2                              
00004fc3  __aeabi_idiv0                        
00004fc5  DL_SYSCTL_setHFCLKSourceHFXTParams   
00005029  __aeabi_dcmpeq                       
0000503d  __aeabi_dcmplt                       
00005051  __aeabi_dcmple                       
00005065  __aeabi_dcmpge                       
00005079  __aeabi_dcmpgt                       
0000508b  memset                               
000050ed  GROUP1_IRQHandler                    
0000514d  SYSCFG_DL_OLED_init                  
000051ad  motor_init                           
0000520d  DL_I2C_fillControllerTXFIFO          
0000526b  __aeabi_ldiv0                        
0000526d  frexp                                
0000526d  frexpl                               
000052c9  __TI_ltoa                            
00005379  __aeabi_idiv                         
00005379  __aeabi_idivmod                      
00005421  snprintf                             
0000546d  __aeabi_d2iz                         
0000546d  __fixdfsi                            
000054b9  SYSCFG_DL_initPower                  
00005501  DL_SYSCTL_switchMCLKfromSYSOSCtoHSCLK
00005545  __aeabi_uidiv                        
00005545  __aeabi_uidivmod                     
00005585  __aeabi_f2d                          
00005585  __extendsfdf2                        
000055c5  atoi                                 
00005605  SYSCFG_DL_MOTOR_PID_init             
00005641  __aeabi_i2f                          
00005641  __floatsisf                          
0000567d  __TI_auto_init_nobinit_nopinit       
000056b9  __muldsi3                            
000056f5  __aeabi_f2iz                         
000056f5  __fixsfsi                            
0000578d  __aeabi_i2d                          
0000578d  __floatsidf                          
000057b9  SYSCFG_DL_init                       
000057e1  _c_int00_noargs                      
00005809  DL_I2C_setClockConfig                
00005831  __aeabi_lmul                         
00005831  __muldi3                             
00005855  memccpy                              
00005879  __aeabi_llsl                         
00005879  __ashldi3                            
00005899  DL_SYSCTL_configFCC                  
000058b5  DL_Timer_setCaptCompUpdateMethod     
000058d1  DL_Timer_setClockConfig              
000058ed  DL_Timer_setCaptureCompareOutCtl     
0000591d  __aeabi_uldivmod                     
00005945  __TI_decompress_none                 
00005959  DL_Timer_setCaptureCompareValue      
00005969  delay_ms                             
00005979  wcslen                               
00005989  __TI_zero_init                       
00005999  __aeabi_memset                       
00005999  __aeabi_memset4                      
00005999  __aeabi_memset8                      
000059b5  DL_Common_delayCycles                
000059e5  __aeabi_errno_addr                   
000059ed  __aeabi_memcpy                       
000059ed  __aeabi_memcpy4                      
000059ed  __aeabi_memcpy8                      
000059f5  abort                                
000059fa  C$$EXIT                              
000059fb  HOSTexit                             
000059ff  Reset_Handler                        
00005a03  _system_pre_init                     
00005a10  asc2_1608                            
00006000  __aeabi_ctype_table_                 
00006000  __aeabi_ctype_table_C                
000061b4  __TI_Handler_Table_Base              
000061c0  __TI_Handler_Table_Limit             
000061c8  __TI_CINIT_Base                      
000061d8  __TI_CINIT_Limit                     
000061d8  __TI_CINIT_Warm                      
20200000  OLED_GRAM                            
20200000  __start___llvm_prf_bits              
20200000  __start___llvm_prf_cnts              
20200000  __stop___llvm_prf_bits               
20200000  __stop___llvm_prf_cnts               
20200480  gMOTOR_PIDBackup                     
2020053c  Ki1                                  
20200540  Ki2                                  
20200544  Kp1                                  
20200548  Kp2                                  
2020054c  __aeabi_errno                        
20200550  current_error_1                      
20200554  current_error_2                      
20200558  encoder_motor1                       
2020055c  encoder_motor2                       
20200560  last_error_1                         
20200564  last_error_2                         
20200568  speed_1                              
2020056c  speed_2                              
20200570  status                               
20200574  target_speed_1                       
20200578  target_speed_2                       
2020057c  PWM_1_duty                           
2020057e  PWM_2_duty                           
20207e00  __stack                              
20208000  __STACK_END                          
ffffffff  __TI_pprof_out_hndl                  
ffffffff  __TI_prof_data_size                  
ffffffff  __TI_prof_data_start                 
ffffffff  __binit__                            
ffffffff  binit                                
UNDEFED   __mpu_init                           
UNDEFED   _system_post_cinit                   

[199 symbols]
