<?xml version="1.0" encoding="ISO-8859-1" ?>
<link_info>
   <banner>TI ARM Clang Linker PC v4.0.4.LTS</banner>
   <copyright>Copyright (c) 1996-2018 Texas Instruments Incorporated</copyright>
   <command_line>D:\ti\ccs2050\ccs\tools\compiler\ti-cgt-armllvm_4.0.4.LTS\bin\tiarmlnk -ID:\ti\ccs2050\ccs\tools\compiler\ti-cgt-armllvm_4.0.4.LTS\lib -o 05_MOTOR _backup2.out -m05_MOTOR _backup2.map -iC:/TI/mspm0_sdk_2_10_00_04/source -iC:/Users/Aupassen/workspace_ccstheia/05_MOTOR _backup2 -iC:/Users/Aupassen/workspace_ccstheia/05_MOTOR _backup2/Debug/syscfg -iD:/ti/ccs2050/ccs/tools/compiler/ti-cgt-armllvm_4.0.4.LTS/lib --diag_wrap=off --display_error_number --warn_sections --xml_link_info=05_MOTOR _backup2_linkInfo.xml --rom_model ./ti_msp_dl_config.o ./startup_mspm0g350x_ticlang.o ./main.o ./user_driver/delay.o ./user_driver/idle.o ./user_driver/key.o ./user_driver/motor.o ./user_driver/oled.o ./user_driver/tracker.o -l./device_linker.cmd -ldevice.cmd.genlibs -llibc.a --start-group -llibc++.a -llibc++abi.a -llibc.a -llibsys.a -llibsysbm.a -llibclang_rt.builtins.a -llibclang_rt.profile.a --end-group --cg_opt_level=2</command_line>
   <link_time>0x6a1a577d</link_time>
   <link_errors>0x0</link_errors>
   <output_file>C:\Users\Aupassen\workspace_ccstheia\05_MOTOR _backup2\Debug\05_MOTOR _backup2.out</output_file>
   <entry_point>
      <name>_c_int00_noargs</name>
      <address>0x5c35</address>
   </entry_point>
   <input_file_list>
      <input_file id="fl-1">
         <path>C:\Users\Aupassen\workspace_ccstheia\05_MOTOR _backup2\Debug\.\</path>
         <kind>object</kind>
         <file>ti_msp_dl_config.o</file>
         <name>ti_msp_dl_config.o</name>
      </input_file>
      <input_file id="fl-2">
         <path>C:\Users\Aupassen\workspace_ccstheia\05_MOTOR _backup2\Debug\.\</path>
         <kind>object</kind>
         <file>startup_mspm0g350x_ticlang.o</file>
         <name>startup_mspm0g350x_ticlang.o</name>
      </input_file>
      <input_file id="fl-3">
         <path>C:\Users\Aupassen\workspace_ccstheia\05_MOTOR _backup2\Debug\.\</path>
         <kind>object</kind>
         <file>main.o</file>
         <name>main.o</name>
      </input_file>
      <input_file id="fl-4">
         <path>C:\Users\Aupassen\workspace_ccstheia\05_MOTOR _backup2\Debug\.\user_driver\</path>
         <kind>object</kind>
         <file>delay.o</file>
         <name>delay.o</name>
      </input_file>
      <input_file id="fl-5">
         <path>C:\Users\Aupassen\workspace_ccstheia\05_MOTOR _backup2\Debug\.\user_driver\</path>
         <kind>object</kind>
         <file>idle.o</file>
         <name>idle.o</name>
      </input_file>
      <input_file id="fl-6">
         <path>C:\Users\Aupassen\workspace_ccstheia\05_MOTOR _backup2\Debug\.\user_driver\</path>
         <kind>object</kind>
         <file>key.o</file>
         <name>key.o</name>
      </input_file>
      <input_file id="fl-7">
         <path>C:\Users\Aupassen\workspace_ccstheia\05_MOTOR _backup2\Debug\.\user_driver\</path>
         <kind>object</kind>
         <file>motor.o</file>
         <name>motor.o</name>
      </input_file>
      <input_file id="fl-8">
         <path>C:\Users\Aupassen\workspace_ccstheia\05_MOTOR _backup2\Debug\.\user_driver\</path>
         <kind>object</kind>
         <file>oled.o</file>
         <name>oled.o</name>
      </input_file>
      <input_file id="fl-9">
         <path>C:\Users\Aupassen\workspace_ccstheia\05_MOTOR _backup2\Debug\.\user_driver\</path>
         <kind>object</kind>
         <file>tracker.o</file>
         <name>tracker.o</name>
      </input_file>
      <input_file id="fl-16">
         <path>C:\Users\Aupassen\workspace_ccstheia\05_MOTOR _backup2\Debug\</path>
         <kind>object</kind>
         <file>&lt;internal&gt;</file>
         <name>&lt;internal&gt;</name>
      </input_file>
      <input_file id="fl-17">
         <path>C:\TI\mspm0_sdk_2_10_00_04\source\ti\driverlib\lib\ticlang\m0p\mspm0g1x0x_g3x0x\</path>
         <kind>archive</kind>
         <file>driverlib.a</file>
         <name>dl_common.o</name>
      </input_file>
      <input_file id="fl-18">
         <path>C:\TI\mspm0_sdk_2_10_00_04\source\ti\driverlib\lib\ticlang\m0p\mspm0g1x0x_g3x0x\</path>
         <kind>archive</kind>
         <file>driverlib.a</file>
         <name>dl_i2c.o</name>
      </input_file>
      <input_file id="fl-19">
         <path>C:\TI\mspm0_sdk_2_10_00_04\source\ti\driverlib\lib\ticlang\m0p\mspm0g1x0x_g3x0x\</path>
         <kind>archive</kind>
         <file>driverlib.a</file>
         <name>dl_timer.o</name>
      </input_file>
      <input_file id="fl-1a">
         <path>C:\TI\mspm0_sdk_2_10_00_04\source\ti\driverlib\lib\ticlang\m0p\mspm0g1x0x_g3x0x\</path>
         <kind>archive</kind>
         <file>driverlib.a</file>
         <name>dl_sysctl_mspm0g1x0x_g3x0x.o</name>
      </input_file>
      <input_file id="fl-31">
         <path>D:\ti\ccs2050\ccs\tools\compiler\ti-cgt-armllvm_4.0.4.LTS\lib\armv6m-ti-none-eabi\c\</path>
         <kind>archive</kind>
         <file>libc.a</file>
         <name>snprintf.c.obj</name>
      </input_file>
      <input_file id="fl-32">
         <path>D:\ti\ccs2050\ccs\tools\compiler\ti-cgt-armllvm_4.0.4.LTS\lib\armv6m-ti-none-eabi\c\</path>
         <kind>archive</kind>
         <file>libc.a</file>
         <name>boot_cortex_m.c.obj</name>
      </input_file>
      <input_file id="fl-33">
         <path>D:\ti\ccs2050\ccs\tools\compiler\ti-cgt-armllvm_4.0.4.LTS\lib\armv6m-ti-none-eabi\c\</path>
         <kind>archive</kind>
         <file>libc.a</file>
         <name>mathacl_init.c.obj</name>
      </input_file>
      <input_file id="fl-34">
         <path>D:\ti\ccs2050\ccs\tools\compiler\ti-cgt-armllvm_4.0.4.LTS\lib\armv6m-ti-none-eabi\c\</path>
         <kind>archive</kind>
         <file>libc.a</file>
         <name>autoinit.c.obj</name>
      </input_file>
      <input_file id="fl-35">
         <path>D:\ti\ccs2050\ccs\tools\compiler\ti-cgt-armllvm_4.0.4.LTS\lib\armv6m-ti-none-eabi\c\</path>
         <kind>archive</kind>
         <file>libc.a</file>
         <name>pre_init.c.obj</name>
      </input_file>
      <input_file id="fl-36">
         <path>D:\ti\ccs2050\ccs\tools\compiler\ti-cgt-armllvm_4.0.4.LTS\lib\armv6m-ti-none-eabi\c\</path>
         <kind>archive</kind>
         <file>libc.a</file>
         <name>cpy_tbl.c.obj</name>
      </input_file>
      <input_file id="fl-37">
         <path>D:\ti\ccs2050\ccs\tools\compiler\ti-cgt-armllvm_4.0.4.LTS\lib\armv6m-ti-none-eabi\c\</path>
         <kind>archive</kind>
         <file>libc.a</file>
         <name>copy_zero_init.c.obj</name>
      </input_file>
      <input_file id="fl-38">
         <path>D:\ti\ccs2050\ccs\tools\compiler\ti-cgt-armllvm_4.0.4.LTS\lib\armv6m-ti-none-eabi\c\</path>
         <kind>archive</kind>
         <file>libc.a</file>
         <name>copy_decompress_none.c.obj</name>
      </input_file>
      <input_file id="fl-39">
         <path>D:\ti\ccs2050\ccs\tools\compiler\ti-cgt-armllvm_4.0.4.LTS\lib\armv6m-ti-none-eabi\c\</path>
         <kind>archive</kind>
         <file>libc.a</file>
         <name>copy_decompress_lzss.c.obj</name>
      </input_file>
      <input_file id="fl-3a">
         <path>D:\ti\ccs2050\ccs\tools\compiler\ti-cgt-armllvm_4.0.4.LTS\lib\armv6m-ti-none-eabi\c\</path>
         <kind>archive</kind>
         <file>libc.a</file>
         <name>_printfi.c.obj</name>
      </input_file>
      <input_file id="fl-3b">
         <path>D:\ti\ccs2050\ccs\tools\compiler\ti-cgt-armllvm_4.0.4.LTS\lib\armv6m-ti-none-eabi\c\</path>
         <kind>archive</kind>
         <file>libc.a</file>
         <name>aeabi_portable.c.obj</name>
      </input_file>
      <input_file id="fl-3c">
         <path>D:\ti\ccs2050\ccs\tools\compiler\ti-cgt-armllvm_4.0.4.LTS\lib\armv6m-ti-none-eabi\c\</path>
         <kind>archive</kind>
         <file>libc.a</file>
         <name>exit.c.obj</name>
      </input_file>
      <input_file id="fl-3d">
         <path>D:\ti\ccs2050\ccs\tools\compiler\ti-cgt-armllvm_4.0.4.LTS\lib\armv6m-ti-none-eabi\c\</path>
         <kind>archive</kind>
         <file>libc.a</file>
         <name>_lock.c.obj</name>
      </input_file>
      <input_file id="fl-3e">
         <path>D:\ti\ccs2050\ccs\tools\compiler\ti-cgt-armllvm_4.0.4.LTS\lib\armv6m-ti-none-eabi\c\</path>
         <kind>archive</kind>
         <file>libc.a</file>
         <name>_ltoa.c.obj</name>
      </input_file>
      <input_file id="fl-3f">
         <path>D:\ti\ccs2050\ccs\tools\compiler\ti-cgt-armllvm_4.0.4.LTS\lib\armv6m-ti-none-eabi\c\</path>
         <kind>archive</kind>
         <file>libc.a</file>
         <name>args_main.c.obj</name>
      </input_file>
      <input_file id="fl-40">
         <path>D:\ti\ccs2050\ccs\tools\compiler\ti-cgt-armllvm_4.0.4.LTS\lib\armv6m-ti-none-eabi\c\</path>
         <kind>archive</kind>
         <file>libc.a</file>
         <name>assert.c.obj</name>
      </input_file>
      <input_file id="fl-41">
         <path>D:\ti\ccs2050\ccs\tools\compiler\ti-cgt-armllvm_4.0.4.LTS\lib\armv6m-ti-none-eabi\c\</path>
         <kind>archive</kind>
         <file>libc.a</file>
         <name>atoi.c.obj</name>
      </input_file>
      <input_file id="fl-42">
         <path>D:\ti\ccs2050\ccs\tools\compiler\ti-cgt-armllvm_4.0.4.LTS\lib\armv6m-ti-none-eabi\c\</path>
         <kind>archive</kind>
         <file>libc.a</file>
         <name>defs.c.obj</name>
      </input_file>
      <input_file id="fl-43">
         <path>D:\ti\ccs2050\ccs\tools\compiler\ti-cgt-armllvm_4.0.4.LTS\lib\armv6m-ti-none-eabi\c\</path>
         <kind>archive</kind>
         <file>libc.a</file>
         <name>memccpy.c.obj</name>
      </input_file>
      <input_file id="fl-44">
         <path>D:\ti\ccs2050\ccs\tools\compiler\ti-cgt-armllvm_4.0.4.LTS\lib\armv6m-ti-none-eabi\c\</path>
         <kind>archive</kind>
         <file>libc.a</file>
         <name>memory.c.obj</name>
      </input_file>
      <input_file id="fl-45">
         <path>D:\ti\ccs2050\ccs\tools\compiler\ti-cgt-armllvm_4.0.4.LTS\lib\armv6m-ti-none-eabi\c\</path>
         <kind>archive</kind>
         <file>libc.a</file>
         <name>s_frexp.c.obj</name>
      </input_file>
      <input_file id="fl-46">
         <path>D:\ti\ccs2050\ccs\tools\compiler\ti-cgt-armllvm_4.0.4.LTS\lib\armv6m-ti-none-eabi\c\</path>
         <kind>archive</kind>
         <file>libc.a</file>
         <name>s_scalbn.c.obj</name>
      </input_file>
      <input_file id="fl-47">
         <path>D:\ti\ccs2050\ccs\tools\compiler\ti-cgt-armllvm_4.0.4.LTS\lib\armv6m-ti-none-eabi\c\</path>
         <kind>archive</kind>
         <file>libc.a</file>
         <name>wcslen.c.obj</name>
      </input_file>
      <input_file id="fl-48">
         <path>D:\ti\ccs2050\ccs\tools\compiler\ti-cgt-armllvm_4.0.4.LTS\lib\armv6m-ti-none-eabi\c\</path>
         <kind>archive</kind>
         <file>libc.a</file>
         <name>sprintf.c.obj</name>
      </input_file>
      <input_file id="fl-49">
         <path>D:\ti\ccs2050\ccs\tools\compiler\ti-cgt-armllvm_4.0.4.LTS\lib\armv6m-ti-none-eabi\c\</path>
         <kind>archive</kind>
         <file>libc.a</file>
         <name>fflush.c.obj</name>
      </input_file>
      <input_file id="fl-4a">
         <path>D:\ti\ccs2050\ccs\tools\compiler\ti-cgt-armllvm_4.0.4.LTS\lib\armv6m-ti-none-eabi\c\</path>
         <kind>archive</kind>
         <file>libc.a</file>
         <name>fputs.c.obj</name>
      </input_file>
      <input_file id="fl-4b">
         <path>D:\ti\ccs2050\ccs\tools\compiler\ti-cgt-armllvm_4.0.4.LTS\lib\armv6m-ti-none-eabi\c\</path>
         <kind>archive</kind>
         <file>libc.a</file>
         <name>_io_perm.c.obj</name>
      </input_file>
      <input_file id="fl-4c">
         <path>D:\ti\ccs2050\ccs\tools\compiler\ti-cgt-armllvm_4.0.4.LTS\lib\armv6m-ti-none-eabi\c\</path>
         <kind>archive</kind>
         <file>libc.a</file>
         <name>setvbuf.c.obj</name>
      </input_file>
      <input_file id="fl-4d">
         <path>D:\ti\ccs2050\ccs\tools\compiler\ti-cgt-armllvm_4.0.4.LTS\lib\armv6m-ti-none-eabi\c\</path>
         <kind>archive</kind>
         <file>libc.a</file>
         <name>aeabi_ctype.S.obj</name>
      </input_file>
      <input_file id="fl-4e">
         <path>D:\ti\ccs2050\ccs\tools\compiler\ti-cgt-armllvm_4.0.4.LTS\lib\armv6m-ti-none-eabi\c\</path>
         <kind>archive</kind>
         <file>libc.a</file>
         <name>fopen.c.obj</name>
      </input_file>
      <input_file id="fl-4f">
         <path>D:\ti\ccs2050\ccs\tools\compiler\ti-cgt-armllvm_4.0.4.LTS\lib\armv6m-ti-none-eabi\c\</path>
         <kind>archive</kind>
         <file>libc.a</file>
         <name>fseek.c.obj</name>
      </input_file>
      <input_file id="fl-50">
         <path>D:\ti\ccs2050\ccs\tools\compiler\ti-cgt-armllvm_4.0.4.LTS\lib\armv6m-ti-none-eabi\c\</path>
         <kind>archive</kind>
         <file>libc.a</file>
         <name>fclose.c.obj</name>
      </input_file>
      <input_file id="fl-f0">
         <path>D:\ti\ccs2050\ccs\tools\compiler\ti-cgt-armllvm_4.0.4.LTS\lib\armv6m-ti-none-eabi\c\</path>
         <kind>archive</kind>
         <file>libsysbm.a</file>
         <name>hostexit.c.obj</name>
      </input_file>
      <input_file id="fl-f1">
         <path>D:\ti\ccs2050\ccs\tools\compiler\ti-cgt-armllvm_4.0.4.LTS\lib\armv6m-ti-none-eabi\c\</path>
         <kind>archive</kind>
         <file>libsysbm.a</file>
         <name>write.c.obj</name>
      </input_file>
      <input_file id="fl-f2">
         <path>D:\ti\ccs2050\ccs\tools\compiler\ti-cgt-armllvm_4.0.4.LTS\lib\armv6m-ti-none-eabi\c\</path>
         <kind>archive</kind>
         <file>libsysbm.a</file>
         <name>host_device.c.obj</name>
      </input_file>
      <input_file id="fl-f3">
         <path>D:\ti\ccs2050\ccs\tools\compiler\ti-cgt-armllvm_4.0.4.LTS\lib\armv6m-ti-none-eabi\c\</path>
         <kind>archive</kind>
         <file>libsysbm.a</file>
         <name>remove.c.obj</name>
      </input_file>
      <input_file id="fl-f4">
         <path>D:\ti\ccs2050\ccs\tools\compiler\ti-cgt-armllvm_4.0.4.LTS\lib\armv6m-ti-none-eabi\c\</path>
         <kind>archive</kind>
         <file>libsysbm.a</file>
         <name>open.c.obj</name>
      </input_file>
      <input_file id="fl-f5">
         <path>D:\ti\ccs2050\ccs\tools\compiler\ti-cgt-armllvm_4.0.4.LTS\lib\armv6m-ti-none-eabi\c\</path>
         <kind>archive</kind>
         <file>libsysbm.a</file>
         <name>lseek.c.obj</name>
      </input_file>
      <input_file id="fl-f6">
         <path>D:\ti\ccs2050\ccs\tools\compiler\ti-cgt-armllvm_4.0.4.LTS\lib\armv6m-ti-none-eabi\c\</path>
         <kind>archive</kind>
         <file>libsysbm.a</file>
         <name>close.c.obj</name>
      </input_file>
      <input_file id="fl-f7">
         <path>D:\ti\ccs2050\ccs\tools\compiler\ti-cgt-armllvm_4.0.4.LTS\lib\armv6m-ti-none-eabi\c\</path>
         <kind>archive</kind>
         <file>libsysbm.a</file>
         <name>unlink.c.obj</name>
      </input_file>
      <input_file id="fl-f8">
         <path>D:\ti\ccs2050\ccs\tools\compiler\ti-cgt-armllvm_4.0.4.LTS\lib\armv6m-ti-none-eabi\c\</path>
         <kind>archive</kind>
         <file>libsysbm.a</file>
         <name>hostclose.c.obj</name>
      </input_file>
      <input_file id="fl-f9">
         <path>D:\ti\ccs2050\ccs\tools\compiler\ti-cgt-armllvm_4.0.4.LTS\lib\armv6m-ti-none-eabi\c\</path>
         <kind>archive</kind>
         <file>libsysbm.a</file>
         <name>hostlseek.c.obj</name>
      </input_file>
      <input_file id="fl-fa">
         <path>D:\ti\ccs2050\ccs\tools\compiler\ti-cgt-armllvm_4.0.4.LTS\lib\armv6m-ti-none-eabi\c\</path>
         <kind>archive</kind>
         <file>libsysbm.a</file>
         <name>hostopen.c.obj</name>
      </input_file>
      <input_file id="fl-fb">
         <path>D:\ti\ccs2050\ccs\tools\compiler\ti-cgt-armllvm_4.0.4.LTS\lib\armv6m-ti-none-eabi\c\</path>
         <kind>archive</kind>
         <file>libsysbm.a</file>
         <name>hostread.c.obj</name>
      </input_file>
      <input_file id="fl-fc">
         <path>D:\ti\ccs2050\ccs\tools\compiler\ti-cgt-armllvm_4.0.4.LTS\lib\armv6m-ti-none-eabi\c\</path>
         <kind>archive</kind>
         <file>libsysbm.a</file>
         <name>hostrename.c.obj</name>
      </input_file>
      <input_file id="fl-fd">
         <path>D:\ti\ccs2050\ccs\tools\compiler\ti-cgt-armllvm_4.0.4.LTS\lib\armv6m-ti-none-eabi\c\</path>
         <kind>archive</kind>
         <file>libsysbm.a</file>
         <name>hostunlink.c.obj</name>
      </input_file>
      <input_file id="fl-fe">
         <path>D:\ti\ccs2050\ccs\tools\compiler\ti-cgt-armllvm_4.0.4.LTS\lib\armv6m-ti-none-eabi\c\</path>
         <kind>archive</kind>
         <file>libsysbm.a</file>
         <name>hostwrite.c.obj</name>
      </input_file>
      <input_file id="fl-ff">
         <path>D:\ti\ccs2050\ccs\tools\compiler\ti-cgt-armllvm_4.0.4.LTS\lib\armv6m-ti-none-eabi\c\</path>
         <kind>archive</kind>
         <file>libsysbm.a</file>
         <name>trgmsg.c.obj</name>
      </input_file>
      <input_file id="fl-100">
         <path>D:\ti\ccs2050\ccs\tools\compiler\ti-cgt-armllvm_4.0.4.LTS\lib\armv6m-ti-none-eabi\</path>
         <kind>archive</kind>
         <file>libclang_rt.builtins.a</file>
         <name>addsf3.S.obj</name>
      </input_file>
      <input_file id="fl-101">
         <path>D:\ti\ccs2050\ccs\tools\compiler\ti-cgt-armllvm_4.0.4.LTS\lib\armv6m-ti-none-eabi\</path>
         <kind>archive</kind>
         <file>libclang_rt.builtins.a</file>
         <name>adddf3.S.obj</name>
      </input_file>
      <input_file id="fl-102">
         <path>D:\ti\ccs2050\ccs\tools\compiler\ti-cgt-armllvm_4.0.4.LTS\lib\armv6m-ti-none-eabi\</path>
         <kind>archive</kind>
         <file>libclang_rt.builtins.a</file>
         <name>muldf3.S.obj</name>
      </input_file>
      <input_file id="fl-103">
         <path>D:\ti\ccs2050\ccs\tools\compiler\ti-cgt-armllvm_4.0.4.LTS\lib\armv6m-ti-none-eabi\</path>
         <kind>archive</kind>
         <file>libclang_rt.builtins.a</file>
         <name>muldsi3.S.obj</name>
      </input_file>
      <input_file id="fl-104">
         <path>D:\ti\ccs2050\ccs\tools\compiler\ti-cgt-armllvm_4.0.4.LTS\lib\armv6m-ti-none-eabi\</path>
         <kind>archive</kind>
         <file>libclang_rt.builtins.a</file>
         <name>mulsf3.S.obj</name>
      </input_file>
      <input_file id="fl-105">
         <path>D:\ti\ccs2050\ccs\tools\compiler\ti-cgt-armllvm_4.0.4.LTS\lib\armv6m-ti-none-eabi\</path>
         <kind>archive</kind>
         <file>libclang_rt.builtins.a</file>
         <name>divsf3.S.obj</name>
      </input_file>
      <input_file id="fl-106">
         <path>D:\ti\ccs2050\ccs\tools\compiler\ti-cgt-armllvm_4.0.4.LTS\lib\armv6m-ti-none-eabi\</path>
         <kind>archive</kind>
         <file>libclang_rt.builtins.a</file>
         <name>divdf3.S.obj</name>
      </input_file>
      <input_file id="fl-107">
         <path>D:\ti\ccs2050\ccs\tools\compiler\ti-cgt-armllvm_4.0.4.LTS\lib\armv6m-ti-none-eabi\</path>
         <kind>archive</kind>
         <file>libclang_rt.builtins.a</file>
         <name>extendsfdf2.S.obj</name>
      </input_file>
      <input_file id="fl-108">
         <path>D:\ti\ccs2050\ccs\tools\compiler\ti-cgt-armllvm_4.0.4.LTS\lib\armv6m-ti-none-eabi\</path>
         <kind>archive</kind>
         <file>libclang_rt.builtins.a</file>
         <name>fixdfsi.S.obj</name>
      </input_file>
      <input_file id="fl-109">
         <path>D:\ti\ccs2050\ccs\tools\compiler\ti-cgt-armllvm_4.0.4.LTS\lib\armv6m-ti-none-eabi\</path>
         <kind>archive</kind>
         <file>libclang_rt.builtins.a</file>
         <name>fixsfsi.S.obj</name>
      </input_file>
      <input_file id="fl-10a">
         <path>D:\ti\ccs2050\ccs\tools\compiler\ti-cgt-armllvm_4.0.4.LTS\lib\armv6m-ti-none-eabi\</path>
         <kind>archive</kind>
         <file>libclang_rt.builtins.a</file>
         <name>floatsidf.S.obj</name>
      </input_file>
      <input_file id="fl-10b">
         <path>D:\ti\ccs2050\ccs\tools\compiler\ti-cgt-armllvm_4.0.4.LTS\lib\armv6m-ti-none-eabi\</path>
         <kind>archive</kind>
         <file>libclang_rt.builtins.a</file>
         <name>floatsisf.S.obj</name>
      </input_file>
      <input_file id="fl-10c">
         <path>D:\ti\ccs2050\ccs\tools\compiler\ti-cgt-armllvm_4.0.4.LTS\lib\armv6m-ti-none-eabi\</path>
         <kind>archive</kind>
         <file>libclang_rt.builtins.a</file>
         <name>muldi3.S.obj</name>
      </input_file>
      <input_file id="fl-10d">
         <path>D:\ti\ccs2050\ccs\tools\compiler\ti-cgt-armllvm_4.0.4.LTS\lib\armv6m-ti-none-eabi\</path>
         <kind>archive</kind>
         <file>libclang_rt.builtins.a</file>
         <name>truncdfsf2.S.obj</name>
      </input_file>
      <input_file id="fl-10e">
         <path>D:\ti\ccs2050\ccs\tools\compiler\ti-cgt-armllvm_4.0.4.LTS\lib\armv6m-ti-none-eabi\</path>
         <kind>archive</kind>
         <file>libclang_rt.builtins.a</file>
         <name>aeabi_dcmp.S.obj</name>
      </input_file>
      <input_file id="fl-10f">
         <path>D:\ti\ccs2050\ccs\tools\compiler\ti-cgt-armllvm_4.0.4.LTS\lib\armv6m-ti-none-eabi\</path>
         <kind>archive</kind>
         <file>libclang_rt.builtins.a</file>
         <name>aeabi_fcmp.S.obj</name>
      </input_file>
      <input_file id="fl-110">
         <path>D:\ti\ccs2050\ccs\tools\compiler\ti-cgt-armllvm_4.0.4.LTS\lib\armv6m-ti-none-eabi\</path>
         <kind>archive</kind>
         <file>libclang_rt.builtins.a</file>
         <name>aeabi_idivmod.S.obj</name>
      </input_file>
      <input_file id="fl-111">
         <path>D:\ti\ccs2050\ccs\tools\compiler\ti-cgt-armllvm_4.0.4.LTS\lib\armv6m-ti-none-eabi\</path>
         <kind>archive</kind>
         <file>libclang_rt.builtins.a</file>
         <name>aeabi_memcpy.S.obj</name>
      </input_file>
      <input_file id="fl-112">
         <path>D:\ti\ccs2050\ccs\tools\compiler\ti-cgt-armllvm_4.0.4.LTS\lib\armv6m-ti-none-eabi\</path>
         <kind>archive</kind>
         <file>libclang_rt.builtins.a</file>
         <name>aeabi_memset.S.obj</name>
      </input_file>
      <input_file id="fl-113">
         <path>D:\ti\ccs2050\ccs\tools\compiler\ti-cgt-armllvm_4.0.4.LTS\lib\armv6m-ti-none-eabi\</path>
         <kind>archive</kind>
         <file>libclang_rt.builtins.a</file>
         <name>aeabi_uidivmod.S.obj</name>
      </input_file>
      <input_file id="fl-114">
         <path>D:\ti\ccs2050\ccs\tools\compiler\ti-cgt-armllvm_4.0.4.LTS\lib\armv6m-ti-none-eabi\</path>
         <kind>archive</kind>
         <file>libclang_rt.builtins.a</file>
         <name>aeabi_uldivmod.S.obj</name>
      </input_file>
      <input_file id="fl-115">
         <path>D:\ti\ccs2050\ccs\tools\compiler\ti-cgt-armllvm_4.0.4.LTS\lib\armv6m-ti-none-eabi\</path>
         <kind>archive</kind>
         <file>libclang_rt.builtins.a</file>
         <name>comparesf2.S.obj</name>
      </input_file>
      <input_file id="fl-116">
         <path>D:\ti\ccs2050\ccs\tools\compiler\ti-cgt-armllvm_4.0.4.LTS\lib\armv6m-ti-none-eabi\</path>
         <kind>archive</kind>
         <file>libclang_rt.builtins.a</file>
         <name>udivmoddi4.S.obj</name>
      </input_file>
      <input_file id="fl-117">
         <path>D:\ti\ccs2050\ccs\tools\compiler\ti-cgt-armllvm_4.0.4.LTS\lib\armv6m-ti-none-eabi\</path>
         <kind>archive</kind>
         <file>libclang_rt.builtins.a</file>
         <name>ashldi3.S.obj</name>
      </input_file>
      <input_file id="fl-118">
         <path>D:\ti\ccs2050\ccs\tools\compiler\ti-cgt-armllvm_4.0.4.LTS\lib\armv6m-ti-none-eabi\</path>
         <kind>archive</kind>
         <file>libclang_rt.builtins.a</file>
         <name>comparedf2.c.obj</name>
      </input_file>
      <input_file id="fl-119">
         <path>D:\ti\ccs2050\ccs\tools\compiler\ti-cgt-armllvm_4.0.4.LTS\lib\armv6m-ti-none-eabi\</path>
         <kind>archive</kind>
         <file>libclang_rt.builtins.a</file>
         <name>aeabi_div0.c.obj</name>
      </input_file>
      <input_file id="fl-11a">
         <path>D:\ti\ccs2050\ccs\tools\compiler\ti-cgt-armllvm_4.0.4.LTS\lib\armv6m-ti-none-eabi\c\</path>
         <kind>archive</kind>
         <file>libc.a</file>
         <name>getdevice.c.obj</name>
      </input_file>
      <input_file id="fl-11b">
         <path>D:\ti\ccs2050\ccs\tools\compiler\ti-cgt-armllvm_4.0.4.LTS\lib\armv6m-ti-none-eabi\c\</path>
         <kind>archive</kind>
         <file>libc.a</file>
         <name>memcpy16.S.obj</name>
      </input_file>
      <input_file id="fl-11c">
         <path>D:\ti\ccs2050\ccs\tools\compiler\ti-cgt-armllvm_4.0.4.LTS\lib\armv6m-ti-none-eabi\c\</path>
         <kind>archive</kind>
         <file>libc.a</file>
         <name>memset16.S.obj</name>
      </input_file>
      <input_file id="fl-11d">
         <path>D:\ti\ccs2050\ccs\tools\compiler\ti-cgt-armllvm_4.0.4.LTS\lib\armv6m-ti-none-eabi\c\</path>
         <kind>archive</kind>
         <file>libc.a</file>
         <name>strcmp-armv6m.S.obj</name>
      </input_file>
   </input_file_list>
   <object_component_list>
      <object_component id="oc-18">
         <name>.intvecs</name>
         <load_address>0x0</load_address>
         <readonly>true</readonly>
         <run_address>0x0</run_address>
         <size>0xc0</size>
         <alignment>0x4</alignment>
         <input_file_ref idref="fl-2"/>
      </object_component>
      <object_component id="oc-e6">
         <name>.text.OLED_Init</name>
         <load_address>0xc0</load_address>
         <readonly>true</readonly>
         <executable>true</executable>
         <run_address>0xc0</run_address>
         <size>0x15f4</size>
         <alignment>0x4</alignment>
         <input_file_ref idref="fl-8"/>
      </object_component>
      <object_component id="oc-ee">
         <name>.text.OLED_Clear</name>
         <load_address>0x16b4</load_address>
         <readonly>true</readonly>
         <executable>true</executable>
         <run_address>0x16b4</run_address>
         <size>0xa90</size>
         <alignment>0x4</alignment>
         <input_file_ref idref="fl-8"/>
      </object_component>
      <object_component id="oc-1a9">
         <name>.text:__TI_printfi</name>
         <load_address>0x2144</load_address>
         <readonly>true</readonly>
         <executable>true</executable>
         <run_address>0x2144</run_address>
         <size>0x9d0</size>
         <alignment>0x4</alignment>
         <input_file_ref idref="fl-3a"/>
      </object_component>
      <object_component id="oc-f1">
         <name>.text.OLED_ShowStatusAndSpeeds</name>
         <load_address>0x2b14</load_address>
         <readonly>true</readonly>
         <executable>true</executable>
         <run_address>0x2b14</run_address>
         <size>0x564</size>
         <alignment>0x4</alignment>
         <input_file_ref idref="fl-8"/>
      </object_component>
      <object_component id="oc-16d">
         <name>.text.SYSCFG_DL_SYSCTL_SYSPLL_init</name>
         <load_address>0x3078</load_address>
         <readonly>true</readonly>
         <executable>true</executable>
         <run_address>0x3078</run_address>
         <size>0x2a8</size>
         <alignment>0x4</alignment>
         <input_file_ref idref="fl-1"/>
      </object_component>
      <object_component id="oc-f2">
         <name>.text.OLED_Refresh</name>
         <load_address>0x3320</load_address>
         <readonly>true</readonly>
         <executable>true</executable>
         <run_address>0x3320</run_address>
         <size>0x250</size>
         <alignment>0x4</alignment>
         <input_file_ref idref="fl-8"/>
      </object_component>
      <object_component id="oc-1cc">
         <name>.text._pconv_a</name>
         <load_address>0x3570</load_address>
         <readonly>true</readonly>
         <executable>true</executable>
         <run_address>0x3570</run_address>
         <size>0x220</size>
         <alignment>0x4</alignment>
         <input_file_ref idref="fl-3a"/>
      </object_component>
      <object_component id="oc-1d1">
         <name>.text._pconv_g</name>
         <load_address>0x3790</load_address>
         <readonly>true</readonly>
         <executable>true</executable>
         <run_address>0x3790</run_address>
         <size>0x1dc</size>
         <alignment>0x4</alignment>
         <input_file_ref idref="fl-3a"/>
      </object_component>
      <object_component id="oc-ed">
         <name>.text.OLED_DisplayTurn</name>
         <load_address>0x396c</load_address>
         <readonly>true</readonly>
         <executable>true</executable>
         <run_address>0x396c</run_address>
         <size>0x1c4</size>
         <alignment>0x4</alignment>
         <input_file_ref idref="fl-8"/>
      </object_component>
      <object_component id="oc-39">
         <name>.text.TIMA0_IRQHandler</name>
         <load_address>0x3b30</load_address>
         <readonly>true</readonly>
         <executable>true</executable>
         <run_address>0x3b30</run_address>
         <size>0x1b0</size>
         <alignment>0x4</alignment>
         <input_file_ref idref="fl-7"/>
      </object_component>
      <object_component id="oc-209">
         <name>.text.adddf3_subdf3</name>
         <load_address>0x3ce0</load_address>
         <readonly>true</readonly>
         <executable>true</executable>
         <run_address>0x3ce0</run_address>
         <size>0x192</size>
         <alignment>0x4</alignment>
         <input_file_ref idref="fl-101"/>
      </object_component>
      <object_component id="oc-33">
         <name>.text.Default_Handler</name>
         <load_address>0x3e72</load_address>
         <readonly>true</readonly>
         <executable>true</executable>
         <run_address>0x3e72</run_address>
         <size>0x2</size>
         <alignment>0x2</alignment>
         <input_file_ref idref="fl-2"/>
      </object_component>
      <object_component id="oc-f7">
         <name>.text.track_line</name>
         <load_address>0x3e74</load_address>
         <readonly>true</readonly>
         <executable>true</executable>
         <run_address>0x3e74</run_address>
         <size>0x150</size>
         <alignment>0x4</alignment>
         <input_file_ref idref="fl-9"/>
      </object_component>
      <object_component id="oc-20d">
         <name>.text.fcvt</name>
         <load_address>0x3fc4</load_address>
         <readonly>true</readonly>
         <executable>true</executable>
         <run_address>0x3fc4</run_address>
         <size>0x13c</size>
         <alignment>0x4</alignment>
         <input_file_ref idref="fl-3a"/>
      </object_component>
      <object_component id="oc-122">
         <name>.text.SYSCFG_DL_GPIO_init</name>
         <load_address>0x4100</load_address>
         <readonly>true</readonly>
         <executable>true</executable>
         <run_address>0x4100</run_address>
         <size>0x130</size>
         <alignment>0x4</alignment>
         <input_file_ref idref="fl-1"/>
      </object_component>
      <object_component id="oc-1d3">
         <name>.text._pconv_e</name>
         <load_address>0x4230</load_address>
         <readonly>true</readonly>
         <executable>true</executable>
         <run_address>0x4230</run_address>
         <size>0x120</size>
         <alignment>0x4</alignment>
         <input_file_ref idref="fl-3a"/>
      </object_component>
      <object_component id="oc-79">
         <name>.text.__divdf3</name>
         <load_address>0x4350</load_address>
         <readonly>true</readonly>
         <executable>true</executable>
         <run_address>0x4350</run_address>
         <size>0x10c</size>
         <alignment>0x4</alignment>
         <input_file_ref idref="fl-106"/>
      </object_component>
      <object_component id="oc-171">
         <name>.text.DL_Timer_initFourCCPWMMode</name>
         <load_address>0x445c</load_address>
         <readonly>true</readonly>
         <executable>true</executable>
         <run_address>0x445c</run_address>
         <size>0x104</size>
         <alignment>0x4</alignment>
         <input_file_ref idref="fl-19"/>
      </object_component>
      <object_component id="oc-176">
         <name>.text.DL_Timer_initTimerMode</name>
         <load_address>0x4560</load_address>
         <readonly>true</readonly>
         <executable>true</executable>
         <run_address>0x4560</run_address>
         <size>0xfc</size>
         <alignment>0x4</alignment>
         <input_file_ref idref="fl-19"/>
      </object_component>
      <object_component id="oc-ec">
         <name>.text.OLED_ColorTurn</name>
         <load_address>0x465c</load_address>
         <readonly>true</readonly>
         <executable>true</executable>
         <run_address>0x465c</run_address>
         <size>0xfc</size>
         <alignment>0x4</alignment>
         <input_file_ref idref="fl-8"/>
      </object_component>
      <object_component id="oc-b0">
         <name>.text.main</name>
         <load_address>0x4758</load_address>
         <readonly>true</readonly>
         <executable>true</executable>
         <run_address>0x4758</run_address>
         <size>0xf0</size>
         <alignment>0x4</alignment>
         <input_file_ref idref="fl-3"/>
      </object_component>
      <object_component id="oc-75">
         <name>.text.__muldf3</name>
         <load_address>0x4848</load_address>
         <readonly>true</readonly>
         <executable>true</executable>
         <run_address>0x4848</run_address>
         <size>0xe4</size>
         <alignment>0x4</alignment>
         <input_file_ref idref="fl-102"/>
      </object_component>
      <object_component id="oc-16c">
         <name>.text.DL_SYSCTL_configSYSPLL</name>
         <load_address>0x492c</load_address>
         <readonly>true</readonly>
         <executable>true</executable>
         <run_address>0x492c</run_address>
         <size>0xdc</size>
         <alignment>0x4</alignment>
         <input_file_ref idref="fl-1a"/>
      </object_component>
      <object_component id="oc-1ec">
         <name>.text.scalbn</name>
         <load_address>0x4a08</load_address>
         <readonly>true</readonly>
         <executable>true</executable>
         <run_address>0x4a08</run_address>
         <size>0xd8</size>
         <alignment>0x4</alignment>
         <input_file_ref idref="fl-46"/>
      </object_component>
      <object_component id="oc-81">
         <name>.text</name>
         <load_address>0x4ae0</load_address>
         <readonly>true</readonly>
         <executable>true</executable>
         <run_address>0x4ae0</run_address>
         <size>0xd8</size>
         <alignment>0x4</alignment>
         <input_file_ref idref="fl-100"/>
      </object_component>
      <object_component id="oc-147">
         <name>.text.compute_error</name>
         <load_address>0x4bb8</load_address>
         <readonly>true</readonly>
         <executable>true</executable>
         <run_address>0x4bb8</run_address>
         <size>0xc8</size>
         <alignment>0x4</alignment>
         <input_file_ref idref="fl-9"/>
      </object_component>
      <object_component id="oc-123">
         <name>.text.SYSCFG_DL_SYSCTL_init</name>
         <load_address>0x4c80</load_address>
         <readonly>true</readonly>
         <executable>true</executable>
         <run_address>0x4c80</run_address>
         <size>0xb0</size>
         <alignment>0x4</alignment>
         <input_file_ref idref="fl-1"/>
      </object_component>
      <object_component id="oc-1e3">
         <name>.text</name>
         <load_address>0x4d30</load_address>
         <readonly>true</readonly>
         <executable>true</executable>
         <run_address>0x4d30</run_address>
         <size>0xa2</size>
         <alignment>0x4</alignment>
         <input_file_ref idref="fl-116"/>
      </object_component>
      <object_component id="oc-d8">
         <name>.text:memcpy</name>
         <load_address>0x4dd2</load_address>
         <readonly>true</readonly>
         <executable>true</executable>
         <run_address>0x4dd2</run_address>
         <size>0x9a</size>
         <alignment>0x1</alignment>
         <input_file_ref idref="fl-11b"/>
      </object_component>
      <object_component id="oc-125">
         <name>.text.SYSCFG_DL_PWMAB_init</name>
         <load_address>0x4e6c</load_address>
         <readonly>true</readonly>
         <executable>true</executable>
         <run_address>0x4e6c</run_address>
         <size>0x8c</size>
         <alignment>0x4</alignment>
         <input_file_ref idref="fl-1"/>
      </object_component>
      <object_component id="oc-85">
         <name>.text.__mulsf3</name>
         <load_address>0x4ef8</load_address>
         <readonly>true</readonly>
         <executable>true</executable>
         <run_address>0x4ef8</run_address>
         <size>0x8c</size>
         <alignment>0x4</alignment>
         <input_file_ref idref="fl-104"/>
      </object_component>
      <object_component id="oc-185">
         <name>.text.__divsf3</name>
         <load_address>0x4f84</load_address>
         <readonly>true</readonly>
         <executable>true</executable>
         <run_address>0x4f84</run_address>
         <size>0x82</size>
         <alignment>0x4</alignment>
         <input_file_ref idref="fl-105"/>
      </object_component>
      <object_component id="oc-bd">
         <name>.text.__aeabi_idiv0</name>
         <load_address>0x5006</load_address>
         <readonly>true</readonly>
         <executable>true</executable>
         <run_address>0x5006</run_address>
         <size>0x2</size>
         <alignment>0x2</alignment>
         <input_file_ref idref="fl-119"/>
      </object_component>
      <object_component id="oc-f0">
         <name>.text.motor_set_direction</name>
         <load_address>0x5008</load_address>
         <readonly>true</readonly>
         <executable>true</executable>
         <run_address>0x5008</run_address>
         <size>0x7c</size>
         <alignment>0x4</alignment>
         <input_file_ref idref="fl-7"/>
      </object_component>
      <object_component id="oc-1c">
         <name>.text:decompress:lzss</name>
         <load_address>0x5084</load_address>
         <readonly>true</readonly>
         <executable>true</executable>
         <run_address>0x5084</run_address>
         <size>0x7c</size>
         <alignment>0x4</alignment>
         <input_file_ref idref="fl-39"/>
      </object_component>
      <object_component id="oc-207">
         <name>.text.__gedf2</name>
         <load_address>0x5100</load_address>
         <readonly>true</readonly>
         <executable>true</executable>
         <run_address>0x5100</run_address>
         <size>0x74</size>
         <alignment>0x4</alignment>
         <input_file_ref idref="fl-118"/>
      </object_component>
      <object_component id="oc-a7">
         <name>.text.__aeabi_memclr</name>
         <load_address>0x5174</load_address>
         <readonly>true</readonly>
         <executable>true</executable>
         <run_address>0x5174</run_address>
         <size>0xc</size>
         <alignment>0x4</alignment>
         <input_file_ref idref="fl-112"/>
      </object_component>
      <object_component id="oc-7d">
         <name>.text.__truncdfsf2</name>
         <load_address>0x5180</load_address>
         <readonly>true</readonly>
         <executable>true</executable>
         <run_address>0x5180</run_address>
         <size>0x74</size>
         <alignment>0x10</alignment>
         <input_file_ref idref="fl-10d"/>
      </object_component>
      <object_component id="oc-34">
         <name>.text.GROUP1_IRQHandler</name>
         <load_address>0x51f4</load_address>
         <readonly>true</readonly>
         <executable>true</executable>
         <run_address>0x51f4</run_address>
         <size>0x70</size>
         <alignment>0x4</alignment>
         <input_file_ref idref="fl-6"/>
      </object_component>
      <object_component id="oc-201">
         <name>.text.__ledf2</name>
         <load_address>0x5264</load_address>
         <readonly>true</readonly>
         <executable>true</executable>
         <run_address>0x5264</run_address>
         <size>0x68</size>
         <alignment>0x4</alignment>
         <input_file_ref idref="fl-118"/>
      </object_component>
      <object_component id="oc-f3">
         <name>.text.stay_idle</name>
         <load_address>0x52cc</load_address>
         <readonly>true</readonly>
         <executable>true</executable>
         <run_address>0x52cc</run_address>
         <size>0x68</size>
         <alignment>0x4</alignment>
         <input_file_ref idref="fl-5"/>
      </object_component>
      <object_component id="oc-200">
         <name>.text._mcpy</name>
         <load_address>0x5334</load_address>
         <readonly>true</readonly>
         <executable>true</executable>
         <run_address>0x5334</run_address>
         <size>0x66</size>
         <alignment>0x2</alignment>
         <input_file_ref idref="fl-3a"/>
      </object_component>
      <object_component id="oc-20f">
         <name>.text.__aeabi_ldiv0</name>
         <load_address>0x539a</load_address>
         <readonly>true</readonly>
         <executable>true</executable>
         <run_address>0x539a</run_address>
         <size>0x2</size>
         <alignment>0x2</alignment>
         <input_file_ref idref="fl-119"/>
      </object_component>
      <object_component id="oc-166">
         <name>.text.DL_SYSCTL_setHFCLKSourceHFXTParams</name>
         <load_address>0x539c</load_address>
         <readonly>true</readonly>
         <executable>true</executable>
         <run_address>0x539c</run_address>
         <size>0x64</size>
         <alignment>0x4</alignment>
         <input_file_ref idref="fl-1a"/>
      </object_component>
      <object_component id="oc-1cd">
         <name>.text.__aeabi_dcmp</name>
         <load_address>0x5400</load_address>
         <readonly>true</readonly>
         <executable>true</executable>
         <run_address>0x5400</run_address>
         <size>0x62</size>
         <alignment>0x4</alignment>
         <input_file_ref idref="fl-10e"/>
      </object_component>
      <object_component id="oc-148">
         <name>.text.__aeabi_fcmp</name>
         <load_address>0x5464</load_address>
         <readonly>true</readonly>
         <executable>true</executable>
         <run_address>0x5464</run_address>
         <size>0x62</size>
         <alignment>0x4</alignment>
         <input_file_ref idref="fl-10f"/>
      </object_component>
      <object_component id="oc-120">
         <name>.text:memset</name>
         <load_address>0x54c6</load_address>
         <readonly>true</readonly>
         <executable>true</executable>
         <run_address>0x54c6</run_address>
         <size>0x62</size>
         <alignment>0x1</alignment>
         <input_file_ref idref="fl-11c"/>
      </object_component>
      <object_component id="oc-127">
         <name>.text.SYSCFG_DL_OLED_init</name>
         <load_address>0x5528</load_address>
         <readonly>true</readonly>
         <executable>true</executable>
         <run_address>0x5528</run_address>
         <size>0x60</size>
         <alignment>0x4</alignment>
         <input_file_ref idref="fl-1"/>
      </object_component>
      <object_component id="oc-ef">
         <name>.text.motor_init</name>
         <load_address>0x5588</load_address>
         <readonly>true</readonly>
         <executable>true</executable>
         <run_address>0x5588</run_address>
         <size>0x60</size>
         <alignment>0x4</alignment>
         <input_file_ref idref="fl-7"/>
      </object_component>
      <object_component id="oc-132">
         <name>.text.DL_I2C_fillControllerTXFIFO</name>
         <load_address>0x55e8</load_address>
         <readonly>true</readonly>
         <executable>true</executable>
         <run_address>0x55e8</run_address>
         <size>0x5e</size>
         <alignment>0x2</alignment>
         <input_file_ref idref="fl-18"/>
      </object_component>
      <object_component id="oc-1e8">
         <name>.text.frexp</name>
         <load_address>0x5648</load_address>
         <readonly>true</readonly>
         <executable>true</executable>
         <run_address>0x5648</run_address>
         <size>0x5c</size>
         <alignment>0x4</alignment>
         <input_file_ref idref="fl-45"/>
      </object_component>
      <object_component id="oc-1f4">
         <name>.text.__TI_ltoa</name>
         <load_address>0x56a4</load_address>
         <readonly>true</readonly>
         <executable>true</executable>
         <run_address>0x56a4</run_address>
         <size>0x58</size>
         <alignment>0x2</alignment>
         <input_file_ref idref="fl-3e"/>
      </object_component>
      <object_component id="oc-1d2">
         <name>.text._pconv_f</name>
         <load_address>0x56fc</load_address>
         <readonly>true</readonly>
         <executable>true</executable>
         <run_address>0x56fc</run_address>
         <size>0x58</size>
         <alignment>0x2</alignment>
         <input_file_ref idref="fl-3a"/>
      </object_component>
      <object_component id="oc-61">
         <name>.text.__aeabi_idivmod</name>
         <load_address>0x5754</load_address>
         <readonly>true</readonly>
         <executable>true</executable>
         <run_address>0x5754</run_address>
         <size>0x56</size>
         <alignment>0x4</alignment>
         <input_file_ref idref="fl-110"/>
      </object_component>
      <object_component id="oc-1fe">
         <name>.text._ecpy</name>
         <load_address>0x57aa</load_address>
         <readonly>true</readonly>
         <executable>true</executable>
         <run_address>0x57aa</run_address>
         <size>0x52</size>
         <alignment>0x2</alignment>
         <input_file_ref idref="fl-3a"/>
      </object_component>
      <object_component id="oc-13b">
         <name>.text.snprintf</name>
         <load_address>0x57fc</load_address>
         <readonly>true</readonly>
         <executable>true</executable>
         <run_address>0x57fc</run_address>
         <size>0x4c</size>
         <alignment>0x4</alignment>
         <input_file_ref idref="fl-31"/>
      </object_component>
      <object_component id="oc-1f0">
         <name>.text.__fixdfsi</name>
         <load_address>0x5848</load_address>
         <readonly>true</readonly>
         <executable>true</executable>
         <run_address>0x5848</run_address>
         <size>0x4a</size>
         <alignment>0x4</alignment>
         <input_file_ref idref="fl-108"/>
      </object_component>
      <object_component id="oc-121">
         <name>.text.SYSCFG_DL_initPower</name>
         <load_address>0x5894</load_address>
         <readonly>true</readonly>
         <executable>true</executable>
         <run_address>0x5894</run_address>
         <size>0x48</size>
         <alignment>0x4</alignment>
         <input_file_ref idref="fl-1"/>
      </object_component>
      <object_component id="oc-16e">
         <name>.text.DL_SYSCTL_switchMCLKfromSYSOSCtoHSCLK</name>
         <load_address>0x58dc</load_address>
         <readonly>true</readonly>
         <executable>true</executable>
         <run_address>0x58dc</run_address>
         <size>0x44</size>
         <alignment>0x4</alignment>
         <input_file_ref idref="fl-1a"/>
      </object_component>
      <object_component id="oc-19e">
         <name>.text.__aeabi_uidivmod</name>
         <load_address>0x5920</load_address>
         <readonly>true</readonly>
         <executable>true</executable>
         <run_address>0x5920</run_address>
         <size>0x40</size>
         <alignment>0x4</alignment>
         <input_file_ref idref="fl-113"/>
      </object_component>
      <object_component id="oc-71">
         <name>.text.__extendsfdf2</name>
         <load_address>0x5960</load_address>
         <readonly>true</readonly>
         <executable>true</executable>
         <run_address>0x5960</run_address>
         <size>0x40</size>
         <alignment>0x4</alignment>
         <input_file_ref idref="fl-107"/>
      </object_component>
      <object_component id="oc-1b6">
         <name>.text.atoi</name>
         <load_address>0x59a0</load_address>
         <readonly>true</readonly>
         <executable>true</executable>
         <run_address>0x59a0</run_address>
         <size>0x40</size>
         <alignment>0x4</alignment>
         <input_file_ref idref="fl-41"/>
      </object_component>
      <object_component id="oc-126">
         <name>.text.SYSCFG_DL_MOTOR_PID_init</name>
         <load_address>0x59e0</load_address>
         <readonly>true</readonly>
         <executable>true</executable>
         <run_address>0x59e0</run_address>
         <size>0x3c</size>
         <alignment>0x4</alignment>
         <input_file_ref idref="fl-1"/>
      </object_component>
      <object_component id="oc-6d">
         <name>.text.__floatsisf</name>
         <load_address>0x5a1c</load_address>
         <readonly>true</readonly>
         <executable>true</executable>
         <run_address>0x5a1c</run_address>
         <size>0x3c</size>
         <alignment>0x4</alignment>
         <input_file_ref idref="fl-10b"/>
      </object_component>
      <object_component id="oc-18e">
         <name>.text.__gtsf2</name>
         <load_address>0x5a58</load_address>
         <readonly>true</readonly>
         <executable>true</executable>
         <run_address>0x5a58</run_address>
         <size>0x3c</size>
         <alignment>0x4</alignment>
         <input_file_ref idref="fl-115"/>
      </object_component>
      <object_component id="oc-104">
         <name>.text:__TI_auto_init_nobinit_nopinit</name>
         <load_address>0x5a94</load_address>
         <readonly>true</readonly>
         <executable>true</executable>
         <run_address>0x5a94</run_address>
         <size>0x3c</size>
         <alignment>0x4</alignment>
         <input_file_ref idref="fl-34"/>
      </object_component>
      <object_component id="oc-189">
         <name>.text.__eqsf2</name>
         <load_address>0x5ad0</load_address>
         <readonly>true</readonly>
         <executable>true</executable>
         <run_address>0x5ad0</run_address>
         <size>0x3a</size>
         <alignment>0x4</alignment>
         <input_file_ref idref="fl-115"/>
      </object_component>
      <object_component id="oc-c7">
         <name>.text.__muldsi3</name>
         <load_address>0x5b0c</load_address>
         <readonly>true</readonly>
         <executable>true</executable>
         <run_address>0x5b0c</run_address>
         <size>0x3a</size>
         <alignment>0x4</alignment>
         <input_file_ref idref="fl-103"/>
      </object_component>
      <object_component id="oc-89">
         <name>.text.__fixsfsi</name>
         <load_address>0x5b48</load_address>
         <readonly>true</readonly>
         <executable>true</executable>
         <run_address>0x5b48</run_address>
         <size>0x38</size>
         <alignment>0x4</alignment>
         <input_file_ref idref="fl-109"/>
      </object_component>
      <object_component id="oc-1ff">
         <name>.text._fcpy</name>
         <load_address>0x5b80</load_address>
         <readonly>true</readonly>
         <executable>true</executable>
         <run_address>0x5b80</run_address>
         <size>0x30</size>
         <alignment>0x2</alignment>
         <input_file_ref idref="fl-3a"/>
      </object_component>
      <object_component id="oc-181">
         <name>.text._outs</name>
         <load_address>0x5bb0</load_address>
         <readonly>true</readonly>
         <executable>true</executable>
         <run_address>0x5bb0</run_address>
         <size>0x30</size>
         <alignment>0x2</alignment>
         <input_file_ref idref="fl-31"/>
      </object_component>
      <object_component id="oc-1f8">
         <name>.text.__floatsidf</name>
         <load_address>0x5be0</load_address>
         <readonly>true</readonly>
         <executable>true</executable>
         <run_address>0x5be0</run_address>
         <size>0x2c</size>
         <alignment>0x4</alignment>
         <input_file_ref idref="fl-10a"/>
      </object_component>
      <object_component id="oc-dd">
         <name>.text.SYSCFG_DL_init</name>
         <load_address>0x5c0c</load_address>
         <readonly>true</readonly>
         <executable>true</executable>
         <run_address>0x5c0c</run_address>
         <size>0x28</size>
         <alignment>0x4</alignment>
         <input_file_ref idref="fl-1"/>
      </object_component>
      <object_component id="oc-5a">
         <name>.text:_c_int00_noargs</name>
         <load_address>0x5c34</load_address>
         <readonly>true</readonly>
         <executable>true</executable>
         <run_address>0x5c34</run_address>
         <size>0x28</size>
         <alignment>0x4</alignment>
         <input_file_ref idref="fl-32"/>
      </object_component>
      <object_component id="oc-179">
         <name>.text.DL_I2C_setClockConfig</name>
         <load_address>0x5c5c</load_address>
         <readonly>true</readonly>
         <executable>true</executable>
         <run_address>0x5c5c</run_address>
         <size>0x26</size>
         <alignment>0x2</alignment>
         <input_file_ref idref="fl-18"/>
      </object_component>
      <object_component id="oc-1c3">
         <name>.text.__muldi3</name>
         <load_address>0x5c84</load_address>
         <readonly>true</readonly>
         <executable>true</executable>
         <run_address>0x5c84</run_address>
         <size>0x24</size>
         <alignment>0x4</alignment>
         <input_file_ref idref="fl-10c"/>
      </object_component>
      <object_component id="oc-1af">
         <name>.text.memccpy</name>
         <load_address>0x5ca8</load_address>
         <readonly>true</readonly>
         <executable>true</executable>
         <run_address>0x5ca8</run_address>
         <size>0x22</size>
         <alignment>0x2</alignment>
         <input_file_ref idref="fl-43"/>
      </object_component>
      <object_component id="oc-210">
         <name>.text.__ashldi3</name>
         <load_address>0x5ccc</load_address>
         <readonly>true</readonly>
         <executable>true</executable>
         <run_address>0x5ccc</run_address>
         <size>0x1e</size>
         <alignment>0x4</alignment>
         <input_file_ref idref="fl-117"/>
      </object_component>
      <object_component id="oc-19d">
         <name>.text.DL_SYSCTL_configFCC</name>
         <load_address>0x5cec</load_address>
         <readonly>true</readonly>
         <executable>true</executable>
         <run_address>0x5cec</run_address>
         <size>0x1c</size>
         <alignment>0x4</alignment>
         <input_file_ref idref="fl-1a"/>
      </object_component>
      <object_component id="oc-173">
         <name>.text.DL_Timer_setCaptCompUpdateMethod</name>
         <load_address>0x5d08</load_address>
         <readonly>true</readonly>
         <executable>true</executable>
         <run_address>0x5d08</run_address>
         <size>0x1c</size>
         <alignment>0x4</alignment>
         <input_file_ref idref="fl-19"/>
      </object_component>
      <object_component id="oc-170">
         <name>.text.DL_Timer_setClockConfig</name>
         <load_address>0x5d24</load_address>
         <readonly>true</readonly>
         <executable>true</executable>
         <run_address>0x5d24</run_address>
         <size>0x1c</size>
         <alignment>0x4</alignment>
         <input_file_ref idref="fl-19"/>
      </object_component>
      <object_component id="oc-172">
         <name>.text.DL_Timer_setCaptureCompareOutCtl</name>
         <load_address>0x5d40</load_address>
         <readonly>true</readonly>
         <executable>true</executable>
         <run_address>0x5d40</run_address>
         <size>0x18</size>
         <alignment>0x4</alignment>
         <input_file_ref idref="fl-19"/>
      </object_component>
      <object_component id="oc-182">
         <name>.text._outc</name>
         <load_address>0x5d58</load_address>
         <readonly>true</readonly>
         <executable>true</executable>
         <run_address>0x5d58</run_address>
         <size>0x18</size>
         <alignment>0x2</alignment>
         <input_file_ref idref="fl-31"/>
      </object_component>
      <object_component id="oc-1c8">
         <name>.text.__aeabi_uldivmod</name>
         <load_address>0x5d70</load_address>
         <readonly>true</readonly>
         <executable>true</executable>
         <run_address>0x5d70</run_address>
         <size>0x14</size>
         <alignment>0x4</alignment>
         <input_file_ref idref="fl-114"/>
      </object_component>
      <object_component id="oc-1fd">
         <name>.text.strchr</name>
         <load_address>0x5d84</load_address>
         <readonly>true</readonly>
         <executable>true</executable>
         <run_address>0x5d84</run_address>
         <size>0x14</size>
         <alignment>0x2</alignment>
         <input_file_ref idref="fl-3a"/>
      </object_component>
      <object_component id="oc-20">
         <name>.text:decompress:none</name>
         <load_address>0x5d98</load_address>
         <readonly>true</readonly>
         <executable>true</executable>
         <run_address>0x5d98</run_address>
         <size>0x12</size>
         <alignment>0x2</alignment>
         <input_file_ref idref="fl-38"/>
      </object_component>
      <object_component id="oc-8d">
         <name>.text.DL_Timer_setCaptureCompareValue</name>
         <load_address>0x5dac</load_address>
         <readonly>true</readonly>
         <executable>true</executable>
         <run_address>0x5dac</run_address>
         <size>0x10</size>
         <alignment>0x4</alignment>
         <input_file_ref idref="fl-19"/>
      </object_component>
      <object_component id="oc-e2">
         <name>.text.delay_ms</name>
         <load_address>0x5dbc</load_address>
         <readonly>true</readonly>
         <executable>true</executable>
         <run_address>0x5dbc</run_address>
         <size>0x10</size>
         <alignment>0x4</alignment>
         <input_file_ref idref="fl-4"/>
      </object_component>
      <object_component id="oc-1ba">
         <name>.text.wcslen</name>
         <load_address>0x5dcc</load_address>
         <readonly>true</readonly>
         <executable>true</executable>
         <run_address>0x5dcc</run_address>
         <size>0x10</size>
         <alignment>0x2</alignment>
         <input_file_ref idref="fl-47"/>
      </object_component>
      <object_component id="oc-57">
         <name>.text:decompress:ZI</name>
         <load_address>0x5ddc</load_address>
         <readonly>true</readonly>
         <executable>true</executable>
         <run_address>0x5ddc</run_address>
         <size>0x10</size>
         <alignment>0x2</alignment>
         <input_file_ref idref="fl-37"/>
      </object_component>
      <object_component id="oc-1ae">
         <name>.text.__aeabi_memset</name>
         <load_address>0x5dec</load_address>
         <readonly>true</readonly>
         <executable>true</executable>
         <run_address>0x5dec</run_address>
         <size>0xe</size>
         <alignment>0x4</alignment>
         <input_file_ref idref="fl-112"/>
      </object_component>
      <object_component id="oc-1ad">
         <name>.text.strlen</name>
         <load_address>0x5dfa</load_address>
         <readonly>true</readonly>
         <executable>true</executable>
         <run_address>0x5dfa</run_address>
         <size>0xe</size>
         <alignment>0x2</alignment>
         <input_file_ref idref="fl-3a"/>
      </object_component>
      <object_component id="oc-12b">
         <name>.text.DL_Common_delayCycles</name>
         <load_address>0x5e08</load_address>
         <readonly>true</readonly>
         <executable>true</executable>
         <run_address>0x5e08</run_address>
         <size>0xa</size>
         <alignment>0x2</alignment>
         <input_file_ref idref="fl-17"/>
      </object_component>
      <object_component id="oc-1fc">
         <name>.text.OUTLINED_FUNCTION_0</name>
         <load_address>0x5e12</load_address>
         <readonly>true</readonly>
         <executable>true</executable>
         <run_address>0x5e12</run_address>
         <size>0xa</size>
         <alignment>0x2</alignment>
         <input_file_ref idref="fl-3a"/>
      </object_component>
      <object_component id="oc-26b">
         <name>.tramp.__aeabi_dsub.1</name>
         <load_address>0x5e1c</load_address>
         <readonly>true</readonly>
         <executable>true</executable>
         <run_address>0x5e1c</run_address>
         <size>0x10</size>
         <alignment>0x4</alignment>
         <input_file_ref idref="fl-101"/>
      </object_component>
      <object_component id="oc-20e">
         <name>.text.OUTLINED_FUNCTION_1</name>
         <load_address>0x5e2c</load_address>
         <readonly>true</readonly>
         <executable>true</executable>
         <run_address>0x5e2c</run_address>
         <size>0xa</size>
         <alignment>0x2</alignment>
         <input_file_ref idref="fl-3a"/>
      </object_component>
      <object_component id="oc-1be">
         <name>.text.__aeabi_errno_addr</name>
         <load_address>0x5e38</load_address>
         <readonly>true</readonly>
         <executable>true</executable>
         <run_address>0x5e38</run_address>
         <size>0x8</size>
         <alignment>0x4</alignment>
         <input_file_ref idref="fl-3b"/>
      </object_component>
      <object_component id="oc-4a">
         <name>.text.__aeabi_memcpy</name>
         <load_address>0x5e40</load_address>
         <readonly>true</readonly>
         <executable>true</executable>
         <run_address>0x5e40</run_address>
         <size>0x8</size>
         <alignment>0x4</alignment>
         <input_file_ref idref="fl-111"/>
      </object_component>
      <object_component id="oc-fd">
         <name>.text:abort</name>
         <load_address>0x5e48</load_address>
         <readonly>true</readonly>
         <executable>true</executable>
         <run_address>0x5e48</run_address>
         <size>0x6</size>
         <alignment>0x2</alignment>
         <input_file_ref idref="fl-3c"/>
      </object_component>
      <object_component id="oc-155">
         <name>.text.HOSTexit</name>
         <load_address>0x5e4e</load_address>
         <readonly>true</readonly>
         <executable>true</executable>
         <run_address>0x5e4e</run_address>
         <size>0x4</size>
         <alignment>0x2</alignment>
         <input_file_ref idref="fl-f0"/>
      </object_component>
      <object_component id="oc-2f">
         <name>.text.Reset_Handler</name>
         <load_address>0x5e52</load_address>
         <readonly>true</readonly>
         <executable>true</executable>
         <run_address>0x5e52</run_address>
         <size>0x4</size>
         <alignment>0x2</alignment>
         <input_file_ref idref="fl-2"/>
      </object_component>
      <object_component id="oc-ac">
         <name>.text._system_pre_init</name>
         <load_address>0x5e56</load_address>
         <readonly>true</readonly>
         <executable>true</executable>
         <run_address>0x5e56</run_address>
         <size>0x4</size>
         <alignment>0x2</alignment>
         <input_file_ref idref="fl-35"/>
      </object_component>
      <object_component id="oc-267">
         <name>.cinit..data.load</name>
         <load_address>0x65f0</load_address>
         <readonly>true</readonly>
         <run_address>0x65f0</run_address>
         <size>0x1a</size>
         <alignment>0x1</alignment>
      </object_component>
      <object_component id="oc-265">
         <name>__TI_handler_table</name>
         <load_address>0x660c</load_address>
         <readonly>true</readonly>
         <run_address>0x660c</run_address>
         <size>0xc</size>
         <alignment>0x4</alignment>
      </object_component>
      <object_component id="oc-268">
         <name>.cinit..bss.load</name>
         <load_address>0x6618</load_address>
         <readonly>true</readonly>
         <run_address>0x6618</run_address>
         <size>0x8</size>
         <alignment>0x4</alignment>
      </object_component>
      <object_component id="oc-266">
         <name>__TI_cinit_table</name>
         <load_address>0x6620</load_address>
         <readonly>true</readonly>
         <run_address>0x6620</run_address>
         <size>0x10</size>
         <alignment>0x4</alignment>
      </object_component>
      <object_component id="oc-144">
         <name>.rodata.asc2_1608</name>
         <load_address>0x5e60</load_address>
         <readonly>true</readonly>
         <run_address>0x5e60</run_address>
         <size>0x5f0</size>
         <alignment>0x1</alignment>
         <input_file_ref idref="fl-8"/>
      </object_component>
      <object_component id="oc-1d7">
         <name>.rodata:__aeabi_ctype_table_</name>
         <load_address>0x6450</load_address>
         <readonly>true</readonly>
         <run_address>0x6450</run_address>
         <size>0x101</size>
         <alignment>0x10</alignment>
         <input_file_ref idref="fl-4d"/>
      </object_component>
      <object_component id="oc-177">
         <name>.rodata.gMOTOR_PIDClockConfig</name>
         <load_address>0x6551</load_address>
         <readonly>true</readonly>
         <run_address>0x6551</run_address>
         <size>0x3</size>
         <alignment>0x1</alignment>
         <input_file_ref idref="fl-1"/>
      </object_component>
      <object_component id="oc-16f">
         <name>.rodata.gSYSPLLConfig</name>
         <load_address>0x6554</load_address>
         <readonly>true</readonly>
         <run_address>0x6554</run_address>
         <size>0x28</size>
         <alignment>0x4</alignment>
         <input_file_ref idref="fl-1"/>
      </object_component>
      <object_component id="oc-178">
         <name>.rodata.gMOTOR_PIDTimerConfig</name>
         <load_address>0x657c</load_address>
         <readonly>true</readonly>
         <run_address>0x657c</run_address>
         <size>0x14</size>
         <alignment>0x4</alignment>
         <input_file_ref idref="fl-1"/>
      </object_component>
      <object_component id="oc-1c7">
         <name>.rodata.str1.10348868589481759720.1</name>
         <load_address>0x6590</load_address>
         <readonly>true</readonly>
         <run_address>0x6590</run_address>
         <size>0x11</size>
         <alignment>0x1</alignment>
         <input_file_ref idref="fl-3a"/>
      </object_component>
      <object_component id="oc-1b3">
         <name>.rodata.str1.15363888844622738466.1</name>
         <load_address>0x65a1</load_address>
         <readonly>true</readonly>
         <run_address>0x65a1</run_address>
         <size>0x11</size>
         <alignment>0x1</alignment>
         <input_file_ref idref="fl-3a"/>
      </object_component>
      <object_component id="oc-142">
         <name>.rodata.str1.11378841450994995266.1</name>
         <load_address>0x65b2</load_address>
         <readonly>true</readonly>
         <run_address>0x65b2</run_address>
         <size>0xe</size>
         <alignment>0x1</alignment>
         <input_file_ref idref="fl-8"/>
      </object_component>
      <object_component id="oc-143">
         <name>.rodata.str1.525651829783989558.1</name>
         <load_address>0x65c0</load_address>
         <readonly>true</readonly>
         <run_address>0x65c0</run_address>
         <size>0xe</size>
         <alignment>0x1</alignment>
         <input_file_ref idref="fl-8"/>
      </object_component>
      <object_component id="oc-141">
         <name>.rodata.str1.10612175213412870912.1</name>
         <load_address>0x65ce</load_address>
         <readonly>true</readonly>
         <run_address>0x65ce</run_address>
         <size>0xb</size>
         <alignment>0x1</alignment>
         <input_file_ref idref="fl-8"/>
      </object_component>
      <object_component id="oc-174">
         <name>.rodata.gPWMABClockConfig</name>
         <load_address>0x65d9</load_address>
         <readonly>true</readonly>
         <run_address>0x65d9</run_address>
         <size>0x3</size>
         <alignment>0x1</alignment>
         <input_file_ref idref="fl-1"/>
      </object_component>
      <object_component id="oc-175">
         <name>.rodata.gPWMABConfig</name>
         <load_address>0x65dc</load_address>
         <readonly>true</readonly>
         <run_address>0x65dc</run_address>
         <size>0x8</size>
         <alignment>0x4</alignment>
         <input_file_ref idref="fl-1"/>
      </object_component>
      <object_component id="oc-17a">
         <name>.rodata.gOLEDClockConfig</name>
         <load_address>0x65e4</load_address>
         <readonly>true</readonly>
         <run_address>0x65e4</run_address>
         <size>0x2</size>
         <alignment>0x1</alignment>
         <input_file_ref idref="fl-1"/>
      </object_component>
      <object_component id="oc-22d">
         <name>.binit</name>
         <load_address>0x0</load_address>
         <readonly>true</readonly>
         <run_address>0x0</run_address>
         <size>0x0</size>
         <alignment>0x4</alignment>
      </object_component>
      <object_component id="oc-68">
         <name>.data.status</name>
         <load_address>0x20200594</load_address>
         <readwrite>true</readwrite>
         <run_address>0x20200594</run_address>
         <size>0x4</size>
         <alignment>0x4</alignment>
         <input_file_ref idref="fl-3"/>
      </object_component>
      <object_component id="oc-67">
         <name>.data.start_flag</name>
         <load_address>0x20200590</load_address>
         <readwrite>true</readwrite>
         <run_address>0x20200590</run_address>
         <size>0x4</size>
         <alignment>0x4</alignment>
         <input_file_ref idref="fl-3"/>
      </object_component>
      <object_component id="oc-69">
         <name>.data.encoder_motor1</name>
         <load_address>0x20200568</load_address>
         <readwrite>true</readwrite>
         <run_address>0x20200568</run_address>
         <size>0x4</size>
         <alignment>0x4</alignment>
         <input_file_ref idref="fl-3"/>
      </object_component>
      <object_component id="oc-65">
         <name>.data.encoder_motor2</name>
         <load_address>0x2020056c</load_address>
         <readwrite>true</readwrite>
         <run_address>0x2020056c</run_address>
         <size>0x4</size>
         <alignment>0x4</alignment>
         <input_file_ref idref="fl-3"/>
      </object_component>
      <object_component id="oc-95">
         <name>.data.target_speed_1</name>
         <load_address>0x20200598</load_address>
         <readwrite>true</readwrite>
         <run_address>0x20200598</run_address>
         <size>0x4</size>
         <alignment>0x4</alignment>
         <input_file_ref idref="fl-3"/>
      </object_component>
      <object_component id="oc-9b">
         <name>.data.target_speed_2</name>
         <load_address>0x2020059c</load_address>
         <readwrite>true</readwrite>
         <run_address>0x2020059c</run_address>
         <size>0x4</size>
         <alignment>0x4</alignment>
         <input_file_ref idref="fl-3"/>
      </object_component>
      <object_component id="oc-93">
         <name>.data.speed_1</name>
         <load_address>0x20200588</load_address>
         <readwrite>true</readwrite>
         <run_address>0x20200588</run_address>
         <size>0x4</size>
         <alignment>0x4</alignment>
         <input_file_ref idref="fl-7"/>
      </object_component>
      <object_component id="oc-94">
         <name>.data.speed_2</name>
         <load_address>0x2020058c</load_address>
         <readwrite>true</readwrite>
         <run_address>0x2020058c</run_address>
         <size>0x4</size>
         <alignment>0x4</alignment>
         <input_file_ref idref="fl-7"/>
      </object_component>
      <object_component id="oc-97">
         <name>.data.PWM_1_duty</name>
         <load_address>0x202005a0</load_address>
         <readwrite>true</readwrite>
         <run_address>0x202005a0</run_address>
         <size>0x2</size>
         <alignment>0x2</alignment>
         <input_file_ref idref="fl-7"/>
      </object_component>
      <object_component id="oc-9d">
         <name>.data.PWM_2_duty</name>
         <load_address>0x202005a2</load_address>
         <readwrite>true</readwrite>
         <run_address>0x202005a2</run_address>
         <size>0x2</size>
         <alignment>0x2</alignment>
         <input_file_ref idref="fl-7"/>
      </object_component>
      <object_component id="oc-99">
         <name>.data.last_error_1</name>
         <load_address>0x2020057c</load_address>
         <readwrite>true</readwrite>
         <run_address>0x2020057c</run_address>
         <size>0x4</size>
         <alignment>0x4</alignment>
         <input_file_ref idref="fl-7"/>
      </object_component>
      <object_component id="oc-96">
         <name>.data.current_error_1</name>
         <load_address>0x20200560</load_address>
         <readwrite>true</readwrite>
         <run_address>0x20200560</run_address>
         <size>0x4</size>
         <alignment>0x4</alignment>
         <input_file_ref idref="fl-7"/>
      </object_component>
      <object_component id="oc-9f">
         <name>.data.last_error_2</name>
         <load_address>0x20200580</load_address>
         <readwrite>true</readwrite>
         <run_address>0x20200580</run_address>
         <size>0x4</size>
         <alignment>0x4</alignment>
         <input_file_ref idref="fl-7"/>
      </object_component>
      <object_component id="oc-9c">
         <name>.data.current_error_2</name>
         <load_address>0x20200564</load_address>
         <readwrite>true</readwrite>
         <run_address>0x20200564</run_address>
         <size>0x4</size>
         <alignment>0x4</alignment>
         <input_file_ref idref="fl-7"/>
      </object_component>
      <object_component id="oc-98">
         <name>.data.Kp1</name>
         <load_address>0x20200550</load_address>
         <readwrite>true</readwrite>
         <run_address>0x20200550</run_address>
         <size>0x4</size>
         <alignment>0x4</alignment>
         <input_file_ref idref="fl-7"/>
      </object_component>
      <object_component id="oc-9a">
         <name>.data.Ki1</name>
         <load_address>0x20200544</load_address>
         <readwrite>true</readwrite>
         <run_address>0x20200544</run_address>
         <size>0x4</size>
         <alignment>0x4</alignment>
         <input_file_ref idref="fl-7"/>
      </object_component>
      <object_component id="oc-9e">
         <name>.data.Kp2</name>
         <load_address>0x20200554</load_address>
         <readwrite>true</readwrite>
         <run_address>0x20200554</run_address>
         <size>0x4</size>
         <alignment>0x4</alignment>
         <input_file_ref idref="fl-7"/>
      </object_component>
      <object_component id="oc-a0">
         <name>.data.Ki2</name>
         <load_address>0x20200548</load_address>
         <readwrite>true</readwrite>
         <run_address>0x20200548</run_address>
         <size>0x4</size>
         <alignment>0x4</alignment>
         <input_file_ref idref="fl-7"/>
      </object_component>
      <object_component id="oc-14c">
         <name>.data.tracker_value</name>
         <load_address>0x2020053c</load_address>
         <readwrite>true</readwrite>
         <run_address>0x2020053c</run_address>
         <size>0x7</size>
         <alignment>0x1</alignment>
         <input_file_ref idref="fl-9"/>
      </object_component>
      <object_component id="oc-14f">
         <name>.data.Kp</name>
         <load_address>0x20200558</load_address>
         <readwrite>true</readwrite>
         <run_address>0x20200558</run_address>
         <size>0x4</size>
         <alignment>0x4</alignment>
         <input_file_ref idref="fl-9"/>
      </object_component>
      <object_component id="oc-150">
         <name>.data.Ki</name>
         <load_address>0x2020054c</load_address>
         <readwrite>true</readwrite>
         <run_address>0x2020054c</run_address>
         <size>0x4</size>
         <alignment>0x4</alignment>
         <input_file_ref idref="fl-9"/>
      </object_component>
      <object_component id="oc-14d">
         <name>.data.error</name>
         <load_address>0x20200570</load_address>
         <readwrite>true</readwrite>
         <run_address>0x20200570</run_address>
         <size>0x4</size>
         <alignment>0x4</alignment>
         <input_file_ref idref="fl-9"/>
      </object_component>
      <object_component id="oc-152">
         <name>.data.last_error</name>
         <load_address>0x20200578</load_address>
         <readwrite>true</readwrite>
         <run_address>0x20200578</run_address>
         <size>0x4</size>
         <alignment>0x4</alignment>
         <input_file_ref idref="fl-9"/>
      </object_component>
      <object_component id="oc-14e">
         <name>.data.integral</name>
         <load_address>0x20200574</load_address>
         <readwrite>true</readwrite>
         <run_address>0x20200574</run_address>
         <size>0x4</size>
         <alignment>0x4</alignment>
         <input_file_ref idref="fl-9"/>
      </object_component>
      <object_component id="oc-151">
         <name>.data.pi_output</name>
         <load_address>0x20200584</load_address>
         <readwrite>true</readwrite>
         <run_address>0x20200584</run_address>
         <size>0x4</size>
         <alignment>0x4</alignment>
         <input_file_ref idref="fl-9"/>
      </object_component>
      <object_component id="oc-1de">
         <name>.data.__aeabi_errno</name>
         <load_address>0x2020055c</load_address>
         <readwrite>true</readwrite>
         <run_address>0x2020055c</run_address>
         <size>0x4</size>
         <alignment>0x4</alignment>
         <input_file_ref idref="fl-3b"/>
      </object_component>
      <object_component id="oc-128">
         <name>.common:gMOTOR_PIDBackup</name>
         <uninitialized>true</uninitialized>
         <readwrite>true</readwrite>
         <run_address>0x20200480</run_address>
         <size>0xbc</size>
         <alignment>0x4</alignment>
      </object_component>
      <object_component id="oc-138">
         <name>.common:OLED_GRAM</name>
         <uninitialized>true</uninitialized>
         <readwrite>true</readwrite>
         <run_address>0x20200000</run_address>
         <size>0x480</size>
         <alignment>0x1</alignment>
      </object_component>
      <object_component id="oc-1a">
         <name>.stack</name>
         <uninitialized>true</uninitialized>
         <readwrite>true</readwrite>
         <run_address>0x20207e00</run_address>
         <size>0x4</size>
         <alignment>0x4</alignment>
         <input_file_ref idref="fl-32"/>
      </object_component>
      <object_component id="oc-26a">
         <name>.stack</name>
         <uninitialized>true</uninitialized>
         <readwrite>true</readwrite>
         <run_address>0x20207e00</run_address>
         <size>0x0</size>
         <alignment>0x8</alignment>
      </object_component>
      <object_component id="oc-124">
         <name>.debug_loc</name>
         <load_address>0x0</load_address>
         <run_address>0x0</run_address>
         <size>0x18c</size>
         <alignment>0x1</alignment>
         <input_file_ref idref="fl-1"/>
      </object_component>
      <object_component id="oc-131">
         <name>.debug_loc</name>
         <load_address>0x18c</load_address>
         <run_address>0x18c</run_address>
         <size>0x33</size>
         <alignment>0x1</alignment>
         <input_file_ref idref="fl-4"/>
      </object_component>
      <object_component id="oc-6c">
         <name>.debug_loc</name>
         <load_address>0x1bf</load_address>
         <run_address>0x1bf</run_address>
         <size>0x28</size>
         <alignment>0x1</alignment>
         <input_file_ref idref="fl-6"/>
      </object_component>
      <object_component id="oc-3e">
         <name>.debug_loc</name>
[...]
         <value>0x20200558</value>
         <object_component_ref idref="oc-14f"/>
      </symbol>
      <symbol id="sm-131">
         <name>Ki</name>
         <value>0x2020054c</value>
         <object_component_ref idref="oc-150"/>
      </symbol>
      <symbol id="sm-132">
         <name>pi_output</name>
         <value>0x20200584</value>
         <object_component_ref idref="oc-151"/>
      </symbol>
      <symbol id="sm-133">
         <name>__TI_ATRegion0_src_addr</name>
         <value>0x0</value>
      </symbol>
      <symbol id="sm-134">
         <name>__TI_ATRegion0_trg_addr</name>
         <value>0x0</value>
      </symbol>
      <symbol id="sm-135">
         <name>__TI_ATRegion0_region_sz</name>
         <value>0x0</value>
      </symbol>
      <symbol id="sm-136">
         <name>__TI_ATRegion1_src_addr</name>
         <value>0x0</value>
      </symbol>
      <symbol id="sm-137">
         <name>__TI_ATRegion1_trg_addr</name>
         <value>0x0</value>
      </symbol>
      <symbol id="sm-138">
         <name>__TI_ATRegion1_region_sz</name>
         <value>0x0</value>
      </symbol>
      <symbol id="sm-139">
         <name>__TI_ATRegion2_src_addr</name>
         <value>0x0</value>
      </symbol>
      <symbol id="sm-13a">
         <name>__TI_ATRegion2_trg_addr</name>
         <value>0x0</value>
      </symbol>
      <symbol id="sm-13b">
         <name>__TI_ATRegion2_region_sz</name>
         <value>0x0</value>
      </symbol>
      <symbol id="sm-144">
         <name>DL_Common_delayCycles</name>
         <value>0x5e09</value>
         <object_component_ref idref="oc-12b"/>
      </symbol>
      <symbol id="sm-150">
         <name>DL_I2C_setClockConfig</name>
         <value>0x5c5d</value>
         <object_component_ref idref="oc-179"/>
      </symbol>
      <symbol id="sm-151">
         <name>DL_I2C_fillControllerTXFIFO</name>
         <value>0x55e9</value>
         <object_component_ref idref="oc-132"/>
      </symbol>
      <symbol id="sm-16d">
         <name>DL_Timer_setClockConfig</name>
         <value>0x5d25</value>
         <object_component_ref idref="oc-170"/>
      </symbol>
      <symbol id="sm-16e">
         <name>DL_Timer_initTimerMode</name>
         <value>0x4561</value>
         <object_component_ref idref="oc-176"/>
      </symbol>
      <symbol id="sm-16f">
         <name>DL_Timer_setCaptureCompareValue</name>
         <value>0x5dad</value>
         <object_component_ref idref="oc-8d"/>
      </symbol>
      <symbol id="sm-170">
         <name>DL_Timer_setCaptCompUpdateMethod</name>
         <value>0x5d09</value>
         <object_component_ref idref="oc-173"/>
      </symbol>
      <symbol id="sm-171">
         <name>DL_Timer_setCaptureCompareOutCtl</name>
         <value>0x5d41</value>
         <object_component_ref idref="oc-172"/>
      </symbol>
      <symbol id="sm-172">
         <name>DL_Timer_initFourCCPWMMode</name>
         <value>0x445d</value>
         <object_component_ref idref="oc-171"/>
      </symbol>
      <symbol id="sm-186">
         <name>DL_SYSCTL_configSYSPLL</name>
         <value>0x492d</value>
         <object_component_ref idref="oc-16c"/>
      </symbol>
      <symbol id="sm-187">
         <name>DL_SYSCTL_switchMCLKfromSYSOSCtoHSCLK</name>
         <value>0x58dd</value>
         <object_component_ref idref="oc-16e"/>
      </symbol>
      <symbol id="sm-188">
         <name>DL_SYSCTL_setHFCLKSourceHFXTParams</name>
         <value>0x539d</value>
         <object_component_ref idref="oc-166"/>
      </symbol>
      <symbol id="sm-189">
         <name>DL_SYSCTL_configFCC</name>
         <value>0x5ced</value>
         <object_component_ref idref="oc-19d"/>
      </symbol>
      <symbol id="sm-19a">
         <name>snprintf</name>
         <value>0x57fd</value>
         <object_component_ref idref="oc-13b"/>
      </symbol>
      <symbol id="sm-1a5">
         <name>_c_int00_noargs</name>
         <value>0x5c35</value>
         <object_component_ref idref="oc-5a"/>
      </symbol>
      <symbol id="sm-1a6">
         <name>__stack</name>
         <value>0x20207e00</value>
         <object_component_ref idref="oc-1a"/>
      </symbol>
      <symbol id="sm-1b2">
         <name>__TI_auto_init_nobinit_nopinit</name>
         <value>0x5a95</value>
         <object_component_ref idref="oc-104"/>
      </symbol>
      <symbol id="sm-1ba">
         <name>_system_pre_init</name>
         <value>0x5e57</value>
         <object_component_ref idref="oc-ac"/>
      </symbol>
      <symbol id="sm-1c5">
         <name>__TI_zero_init</name>
         <value>0x5ddd</value>
         <object_component_ref idref="oc-57"/>
      </symbol>
      <symbol id="sm-1ce">
         <name>__TI_decompress_none</name>
         <value>0x5d99</value>
         <object_component_ref idref="oc-20"/>
      </symbol>
      <symbol id="sm-1d9">
         <name>__TI_decompress_lzss</name>
         <value>0x5085</value>
         <object_component_ref idref="oc-1c"/>
      </symbol>
      <symbol id="sm-222">
         <name>__TI_printfi</name>
         <value>0x2145</value>
         <object_component_ref idref="oc-1a9"/>
      </symbol>
      <symbol id="sm-22d">
         <name>__aeabi_errno_addr</name>
         <value>0x5e39</value>
         <object_component_ref idref="oc-1be"/>
      </symbol>
      <symbol id="sm-22e">
         <name>__aeabi_errno</name>
         <value>0x2020055c</value>
         <object_component_ref idref="oc-1de"/>
      </symbol>
      <symbol id="sm-238">
         <name>abort</name>
         <value>0x5e49</value>
         <object_component_ref idref="oc-fd"/>
      </symbol>
      <symbol id="sm-242">
         <name>__TI_ltoa</name>
         <value>0x56a5</value>
         <object_component_ref idref="oc-1f4"/>
      </symbol>
      <symbol id="sm-24e">
         <name>atoi</name>
         <value>0x59a1</value>
         <object_component_ref idref="oc-1b6"/>
      </symbol>
      <symbol id="sm-258">
         <name>memccpy</name>
         <value>0x5ca9</value>
         <object_component_ref idref="oc-1af"/>
      </symbol>
      <symbol id="sm-263">
         <name>frexp</name>
         <value>0x5649</value>
         <object_component_ref idref="oc-1e8"/>
      </symbol>
      <symbol id="sm-264">
         <name>frexpl</name>
         <value>0x5649</value>
         <object_component_ref idref="oc-1e8"/>
      </symbol>
      <symbol id="sm-26e">
         <name>scalbn</name>
         <value>0x4a09</value>
         <object_component_ref idref="oc-1ec"/>
      </symbol>
      <symbol id="sm-26f">
         <name>ldexp</name>
         <value>0x4a09</value>
         <object_component_ref idref="oc-1ec"/>
      </symbol>
      <symbol id="sm-270">
         <name>scalbnl</name>
         <value>0x4a09</value>
         <object_component_ref idref="oc-1ec"/>
      </symbol>
      <symbol id="sm-271">
         <name>ldexpl</name>
         <value>0x4a09</value>
         <object_component_ref idref="oc-1ec"/>
      </symbol>
      <symbol id="sm-27a">
         <name>wcslen</name>
         <value>0x5dcd</value>
         <object_component_ref idref="oc-1ba"/>
      </symbol>
      <symbol id="sm-280">
         <name>__aeabi_ctype_table_</name>
         <value>0x6450</value>
         <object_component_ref idref="oc-1d7"/>
      </symbol>
      <symbol id="sm-281">
         <name>__aeabi_ctype_table_C</name>
         <value>0x6450</value>
         <object_component_ref idref="oc-1d7"/>
      </symbol>
      <symbol id="sm-28c">
         <name>HOSTexit</name>
         <value>0x5e4f</value>
         <object_component_ref idref="oc-155"/>
      </symbol>
      <symbol id="sm-28d">
         <name>C$$EXIT</name>
         <value>0x5e4e</value>
         <object_component_ref idref="oc-155"/>
      </symbol>
      <symbol id="sm-2a2">
         <name>__aeabi_fadd</name>
         <value>0x4aeb</value>
         <object_component_ref idref="oc-81"/>
      </symbol>
      <symbol id="sm-2a3">
         <name>__addsf3</name>
         <value>0x4aeb</value>
         <object_component_ref idref="oc-81"/>
      </symbol>
      <symbol id="sm-2a4">
         <name>__aeabi_fsub</name>
         <value>0x4ae1</value>
         <object_component_ref idref="oc-81"/>
      </symbol>
      <symbol id="sm-2a5">
         <name>__subsf3</name>
         <value>0x4ae1</value>
         <object_component_ref idref="oc-81"/>
      </symbol>
      <symbol id="sm-2ab">
         <name>__aeabi_dadd</name>
         <value>0x3ceb</value>
         <object_component_ref idref="oc-209"/>
      </symbol>
      <symbol id="sm-2ac">
         <name>__adddf3</name>
         <value>0x3ceb</value>
         <object_component_ref idref="oc-209"/>
      </symbol>
      <symbol id="sm-2ad">
         <name>__aeabi_dsub</name>
         <value>0x3ce1</value>
         <object_component_ref idref="oc-209"/>
      </symbol>
      <symbol id="sm-2ae">
         <name>__subdf3</name>
         <value>0x3ce1</value>
         <object_component_ref idref="oc-209"/>
      </symbol>
      <symbol id="sm-2b7">
         <name>__aeabi_dmul</name>
         <value>0x4849</value>
         <object_component_ref idref="oc-75"/>
      </symbol>
      <symbol id="sm-2b8">
         <name>__muldf3</name>
         <value>0x4849</value>
         <object_component_ref idref="oc-75"/>
      </symbol>
      <symbol id="sm-2be">
         <name>__muldsi3</name>
         <value>0x5b0d</value>
         <object_component_ref idref="oc-c7"/>
      </symbol>
      <symbol id="sm-2c4">
         <name>__aeabi_fmul</name>
         <value>0x4ef9</value>
         <object_component_ref idref="oc-85"/>
      </symbol>
      <symbol id="sm-2c5">
         <name>__mulsf3</name>
         <value>0x4ef9</value>
         <object_component_ref idref="oc-85"/>
      </symbol>
      <symbol id="sm-2cb">
         <name>__aeabi_fdiv</name>
         <value>0x4f85</value>
         <object_component_ref idref="oc-185"/>
      </symbol>
      <symbol id="sm-2cc">
         <name>__divsf3</name>
         <value>0x4f85</value>
         <object_component_ref idref="oc-185"/>
      </symbol>
      <symbol id="sm-2d2">
         <name>__aeabi_ddiv</name>
         <value>0x4351</value>
         <object_component_ref idref="oc-79"/>
      </symbol>
      <symbol id="sm-2d3">
         <name>__divdf3</name>
         <value>0x4351</value>
         <object_component_ref idref="oc-79"/>
      </symbol>
      <symbol id="sm-2d9">
         <name>__aeabi_f2d</name>
         <value>0x5961</value>
         <object_component_ref idref="oc-71"/>
      </symbol>
      <symbol id="sm-2da">
         <name>__extendsfdf2</name>
         <value>0x5961</value>
         <object_component_ref idref="oc-71"/>
      </symbol>
      <symbol id="sm-2e0">
         <name>__aeabi_d2iz</name>
         <value>0x5849</value>
         <object_component_ref idref="oc-1f0"/>
      </symbol>
      <symbol id="sm-2e1">
         <name>__fixdfsi</name>
         <value>0x5849</value>
         <object_component_ref idref="oc-1f0"/>
      </symbol>
      <symbol id="sm-2e7">
         <name>__aeabi_f2iz</name>
         <value>0x5b49</value>
         <object_component_ref idref="oc-89"/>
      </symbol>
      <symbol id="sm-2e8">
         <name>__fixsfsi</name>
         <value>0x5b49</value>
         <object_component_ref idref="oc-89"/>
      </symbol>
      <symbol id="sm-2ee">
         <name>__aeabi_i2d</name>
         <value>0x5be1</value>
         <object_component_ref idref="oc-1f8"/>
      </symbol>
      <symbol id="sm-2ef">
         <name>__floatsidf</name>
         <value>0x5be1</value>
         <object_component_ref idref="oc-1f8"/>
      </symbol>
      <symbol id="sm-2f5">
         <name>__aeabi_i2f</name>
         <value>0x5a1d</value>
         <object_component_ref idref="oc-6d"/>
      </symbol>
      <symbol id="sm-2f6">
         <name>__floatsisf</name>
         <value>0x5a1d</value>
         <object_component_ref idref="oc-6d"/>
      </symbol>
      <symbol id="sm-2fc">
         <name>__aeabi_lmul</name>
         <value>0x5c85</value>
         <object_component_ref idref="oc-1c3"/>
      </symbol>
      <symbol id="sm-2fd">
         <name>__muldi3</name>
         <value>0x5c85</value>
         <object_component_ref idref="oc-1c3"/>
      </symbol>
      <symbol id="sm-304">
         <name>__aeabi_d2f</name>
         <value>0x5181</value>
         <object_component_ref idref="oc-7d"/>
      </symbol>
      <symbol id="sm-305">
         <name>__truncdfsf2</name>
         <value>0x5181</value>
         <object_component_ref idref="oc-7d"/>
      </symbol>
      <symbol id="sm-30b">
         <name>__aeabi_dcmpeq</name>
         <value>0x5401</value>
         <object_component_ref idref="oc-1cd"/>
      </symbol>
      <symbol id="sm-30c">
         <name>__aeabi_dcmplt</name>
         <value>0x5415</value>
         <object_component_ref idref="oc-1cd"/>
      </symbol>
      <symbol id="sm-30d">
         <name>__aeabi_dcmple</name>
         <value>0x5429</value>
         <object_component_ref idref="oc-1cd"/>
      </symbol>
      <symbol id="sm-30e">
         <name>__aeabi_dcmpge</name>
         <value>0x543d</value>
         <object_component_ref idref="oc-1cd"/>
      </symbol>
      <symbol id="sm-30f">
         <name>__aeabi_dcmpgt</name>
         <value>0x5451</value>
         <object_component_ref idref="oc-1cd"/>
      </symbol>
      <symbol id="sm-315">
         <name>__aeabi_fcmpeq</name>
         <value>0x5465</value>
         <object_component_ref idref="oc-148"/>
      </symbol>
      <symbol id="sm-316">
         <name>__aeabi_fcmplt</name>
         <value>0x5479</value>
         <object_component_ref idref="oc-148"/>
      </symbol>
      <symbol id="sm-317">
         <name>__aeabi_fcmple</name>
         <value>0x548d</value>
         <object_component_ref idref="oc-148"/>
      </symbol>
      <symbol id="sm-318">
         <name>__aeabi_fcmpge</name>
         <value>0x54a1</value>
         <object_component_ref idref="oc-148"/>
      </symbol>
      <symbol id="sm-319">
         <name>__aeabi_fcmpgt</name>
         <value>0x54b5</value>
         <object_component_ref idref="oc-148"/>
      </symbol>
      <symbol id="sm-31f">
         <name>__aeabi_idiv</name>
         <value>0x5755</value>
         <object_component_ref idref="oc-61"/>
      </symbol>
      <symbol id="sm-320">
         <name>__aeabi_idivmod</name>
         <value>0x5755</value>
         <object_component_ref idref="oc-61"/>
      </symbol>
      <symbol id="sm-326">
         <name>__aeabi_memcpy</name>
         <value>0x5e41</value>
         <object_component_ref idref="oc-4a"/>
      </symbol>
      <symbol id="sm-327">
         <name>__aeabi_memcpy4</name>
         <value>0x5e41</value>
         <object_component_ref idref="oc-4a"/>
      </symbol>
      <symbol id="sm-328">
         <name>__aeabi_memcpy8</name>
         <value>0x5e41</value>
         <object_component_ref idref="oc-4a"/>
      </symbol>
      <symbol id="sm-331">
         <name>__aeabi_memset</name>
         <value>0x5ded</value>
         <object_component_ref idref="oc-1ae"/>
      </symbol>
      <symbol id="sm-332">
         <name>__aeabi_memset4</name>
         <value>0x5ded</value>
         <object_component_ref idref="oc-1ae"/>
      </symbol>
      <symbol id="sm-333">
         <name>__aeabi_memset8</name>
         <value>0x5ded</value>
         <object_component_ref idref="oc-1ae"/>
      </symbol>
      <symbol id="sm-334">
         <name>__aeabi_memclr</name>
         <value>0x5175</value>
         <object_component_ref idref="oc-a7"/>
      </symbol>
      <symbol id="sm-335">
         <name>__aeabi_memclr4</name>
         <value>0x5175</value>
         <object_component_ref idref="oc-a7"/>
      </symbol>
      <symbol id="sm-336">
         <name>__aeabi_memclr8</name>
         <value>0x5175</value>
         <object_component_ref idref="oc-a7"/>
      </symbol>
      <symbol id="sm-33c">
         <name>__aeabi_uidiv</name>
         <value>0x5921</value>
         <object_component_ref idref="oc-19e"/>
      </symbol>
      <symbol id="sm-33d">
         <name>__aeabi_uidivmod</name>
         <value>0x5921</value>
         <object_component_ref idref="oc-19e"/>
      </symbol>
      <symbol id="sm-343">
         <name>__aeabi_uldivmod</name>
         <value>0x5d71</value>
         <object_component_ref idref="oc-1c8"/>
      </symbol>
      <symbol id="sm-34c">
         <name>__eqsf2</name>
         <value>0x5ad1</value>
         <object_component_ref idref="oc-189"/>
      </symbol>
      <symbol id="sm-34d">
         <name>__lesf2</name>
         <value>0x5ad1</value>
         <object_component_ref idref="oc-189"/>
      </symbol>
      <symbol id="sm-34e">
         <name>__ltsf2</name>
         <value>0x5ad1</value>
         <object_component_ref idref="oc-189"/>
      </symbol>
      <symbol id="sm-34f">
         <name>__nesf2</name>
         <value>0x5ad1</value>
         <object_component_ref idref="oc-189"/>
      </symbol>
      <symbol id="sm-350">
         <name>__cmpsf2</name>
         <value>0x5ad1</value>
         <object_component_ref idref="oc-189"/>
      </symbol>
      <symbol id="sm-351">
         <name>__gtsf2</name>
         <value>0x5a59</value>
         <object_component_ref idref="oc-18e"/>
      </symbol>
      <symbol id="sm-352">
         <name>__gesf2</name>
         <value>0x5a59</value>
         <object_component_ref idref="oc-18e"/>
      </symbol>
      <symbol id="sm-358">
         <name>__udivmoddi4</name>
         <value>0x4d31</value>
         <object_component_ref idref="oc-1e3"/>
      </symbol>
      <symbol id="sm-35e">
         <name>__aeabi_llsl</name>
         <value>0x5ccd</value>
         <object_component_ref idref="oc-210"/>
      </symbol>
      <symbol id="sm-35f">
         <name>__ashldi3</name>
         <value>0x5ccd</value>
         <object_component_ref idref="oc-210"/>
      </symbol>
      <symbol id="sm-36d">
         <name>__ledf2</name>
         <value>0x5265</value>
         <object_component_ref idref="oc-201"/>
      </symbol>
      <symbol id="sm-36e">
         <name>__gedf2</name>
         <value>0x5101</value>
         <object_component_ref idref="oc-207"/>
      </symbol>
      <symbol id="sm-36f">
         <name>__cmpdf2</name>
         <value>0x5265</value>
         <object_component_ref idref="oc-201"/>
      </symbol>
      <symbol id="sm-370">
         <name>__eqdf2</name>
         <value>0x5265</value>
         <object_component_ref idref="oc-201"/>
      </symbol>
      <symbol id="sm-371">
         <name>__ltdf2</name>
         <value>0x5265</value>
         <object_component_ref idref="oc-201"/>
      </symbol>
      <symbol id="sm-372">
         <name>__nedf2</name>
         <value>0x5265</value>
         <object_component_ref idref="oc-201"/>
      </symbol>
      <symbol id="sm-373">
         <name>__gtdf2</name>
         <value>0x5101</value>
         <object_component_ref idref="oc-207"/>
      </symbol>
      <symbol id="sm-37f">
         <name>__aeabi_idiv0</name>
         <value>0x5007</value>
         <object_component_ref idref="oc-bd"/>
      </symbol>
      <symbol id="sm-380">
         <name>__aeabi_ldiv0</name>
         <value>0x539b</value>
         <object_component_ref idref="oc-20f"/>
      </symbol>
      <symbol id="sm-39a">
         <name>memcpy</name>
         <value>0x4dd3</value>
         <object_component_ref idref="oc-d8"/>
      </symbol>
      <symbol id="sm-3a9">
         <name>memset</name>
         <value>0x54c7</value>
         <object_component_ref idref="oc-120"/>
      </symbol>
      <symbol id="sm-3aa">
         <name>__TI_static_base__</name>
         <value>0x0</value>
      </symbol>
      <symbol id="sm-3ae">
         <name>__mpu_init</name>
         <value>0x0</value>
      </symbol>
      <symbol id="sm-3af">
         <name>_system_post_cinit</name>
         <value>0x0</value>
      </symbol>
   </symbol_table>
   <title>Link successful</title>
</link_info>
